 VirtioScsiDxe

 Timestamp is 62c3c25e (Tue Jul  5 12:47:26 2022)

 Preferred load address is 0000000000000000

 Start         Length     Name                   Class
 0001:00000000 000001b8H .text                   CODE
 0001:000001b8 00002e26H .text$mn                CODE
 0002:00000000 00000ed0H .rdata                  DATA
 0002:00000ed0 000000a8H .rdata$voltmd           DATA
 0002:00000f78 0000013cH .rdata$zzzdbg           DATA
 0003:00000000 000000e0H .data                   DATA
 0003:000000e0 0000002aH .bss                    DATA
 0004:00000000 00000180H .pdata                  DATA
 0005:00000000 0000016cH .xdata                  DATA

  Address         Publics by Value              Rva+Base               Lib:Object

 0000:00000000       __x64_code_ranges_to_entry_points_count 0000000000000000     <absolute>
 0000:00000000       __x64_code_ranges_to_entry_points 0000000000000000     <absolute>
 0000:00000000       __arm64x_redirection_metadata 0000000000000000     <absolute>
 0000:00000000       __guard_fids_count         0000000000000000     <absolute>
 0000:00000000       __guard_iat_table          0000000000000000     <absolute>
 0000:00000000       __arm64x_extra_rfe_table   0000000000000000     <absolute>
 0000:00000000       __hybrid_code_map_count    0000000000000000     <absolute>
 0000:00000000       __guard_iat_count          0000000000000000     <absolute>
 0000:00000000       __guard_longjmp_count      0000000000000000     <absolute>
 0000:00000000       __dynamic_value_reloc_table 0000000000000000     <absolute>
 0000:00000000       __hybrid_code_map          0000000000000000     <absolute>
 0000:00000000       __guard_longjmp_table      0000000000000000     <absolute>
 0000:00000000       __hybrid_auxiliary_iat     0000000000000000     <absolute>
 0000:00000000       __arm64x_extra_rfe_table_size 0000000000000000     <absolute>
 0000:00000000       __arm64x_native_entrypoint 0000000000000000     <absolute>
 0000:00000000       __hybrid_auxiliary_iat_copy 0000000000000000     <absolute>
 0000:00000000       __AbsoluteZero             0000000000000000     <absolute>
 0000:00000000       __guard_eh_cont_table      0000000000000000     <absolute>
 0000:00000000       __guard_check_icall_a64n_fptr 0000000000000000     <absolute>
 0000:00000000       __guard_flags              0000000000000000     <absolute>
 0000:00000000       __guard_fids_table         0000000000000000     <absolute>
 0000:00000000       __enclave_config           0000000000000000     <absolute>
 0000:00000000       __guard_eh_cont_count      0000000000000000     <absolute>
 0000:00000000       __arm64x_redirection_metadata_count 0000000000000000     <absolute>
 0001:00000000       InternalMemCopyMem         00000000000002c0     BaseMemoryLibRepStr:CopyMem.obj
 0001:00000040       InternalMemZeroMem         0000000000000300     BaseMemoryLibRepStr:ZeroMem.obj
 0001:00000060       InternalMemSetMem          0000000000000320     BaseMemoryLibRepStr:SetMem.obj
 0001:00000080       InternalMemSetMem64        0000000000000340     BaseMemoryLibRepStr:SetMem64.obj
 0001:000000a0       InternalMemSetMem32        0000000000000360     BaseMemoryLibRepStr:SetMem32.obj
 0001:000000c0       CpuPause                   0000000000000380     BaseLib:CpuPause.obj
 0001:000000d0       TdVmCall                   0000000000000390     BaseLib:TdVmcall.obj
 0001:00000160       TdCall                     0000000000000420     BaseLib:TdCall.obj
 0001:000001b8       _ModuleEntryPoint          0000000000000478 f   UefiDriverEntryPoint:DriverEntryPoint.obj
 0001:00000264       ProcessLibraryConstructorList 0000000000000524 f   VirtioScsiDxe:AutoGen.obj
 0001:000004cc       VirtioScsiPassThru         000000000000078c f   VirtioScsiDxe:VirtioScsi.obj
 0001:00000c1c       VirtioScsiGetNextTargetLun 0000000000000edc f   VirtioScsiDxe:VirtioScsi.obj
 0001:00000d20       VirtioScsiBuildDevicePath  0000000000000fe0 f   VirtioScsiDxe:VirtioScsi.obj
 0001:00000df8       VirtioScsiGetTargetLun     00000000000010b8 f   VirtioScsiDxe:VirtioScsi.obj
 0001:00000ef0       VirtioScsiResetChannel     00000000000011b0 f   VirtioScsiDxe:VirtioScsi.obj
 0001:00000ef0       VirtioScsiGetDeviceName    00000000000011b0 f   VirtioScsiDxe:VirtioScsi.obj
 0001:00000ef0       VirtioScsiResetTargetLun   00000000000011b0 f   VirtioScsiDxe:VirtioScsi.obj
 0001:00000efc       VirtioScsiGetNextTarget    00000000000011bc f   VirtioScsiDxe:VirtioScsi.obj
 0001:00001540       VirtioScsiDriverBindingSupported 0000000000001800 f   VirtioScsiDxe:VirtioScsi.obj
 0001:000015d4       VirtioScsiDriverBindingStart 0000000000001894 f   VirtioScsiDxe:VirtioScsi.obj
 0001:0000172c       VirtioScsiDriverBindingStop 00000000000019ec f   VirtioScsiDxe:VirtioScsi.obj
 0001:00001818       VirtioScsiGetDriverName    0000000000001ad8 f   VirtioScsiDxe:VirtioScsi.obj
 0001:00001918       CopyMem                    0000000000001bd8 f   BaseMemoryLibRepStr:CopyMemWrapper.obj
 0001:000019b4       ZeroMem                    0000000000001c74 f   BaseMemoryLibRepStr:ZeroMemWrapper.obj
 0001:00001a24       SetMem                     0000000000001ce4 f   BaseMemoryLibRepStr:SetMemWrapper.obj
 0001:00001a7c       DebugPrint                 0000000000001d3c f   BaseDebugLibSerialPort:DebugLib.obj
 0001:00001aa0       DebugPrintMarker           0000000000001d60 f   BaseDebugLibSerialPort:DebugLib.obj
 0001:00001b50       DebugAssert                0000000000001e10 f   BaseDebugLibSerialPort:DebugLib.obj
 0001:00001bc8       InternalAllocatePool       0000000000001e88 f   UefiMemoryAllocationLib:MemoryAllocationLib.obj
 0001:00001bf8       FreePool                   0000000000001eb8 f   UefiMemoryAllocationLib:MemoryAllocationLib.obj
 0001:00001c3c       IsLanguageSupported        0000000000001efc f   UefiLib:UefiLib.obj
 0001:00001cc4       VirtioRingInit             0000000000001f84 f   VirtioLib:VirtioLib.obj
 0001:00001dd4       VirtioMapAllBytesInSharedBuffer 0000000000002094 f   VirtioLib:VirtioLib.obj
 0001:00001e54       AsciiStrLen                0000000000002114 f   BaseLib:String.obj
 0001:00001ec0       AsciiStrnCmp               0000000000002180 f   BaseLib:String.obj
 0001:00001f8c       StrnLenS                   000000000000224c f   BaseLib:SafeString.obj
 0001:00001fe4       AsciiSPrint                00000000000022a4 f   BasePrintLib:PrintLib.obj
 0001:00002010       BasePrintLibFillBuffer     00000000000022d0 f   BasePrintLib:PrintLibInternal.obj
 0001:00002044       BasePrintLibValueToString  0000000000002304 f   BasePrintLib:PrintLibInternal.obj
 0001:000020b0       BasePrintLibSPrintMarker   0000000000002370 f   BasePrintLib:PrintLibInternal.obj
 0001:00002fbc       BasePrintLibSPrint         000000000000327c f   BasePrintLib:PrintLibInternal.obj
 0002:00000000       ??_C@_0CB@DMEJJJHA@?6ASSERT_EFI_ERROR?5?$CIStatus?5?$DN?5?$CFr?$CJ@ 00000000000032a0     UefiDriverEntryPoint:DriverEntryPoint.obj
 0002:00000028       ??_C@_0CH@BBNBJKHK@?$CB?$CI?$CI?$CIINTN?$CJ?$CIRETURN_STATUS?$CJ?$CIStatus@ 00000000000032c8     UefiDriverEntryPoint:DriverEntryPoint.obj
 0002:00000050       ??_C@_0O@HODECIBO@VirtioScsiDxe@ 00000000000032f0     VirtioScsiDxe:AutoGen.obj
 0002:00000060       ??_C@_0FP@KNHIPNLJ@d?3?2myedk2?2edk2?2Build?2OvmfX64?2DE@ 0000000000003300     VirtioScsiDxe:AutoGen.obj
 0002:000000c0       ??_C@_0BF@NDBIKIKC@CR?5has?5Bad?5Signature@ 0000000000003360     VirtioScsiDxe:VirtioScsi.obj
 0002:000000d8       ??_C@_0DC@INJMKEHP@d?3?2myedk2?2edk2?2OvmfPkg?2VirtioSc@ 0000000000003378     VirtioScsiDxe:VirtioScsi.obj
 0002:00000110       ??_C@_0BJ@MBMFHFPN@Dev?9?$DORing?4QueueSize?5?$DO?$DN?54@ 00000000000033b0     VirtioScsiDxe:VirtioScsi.obj
 0002:00000130       ??_C@_0BD@CBEOFKHF@VirtioScsiExitBoot@ 00000000000033d0     VirtioScsiDxe:VirtioScsi.obj
 0002:00000148       ??_C@_0BC@KKIHHBCL@?$CFa?3?5Context?$DN0x?$CFp?6@ 00000000000033e8     VirtioScsiDxe:VirtioScsi.obj
 0002:0000015c       ??_C@_06DALJLGPG@eng?$DLen@ 00000000000033fc     VirtioScsiDxe:VirtioScsi.obj
 0002:00000168       ??_C@_1DA@KDNFBOHA@?$AAV?$AAi?$AAr?$AAt?$AAi?$AAo?$AA?5?$AAS?$AAC?$AAS?$AAI?$AA?5?$AAH?$AAo?$AAs@ 0000000000003408     VirtioScsiDxe:VirtioScsi.obj
 0002:00000198       ??_C@_03LKLGDMJI@eng@      0000000000003438     VirtioScsiDxe:VirtioScsi.obj
 0002:0000019c       ??_C@_02LFNMGJAP@en@       000000000000343c     VirtioScsiDxe:VirtioScsi.obj
 0002:000001a0       ??_C@_0ED@MKGCMJG@?$CILength?5?9?51?$CJ?5?$DM?$DN?5?$CI0xFFFFFFFFFFFF@ 0000000000003440     BaseMemoryLibRepStr:CopyMemWrapper.obj
 0002:000001f0       ??_C@_0ED@JAIIHABO@d?3?2myedk2?2edk2?2MdePkg?2Library?2B@ 0000000000003490     BaseMemoryLibRepStr:CopyMemWrapper.obj
 0002:00000238       ??_C@_0DO@MAOBOFEG@?$CILength?5?9?51?$CJ?5?$DM?$DN?5?$CI0xFFFFFFFFFFFF@ 00000000000034d8     BaseMemoryLibRepStr:CopyMemWrapper.obj
 0002:00000278       ??_C@_0BH@IACGKAP@Buffer?5?$CB?$DN?5?$CI?$CIvoid?5?$CK?$CJ?50?$CJ@ 0000000000003518     BaseMemoryLibRepStr:ZeroMemWrapper.obj
 0002:00000290       ??_C@_0ED@CECKBBNJ@d?3?2myedk2?2edk2?2MdePkg?2Library?2B@ 0000000000003530     BaseMemoryLibRepStr:ZeroMemWrapper.obj
 0002:000002d8       ??_C@_0DG@EEENIGGL@Length?5?$DM?$DN?5?$CI0xFFFFFFFFFFFFFFFFUL@ 0000000000003578     BaseMemoryLibRepStr:ZeroMemWrapper.obj
 0002:00000310       ??_C@_0DI@DAGDPLPG@?$CILength?5?9?51?$CJ?5?$DM?$DN?5?$CI0xFFFFFFFFFFFF@ 00000000000035b0     BaseMemoryLibRepStr:SetMemWrapper.obj
 0002:00000350       ??_C@_0EC@NJPJFNGD@d?3?2myedk2?2edk2?2MdePkg?2Library?2B@ 00000000000035f0     BaseMemoryLibRepStr:SetMemWrapper.obj
 0002:00000398       ??_C@_0BH@LKMBFCBF@Format?5?$CB?$DN?5?$CI?$CIvoid?5?$CK?$CJ?50?$CJ@ 0000000000003638     BaseDebugLibSerialPort:DebugLib.obj
 0002:000003b0       ??_C@_0EA@MCEJFCHO@d?3?2myedk2?2edk2?2MdePkg?2Library?2B@ 0000000000003650     BaseDebugLibSerialPort:DebugLib.obj
 0002:000003f0       ??_C@_0BI@NOCKJDBJ@ASSERT?5?$FL?$CFa?$FN?5?$CFa?$CI?$CFd?$CJ?3?5?$CFa?6@ 0000000000003690     BaseDebugLibSerialPort:DebugLib.obj
 0002:00000408       ??_C@_0BN@COECPDCC@gImageHandle?5?$CB?$DN?5?$CI?$CIvoid?5?$CK?$CJ?50?$CJ@ 00000000000036a8     UefiBootServicesTableLib:UefiBootServicesTableLib.obj
 0002:00000430       ??_C@_0FC@HJEJKBBP@d?3?2myedk2?2edk2?2MdePkg?2Library?2U@ 00000000000036d0     UefiBootServicesTableLib:UefiBootServicesTableLib.obj
 0002:00000488       ??_C@_0BE@DGNHAHIL@gST?5?$CB?$DN?5?$CI?$CIvoid?5?$CK?$CJ?50?$CJ@ 0000000000003728     UefiBootServicesTableLib:UefiBootServicesTableLib.obj
 0002:000004a0       ??_C@_0BE@BDFJLGLN@gBS?5?$CB?$DN?5?$CI?$CIvoid?5?$CK?$CJ?50?$CJ@ 0000000000003740     UefiBootServicesTableLib:UefiBootServicesTableLib.obj
 0002:000004c0       ??_C@_0EM@BLKCBDHP@d?3?2myedk2?2edk2?2MdePkg?2Library?2U@ 0000000000003760     UefiMemoryAllocationLib:MemoryAllocationLib.obj
 0002:00000510       ??_C@_0BE@OBDFIHND@gRT?5?$CB?$DN?5?$CI?$CIvoid?5?$CK?$CJ?50?$CJ@ 00000000000037b0     UefiRuntimeServicesTableLib:UefiRuntimeServicesTableLib.obj
 0002:00000530       ??_C@_0FI@ELFALICJ@d?3?2myedk2?2edk2?2MdePkg?2Library?2U@ 00000000000037d0     UefiRuntimeServicesTableLib:UefiRuntimeServicesTableLib.obj
 0002:00000590       ??_C@_0FG@PKIHNGDJ@d?3?2myedk2?2edk2?2MdePkg?2Library?2U@ 0000000000003830     UefiDevicePathLibDevicePathProtocol:UefiDevicePathLib.obj
 0002:000005e8       ??_C@_0DC@CNNBPJA@mDevicePathLibDevicePathUtiliti@ 0000000000003888     UefiDevicePathLibDevicePathProtocol:UefiDevicePathLib.obj
 0002:00000620       ??_C@_0DI@BANHGNLM@d?3?2myedk2?2edk2?2MdePkg?2Library?2U@ 00000000000038c0     UefiLib:UefiDriverModel.obj
 0002:00000658       ??_C@_0BH@MAAHKCPC@String?5?$CB?$DN?5?$CI?$CIvoid?5?$CK?$CJ?50?$CJ@ 00000000000038f8     BaseLib:String.obj
 0002:00000670       ??_C@_0CP@DJBLNMJI@d?3?2myedk2?2edk2?2MdePkg?2Library?2B@ 0000000000003910     BaseLib:String.obj
 0002:000006a0       ??_C@_0CC@GFNLNIOC@?$CI?$CIUINTN?$CJString?5?$CG?50x00000001?$CJ?5?$DN?$DN@ 0000000000003940     BaseLib:String.obj
 0002:000006c8       ??_C@_0DI@MDIKFADO@Length?5?$DM?5_gPcd_FixedAtBuild_Pcd@ 0000000000003968     BaseLib:String.obj
 0002:00000700       ??_C@_0BL@IKFBNFIL@AsciiStrSize?5?$CIFirstString?$CJ@ 00000000000039a0     BaseLib:String.obj
 0002:00000720       ??_C@_0BM@EDNOKLLE@AsciiStrSize?5?$CISecondString?$CJ@ 00000000000039c0     BaseLib:String.obj
 0002:00000740       ??_C@_0DJ@JJHGIFMP@Length?5?$DM?$DN?5_gPcd_FixedAtBuild_Pc@ 00000000000039e0     BaseLib:String.obj
 0002:00000780       ??_C@_0DC@DDBICJIK@d?3?2myedk2?2edk2?2MdePkg?2Library?2B@ 0000000000003a20     BaseLib:Unaligned.obj
 0002:000007b8       ??_C@_0DD@OKIGPFG@d?3?2myedk2?2edk2?2MdePkg?2Library?2B@ 0000000000003a58     BaseLib:SafeString.obj
 0002:000007f0       ??_C@_0BJ@CNKJJNE@?$CIBuffer?5?$CB?$DN?5?$CI?$CIvoid?5?$CK?$CJ?50?$CJ?$CJ@ 0000000000003a90     BaseLib:SafeString.obj
 0002:00000810       ??_C@_0N@KGHEHMDL@Divisor?5?$CB?$DN?50@ 0000000000003ab0     BaseLib:DivU64x32.obj
 0002:00000820       ??_C@_0DO@DLJLNPNA@d?3?2myedk2?2edk2?2MdePkg?2Library?2B@ 0000000000003ac0     BasePrintLib:PrintLibInternal.obj
 0002:00000860       ??_C@_0EB@HDGIDCIO@?$CIBufferSize?5?$DM?$DN?5?$CI_gPcd_FixedAtBu@ 0000000000003b00     BasePrintLib:PrintLibInternal.obj
 0002:000008a8       ??_C@_0BJ@PPAKKDJG@?$CIFormat?5?$CB?$DN?5?$CI?$CIvoid?5?$CK?$CJ?50?$CJ?$CJ@ 0000000000003b48     BasePrintLib:PrintLibInternal.obj
 0002:000008d0       ??_C@_0ED@LPDDCECB@?$CIBufferSize?5?$DM?$DN?5?$CI_gPcd_FixedAtBu@ 0000000000003b70     BasePrintLib:PrintLibInternal.obj
 0002:00000920       ??_C@_0IM@BFJJFLGB@?$CIStrnLenS?5?$CI?$CICHAR16?5?$CK?$CJFormat?0?5?$CI_@ 0000000000003bc0     BasePrintLib:PrintLibInternal.obj
 0002:000009b0       ??_C@_0ID@PLGJGION@?$CIAsciiStrnLenS?5?$CIFormat?0?5?$CI_gPcd_@ 0000000000003c50     BasePrintLib:PrintLibInternal.obj
 0002:00000a38       ??_C@_0O@MLOLIMFM@?$DMnull?5string?$DO@ 0000000000003cd8     BasePrintLib:PrintLibInternal.obj
 0002:00000a48       ??_C@_0M@BJJDNPHK@?$DMnull?5guid?$DO@ 0000000000003ce8     BasePrintLib:PrintLibInternal.obj
 0002:00000a58       ??_C@_0DB@PMLHLBMO@?$CF08x?9?$CF04x?9?$CF04x?9?$CF02x?$CF02x?9?$CF02x?$CF02@ 0000000000003cf8     BasePrintLib:PrintLibInternal.obj
 0002:00000a90       ??_C@_0M@LHGBCIKM@?$DMnull?5time?$DO@ 0000000000003d30     BasePrintLib:PrintLibInternal.obj
 0002:00000aa0       ??_C@_0BK@FCPKCIDD@?$CF02d?1?$CF02d?1?$CF04d?5?5?$CF02d?3?$CF02d@ 0000000000003d40     BasePrintLib:PrintLibInternal.obj
 0002:00000abc       ??_C@_04JIMNDDED@?$CF08X@  0000000000003d5c     BasePrintLib:PrintLibInternal.obj
 0002:00000ac4       ??_C@_02PCIJFNDE@?$AN?6@   0000000000003d64     BasePrintLib:PrintLibInternal.obj
 0002:00000ac8       ??_C@_01LIIJDEN@?$AN@      0000000000003d68     BasePrintLib:PrintLibInternal.obj
 0002:00000ad0       mWarningString             0000000000003d70     BasePrintLib:PrintLibInternal.obj
 0002:00000b70       mErrorString               0000000000003e10     BasePrintLib:PrintLibInternal.obj
 0002:00000e30       mHexStr                    00000000000040d0     BasePrintLib:PrintLibInternal.obj
 0002:00000e40       ??_C@_0DL@JEBMKBEC@d?3?2myedk2?2edk2?2MdePkg?2Library?2B@ 00000000000040e0     BaseLib:DivU64x32Remainder.obj
 0002:00000ed0       __volatile_metadata        0000000000004170     <linker-defined>
 0003:00000000       gEfiExtScsiPassThruProtocolGuid 0000000000004360     VirtioScsiDxe:AutoGen.obj
 0003:00000010       gEfiComponentName2ProtocolGuid 0000000000004370     VirtioScsiDxe:AutoGen.obj
 0003:00000020       gEfiDevicePathUtilitiesProtocolGuid 0000000000004380     VirtioScsiDxe:AutoGen.obj
 0003:00000030       gEfiDriverBindingProtocolGuid 0000000000004390     VirtioScsiDxe:AutoGen.obj
 0003:00000040       gVirtioDeviceProtocolGuid  00000000000043a0     VirtioScsiDxe:AutoGen.obj
 0003:00000050       gEfiComponentNameProtocolGuid 00000000000043b0     VirtioScsiDxe:AutoGen.obj
 0003:000000e0       gST                        0000000000004440     UefiBootServicesTableLib:UefiBootServicesTableLib.obj
 0003:000000e8       gBS                        0000000000004448     UefiBootServicesTableLib:UefiBootServicesTableLib.obj
 0003:000000f0       gImageHandle               0000000000004450     UefiBootServicesTableLib:UefiBootServicesTableLib.obj
 0003:000000f8       gRT                        0000000000004458     UefiRuntimeServicesTableLib:UefiRuntimeServicesTableLib.obj
 0003:00000100       mDevicePathLibDevicePathUtilities 0000000000004460     UefiDevicePathLibDevicePathProtocol:UefiDevicePathLib.obj
 0003:00000108       gParity                    0000000000004468     PcAtSerialPortLib:SerialPortLib.obj
 0003:00000109       gBreakSet                  0000000000004469     PcAtSerialPortLib:SerialPortLib.obj

 entry point at        0001:000001b8

 Static symbols

 0001:0000001a       InternalMemCopyMem.0       00000000000002da     BaseMemoryLibRepStr:CopyMem.obj
 0001:0000002a       @CopyBackward              00000000000002ea     BaseMemoryLibRepStr:CopyMem.obj
 0001:00000033       @CopyBytes                 00000000000002f3     BaseMemoryLibRepStr:CopyMem.obj
 0001:0000012e       TdVmCall.no_return_data    00000000000003ee     BaseLib:TdVmcall.obj
 0001:000001ab       TdCall.exit                000000000000046b     BaseLib:TdCall.obj
 0001:000003f8       ParseResponse              00000000000006b8 f   VirtioScsiDxe:VirtioScsi.obj
 0001:00000fc4       VirtioScsiInit             0000000000001284 f   VirtioScsiDxe:VirtioScsi.obj
 0001:00001480       VirtioScsiUninit           0000000000001740 f   VirtioScsiDxe:VirtioScsi.obj
 0001:00001508       VirtioScsiExitBoot         00000000000017c8 f   VirtioScsiDxe:VirtioScsi.obj
 0003:00000060       mDriverNameTable           00000000000043c0     VirtioScsiDxe:VirtioScsi.obj
 0003:00000080       gDriverBinding             00000000000043e0     VirtioScsiDxe:VirtioScsi.obj
 0003:000000b0       gComponentName2            0000000000004410     VirtioScsiDxe:VirtioScsi.obj
 0003:000000c8       gComponentName             0000000000004428     VirtioScsiDxe:VirtioScsi.obj
 0005:00000000       $unwind$_ModuleEntryPoint  0000000000004600     UefiDriverEntryPoint:DriverEntryPoint.obj
 0005:00000008       $unwind$AsciiStrLen        0000000000004608     BaseLib:String.obj
 0005:00000008       $unwind$SetMem             0000000000004608     BaseMemoryLibRepStr:SetMemWrapper.obj
 0005:00000008       $unwind$ZeroMem            0000000000004608     BaseMemoryLibRepStr:ZeroMemWrapper.obj
 0005:00000008       $unwind$ProcessLibraryConstructorList 0000000000004608     VirtioScsiDxe:AutoGen.obj
 0005:00000008       $unwind$VirtioScsiUninit   0000000000004608     VirtioScsiDxe:VirtioScsi.obj
 0005:00000014       $unwind$VirtioScsiPassThru 0000000000004614     VirtioScsiDxe:VirtioScsi.obj
 0005:00000034       $unwind$VirtioScsiGetNextTargetLun 0000000000004634     VirtioScsiDxe:VirtioScsi.obj
 0005:00000048       $unwind$AsciiStrnCmp       0000000000004648     BaseLib:String.obj
 0005:00000048       $unwind$BasePrintLibValueToString 0000000000004648     BasePrintLib:PrintLibInternal.obj
 0005:00000048       $unwind$IsLanguageSupported 0000000000004648     UefiLib:UefiLib.obj
 0005:00000048       $unwind$VirtioScsiBuildDevicePath 0000000000004648     VirtioScsiDxe:VirtioScsi.obj
 0005:00000058       $unwind$VirtioScsiGetTargetLun 0000000000004658     VirtioScsiDxe:VirtioScsi.obj
 0005:0000006c       $unwind$VirtioScsiGetNextTarget 000000000000466c     VirtioScsiDxe:VirtioScsi.obj
 0005:0000007c       $unwind$VirtioScsiInit     000000000000467c     VirtioScsiDxe:VirtioScsi.obj
 0005:00000094       $unwind$StrnLenS           0000000000004694     BaseLib:SafeString.obj
 0005:00000094       $unwind$VirtioScsiExitBoot 0000000000004694     VirtioScsiDxe:VirtioScsi.obj
 0005:0000009c       $unwind$VirtioScsiDriverBindingStop 000000000000469c     VirtioScsiDxe:VirtioScsi.obj
 0005:0000009c       $unwind$VirtioScsiDriverBindingSupported 000000000000469c     VirtioScsiDxe:VirtioScsi.obj
 0005:000000ac       $unwind$VirtioScsiDriverBindingStart 00000000000046ac     VirtioScsiDxe:VirtioScsi.obj
 0005:000000c0       $unwind$VirtioScsiGetDriverName 00000000000046c0     VirtioScsiDxe:VirtioScsi.obj
 0005:000000d8       $unwind$CopyMem            00000000000046d8     BaseMemoryLibRepStr:CopyMemWrapper.obj
 0005:000000ec       $unwind$DebugPrint         00000000000046ec     BaseDebugLibSerialPort:DebugLib.obj
 0005:000000f4       $unwind$DebugPrintMarker   00000000000046f4     BaseDebugLibSerialPort:DebugLib.obj
 0005:00000108       $unwind$DebugAssert        0000000000004708     BaseDebugLibSerialPort:DebugLib.obj
 0005:00000110       $unwind$FreePool           0000000000004710     UefiMemoryAllocationLib:MemoryAllocationLib.obj
 0005:00000110       $unwind$InternalAllocatePool 0000000000004710     UefiMemoryAllocationLib:MemoryAllocationLib.obj
 0005:00000118       $unwind$VirtioRingInit     0000000000004718     VirtioLib:VirtioLib.obj
 0005:00000134       $unwind$VirtioMapAllBytesInSharedBuffer 0000000000004734     VirtioLib:VirtioLib.obj
 0005:00000140       $unwind$AsciiSPrint        0000000000004740     BasePrintLib:PrintLib.obj
 0005:00000148       $unwind$BasePrintLibSPrintMarker 0000000000004748     BasePrintLib:PrintLibInternal.obj
 0005:00000164       $unwind$BasePrintLibSPrint 0000000000004764     BasePrintLib:PrintLibInternal.obj
