 TdxDxe

 Timestamp is 62c3c2d1 (Tue Jul  5 12:49:21 2022)

 Preferred load address is 0000000000000000

 Start         Length     Name                   Class
 0001:00000000 000008c4H .text                   CODE
 0001:000008c4 00006d7eH .text$mn                CODE
 0002:00000000 00002454H .rdata                  DATA
 0002:00002454 00000194H .rdata$voltmd           DATA
 0002:000025e8 0000012cH .rdata$zzzdbg           DATA
 0003:00000000 00000520H .data                   DATA
 0003:00000520 00000314H .bss                    DATA
 0004:00000000 0000054cH .pdata                  DATA
 0005:00000000 0000037cH .xdata                  DATA

  Address         Publics by Value              Rva+Base               Lib:Object

 0000:00000000       __x64_code_ranges_to_entry_points_count 0000000000000000     <absolute>
 0000:00000000       __guard_iat_table          0000000000000000     <absolute>
 0000:00000000       __guard_iat_count          0000000000000000     <absolute>
 0000:00000000       __guard_longjmp_count      0000000000000000     <absolute>
 0000:00000000       __dynamic_value_reloc_table 0000000000000000     <absolute>
 0000:00000000       __guard_longjmp_table      0000000000000000     <absolute>
 0000:00000000       __hybrid_auxiliary_iat     0000000000000000     <absolute>
 0000:00000000       __x64_code_ranges_to_entry_points 0000000000000000     <absolute>
 0000:00000000       __hybrid_auxiliary_iat_copy 0000000000000000     <absolute>
 0000:00000000       __guard_fids_count         0000000000000000     <absolute>
 0000:00000000       __arm64x_redirection_metadata 0000000000000000     <absolute>
 0000:00000000       __arm64x_extra_rfe_table   0000000000000000     <absolute>
 0000:00000000       __AbsoluteZero             0000000000000000     <absolute>
 0000:00000000       __hybrid_code_map          0000000000000000     <absolute>
 0000:00000000       __arm64x_extra_rfe_table_size 0000000000000000     <absolute>
 0000:00000000       __guard_check_icall_a64n_fptr 0000000000000000     <absolute>
 0000:00000000       __guard_fids_table         0000000000000000     <absolute>
 0000:00000000       __guard_flags              0000000000000000     <absolute>
 0000:00000000       __guard_eh_cont_count      0000000000000000     <absolute>
 0000:00000000       __hybrid_code_map_count    0000000000000000     <absolute>
 0000:00000000       __arm64x_redirection_metadata_count 0000000000000000     <absolute>
 0000:00000000       __enclave_config           0000000000000000     <absolute>
 0000:00000000       __guard_eh_cont_table      0000000000000000     <absolute>
 0000:00000000       __arm64x_native_entrypoint 0000000000000000     <absolute>
 0000:00000000       __ImageBase                0000000000000000     <linker-defined>
 0001:00000000       AsmRelocateApMailBoxLoop   00000000000002c0     TdxDxe:ApRunLoop.obj
 0001:00000053       AsmGetRelocationMap        0000000000000313     TdxDxe:ApRunLoop.obj
 0001:00000070       InternalMemCopyMem         0000000000000330     BaseMemoryLibRepStr:CopyMem.obj
 0001:000000b0       InternalMemZeroMem         0000000000000370     BaseMemoryLibRepStr:ZeroMem.obj
 0001:000000d0       TdCall                     0000000000000390     BaseLib:TdCall.obj
 0001:00000130       AsmCpuidEx                 00000000000003f0     BaseLib:CpuIdEx.obj
 0001:00000160       AsmCpuid                   0000000000000420     BaseLib:CpuId.obj
 0001:00000194       Exception0Handle           0000000000000454     DxeDebugAgentLib:AsmFuncs.obj
 0001:00000310       TimerInterruptHandle       00000000000005d0     DxeDebugAgentLib:AsmFuncs.obj
 0001:000004c0       InternalMemSetMem          0000000000000780     BaseMemoryLibRepStr:SetMem.obj
 0001:000004e0       InternalMemCompareMem      00000000000007a0     BaseMemoryLibRepStr:CompareMem.obj
 0001:00000500       InternalMemSetMem64        00000000000007c0     BaseMemoryLibRepStr:SetMem64.obj
 0001:00000520       InternalMemSetMem32        00000000000007e0     BaseMemoryLibRepStr:SetMem32.obj
 0001:00000540       EnableInterrupts           0000000000000800     BaseLib:EnableInterrupts.obj
 0001:00000550       DisableInterrupts          0000000000000810     BaseLib:DisableInterrupts.obj
 0001:00000560       AsmWriteCr4                0000000000000820     BaseLib:WriteCr4.obj
 0001:00000570       AsmReadCr4                 0000000000000830     BaseLib:ReadCr4.obj
 0001:00000580       AsmReadCs                  0000000000000840     BaseLib:ReadCs.obj
 0001:00000590       CpuPause                   0000000000000850     BaseLib:CpuPause.obj
 0001:000005a0       SetJump                    0000000000000860     BaseLib:SetJump.obj
 0001:00000670       AsmWriteDr1                0000000000000930     BaseLib:WriteDr1.obj
 0001:00000680       AsmReadDr0                 0000000000000940     BaseLib:ReadDr0.obj
 0001:00000690       AsmWriteDr0                0000000000000950     BaseLib:WriteDr0.obj
 0001:000006a0       AsmReadDr1                 0000000000000960     BaseLib:ReadDr1.obj
 0001:000006b0       AsmReadCr0                 0000000000000970     BaseLib:ReadCr0.obj
 0001:000006c0       AsmReadCr3                 0000000000000980     BaseLib:ReadCr3.obj
 0001:000006d0       AsmWriteCr0                0000000000000990     BaseLib:WriteCr0.obj
 0001:000006e0       TdVmCall                   00000000000009a0     BaseLib:TdVmcall.obj
 0001:00000770       InternalX86ReadIdtr        0000000000000a30     BaseLib:ReadIdtr.obj
 0001:00000780       InternalX86WriteIdtr       0000000000000a40     BaseLib:WriteIdtr.obj
 0001:00000790       InternalLongJump           0000000000000a50     BaseLib:LongJump.obj
 0001:00000840       AsmReadEflags              0000000000000b00     BaseLib:ReadEflags.obj
 0001:00000850       CpuFlushTlb                0000000000000b10     BaseCpuLib:CpuFlushTlb.obj
 0001:00000860       AsmInterruptHandle         0000000000000b20     PeCoffExtraActionLib:IntHandler.obj
 0001:00000870       AsmWriteDr2                0000000000000b30     BaseLib:WriteDr2.obj
 0001:00000880       AsmWriteDr3                0000000000000b40     BaseLib:WriteDr3.obj
 0001:00000890       AsmReadDr2                 0000000000000b50     BaseLib:ReadDr2.obj
 0001:000008a0       AsmWriteDr7                0000000000000b60     BaseLib:WriteDr7.obj
 0001:000008b0       AsmReadDr7                 0000000000000b70     BaseLib:ReadDr7.obj
 0001:000008c0       AsmReadDr3                 0000000000000b80     BaseLib:ReadDr3.obj
 0001:000008c4       _ModuleEntryPoint          0000000000000b84 f   UefiDriverEntryPoint:DriverEntryPoint.obj
 0001:000008e0       ProcessLibraryConstructorList 0000000000000ba0 f   TdxDxe:AutoGen.obj
 0001:00000d1c       TdxDxeEntryPoint           0000000000000fdc f   TdxDxe:TdxDxe.obj
 0001:00001160       RelocateMailbox            0000000000001420 f   TdxDxe:TdxAcpiTable.obj
 0001:00001304       AlterAcpiTable             00000000000015c4 f   TdxDxe:TdxAcpiTable.obj
 0001:000014b4       GetPcdProtocol             0000000000001774 f   DxePcdLib:DxePcdLib.obj
 0001:00001540       LibPcdSet64S               0000000000001800 f   DxePcdLib:DxePcdLib.obj
 0001:0000156c       CopyMem                    000000000000182c f   BaseMemoryLibRepStr:CopyMemWrapper.obj
 0001:00001608       ZeroMem                    00000000000018c8 f   BaseMemoryLibRepStr:ZeroMemWrapper.obj
 0001:00001678       TdIsEnabled                0000000000001938 f   BaseLib:TdProbe.obj
 0001:00001730       GetTdInfo                  00000000000019f0 f   TdxLib:TdInfo.obj
 0001:000017a0       TdSharedPageMask           0000000000001a60 f   TdxLib:TdInfo.obj
 0001:000017cc       DebugPrint                 0000000000001a8c f   BaseDebugLibSerialPort:DebugLib.obj
 0001:000017f0       DebugPrintMarker           0000000000001ab0 f   BaseDebugLibSerialPort:DebugLib.obj
 0001:000018a0       DebugAssert                0000000000001b60 f   BaseDebugLibSerialPort:DebugLib.obj
 0001:00001918       InternalAllocateAlignedPages 0000000000001bd8 f   UefiMemoryAllocationLib:MemoryAllocationLib.obj
 0001:00001a28       InternalAllocatePool       0000000000001ce8 f   UefiMemoryAllocationLib:MemoryAllocationLib.obj
 0001:00001a58       FreePool                   0000000000001d18 f   UefiMemoryAllocationLib:MemoryAllocationLib.obj
 0001:00001a9c       EfiGetSystemConfigurationTable 0000000000001d5c f   UefiLib:UefiLib.obj
 0001:00001b60       GetHobList                 0000000000001e20 f   DxeHobLib:HobLib.obj
 0001:00001be4       GetNextHob                 0000000000001ea4 f   DxeHobLib:HobLib.obj
 0001:00001c3c       GetFirstGuidHob            0000000000001efc f   DxeHobLib:HobLib.obj
 0001:00001c8c       InternalConstructorWorker  0000000000001f4c f   DxeDebugAgentLib:DxeDebugAgentLib.obj
 0001:00001e38       GetMailboxPointer          00000000000020f8 f   DxeDebugAgentLib:DxeDebugAgentLib.obj
 0001:00001e68       CalculateCrc16             0000000000002128 f   DxeDebugAgentLib:DebugAgent.obj
 0001:00001ecc       VerifyMailboxChecksum      000000000000218c f   DxeDebugAgentLib:DebugAgent.obj
 0001:00001f5c       UpdateMailboxContent       000000000000221c f   DxeDebugAgentLib:DebugAgent.obj
 0001:00002144       DebugAgentReadBuffer       0000000000002404 f   DxeDebugAgentLib:DebugAgent.obj
 0001:00002264       SetDebugFlag               0000000000002524 f   DxeDebugAgentLib:DebugAgent.obj
 0001:000022d4       GetDebugFlag               0000000000002594 f   DxeDebugAgentLib:DebugAgent.obj
 0001:00002314       SendDebugMsgPacket         00000000000025d4 f   DxeDebugAgentLib:DebugAgent.obj
 0001:0000238c       DebugAgentMsgPrint         000000000000264c f   DxeDebugAgentLib:DebugAgent.obj
 0001:00002408       DebugAgentDataMsgPrint     00000000000026c8 f   DxeDebugAgentLib:DebugAgent.obj
 0001:00002500       ReadRemainingBreakPacket   00000000000027c0 f   DxeDebugAgentLib:DebugAgent.obj
 0001:00002600       ArchReadFxStatOffset       00000000000028c0 f   DxeDebugAgentLib:DebugAgent.obj
 0001:000026f8       SendPacketWithoutData      00000000000029b8 f   DxeDebugAgentLib:DebugAgent.obj
 0001:00002768       SendAckPacket              0000000000002a28 f   DxeDebugAgentLib:DebugAgent.obj
 0001:000027e0       DecompressDataInPlace      0000000000002aa0 f   DxeDebugAgentLib:DebugAgent.obj
 0001:000028b8       ReceivePacket              0000000000002b78 f   DxeDebugAgentLib:DebugAgent.obj
 0001:00002a38       SendCommandAndWaitForAckOK 0000000000002cf8 f   DxeDebugAgentLib:DebugAgent.obj
 0001:00002ba4       GetBreakCause              0000000000002e64 f   DxeDebugAgentLib:DebugAgent.obj
 0001:00002c78       CopyMemByWidth             0000000000002f38 f   DxeDebugAgentLib:DebugAgent.obj
 0001:00002d58       CompressData               0000000000003018 f   DxeDebugAgentLib:DebugAgent.obj
 0001:00002ea8       ReadMemoryAndSendResponsePacket 0000000000003168 f   DxeDebugAgentLib:DebugAgent.obj
 0001:000030c0       AttachHost                 0000000000003380 f   DxeDebugAgentLib:DebugAgent.obj
 0001:000031b4       SendBreakPacketToHost      0000000000003474 f   DxeDebugAgentLib:DebugAgent.obj
 0001:00003248       CommandCommunication       0000000000003508 f   DxeDebugAgentLib:DebugAgent.obj
 0001:00003e78       InterruptProcess           0000000000004138 f   DxeDebugAgentLib:DebugAgent.obj
 0001:000043f8       AcquireMpSpinLock          00000000000046b8 f   DxeDebugAgentLib:DebugMp.obj
 0001:00004424       ReleaseMpSpinLock          00000000000046e4 f   DxeDebugAgentLib:DebugMp.obj
 0001:00004498       HaltOtherProcessors        0000000000004758 f   DxeDebugAgentLib:DebugMp.obj
 0001:0000450c       GetProcessorIndex          00000000000047cc f   DxeDebugAgentLib:DebugMp.obj
 0001:0000458c       DebugAgentIsBsp            000000000000484c f   DxeDebugAgentLib:DebugMp.obj
 0001:000045e8       SetCpuStopFlagByIndex      00000000000048a8 f   DxeDebugAgentLib:DebugMp.obj
 0001:00004644       SetCpuBreakFlagByIndex     0000000000004904 f   DxeDebugAgentLib:DebugMp.obj
 0001:000046a0       FindNextPendingBreakCpu    0000000000004960 f   DxeDebugAgentLib:DebugMp.obj
 0001:000046e8       InitializeDebugTimer       00000000000049a8 f   DxeDebugAgentLib:DebugTimer.obj
 0001:00004870       SaveAndSetDebugTimerInterrupt 0000000000004b30 f   DxeDebugAgentLib:DebugTimer.obj
 0001:000048ec       IsDebugTimerTimeout        0000000000004bac f   DxeDebugAgentLib:DebugTimer.obj
 0001:00004940       SerialReset                0000000000004c00 f   DxeDebugAgentLib:SerialIo.obj
 0001:00004954       SerialSetAttributes        0000000000004c14 f   DxeDebugAgentLib:SerialIo.obj
 0001:00004974       SerialSetControl           0000000000004c34 f   DxeDebugAgentLib:SerialIo.obj
 0001:00004990       SerialGetControl           0000000000004c50 f   DxeDebugAgentLib:SerialIo.obj
 0001:00004a10       SerialWrite                0000000000004cd0 f   DxeDebugAgentLib:SerialIo.obj
 0001:00004ac8       SerialRead                 0000000000004d88 f   DxeDebugAgentLib:SerialIo.obj
 0001:00004ca4       DebugReadBreakFromDebugPort 0000000000004f64 f   DxeDebugAgentLib:SerialIo.obj
 0001:00004d94       MpSerializeStart           0000000000005054 f   TdxMailboxLib:TdxMailbox.obj
 0001:00005660       SetMem                     0000000000005920 f   BaseMemoryLibRepStr:SetMemWrapper.obj
 0001:000056c4       CompareGuid                0000000000005984 f   BaseMemoryLibRepStr:MemLibGuid.obj
 0001:00005788       CompareMem                 0000000000005a48 f   BaseMemoryLibRepStr:CompareMemWrapper.obj
 0001:00005860       AsciiStrLen                0000000000005b20 f   BaseLib:String.obj
 0001:000058cc       SaveAndDisableInterrupts   0000000000005b8c f   BaseLib:Cpu.obj
 0001:000058f0       CalculateSum8              0000000000005bb0 f   BaseLib:CheckSum.obj
 0001:0000596c       DivU64x32Remainder         0000000000005c2c f   BaseLib:DivU64x32Remainder.obj
 0001:000059cc       LShiftU64                  0000000000005c8c f   BaseLib:LShiftU64.obj
 0001:00005a10       RShiftU64                  0000000000005cd0 f   BaseLib:RShiftU64.obj
 0001:00005a54       InternalBaseLibBitFieldOrUint 0000000000005d14 f   BaseLib:BitField.obj
 0001:00005ad4       BitFieldWrite8             0000000000005d94 f   BaseLib:BitField.obj
 0001:00005b58       BitFieldOr8                0000000000005e18 f   BaseLib:BitField.obj
 0001:00005bdc       BitFieldAnd8               0000000000005e9c f   BaseLib:BitField.obj
 0001:00005c60       BitFieldAndThenOr8         0000000000005f20 f   BaseLib:BitField.obj
 0001:00005ce4       StrnLenS                   0000000000005fa4 f   BaseLib:SafeString.obj
 0001:00005d3c       InternalAssertJumpBuffer   0000000000005ffc f   BaseLib:SetJump.obj
 0001:00005d74       IoRead16                   0000000000006034 f   BaseIoLibIntrinsicSev:IoLibMsc.obj
 0001:00005da8       IoWrite16                  0000000000006068 f   BaseIoLibIntrinsicSev:IoLibMsc.obj
 0001:00005dec       IoRead32                   00000000000060ac f   BaseIoLibIntrinsicSev:IoLibMsc.obj
 0001:00005e20       IoWrite32                  00000000000060e0 f   BaseIoLibIntrinsicSev:IoLibMsc.obj
 0001:00005e60       MmioRead16                 0000000000006120 f   BaseIoLibIntrinsicSev:IoLib.obj
 0001:00005e90       MmioRead32                 0000000000006150 f   BaseIoLibIntrinsicSev:IoLib.obj
 0001:00005ec0       MmioWrite32                0000000000006180 f   BaseIoLibIntrinsicSev:IoLib.obj
 0001:00005efc       MmioRead64                 00000000000061bc f   BaseIoLibIntrinsicSev:IoLib.obj
 0001:00005f2c       AsciiSPrint                00000000000061ec f   BasePrintLib:PrintLib.obj
 0001:00005f58       BasePrintLibFillBuffer     0000000000006218 f   BasePrintLib:PrintLibInternal.obj
 0001:00005f8c       BasePrintLibValueToString  000000000000624c f   BasePrintLib:PrintLibInternal.obj
 0001:00005fdc       BasePrintLibSPrintMarker   000000000000629c f   BasePrintLib:PrintLibInternal.obj
 0001:00006ee8       BasePrintLibSPrint         00000000000071a8 f   BasePrintLib:PrintLibInternal.obj
 0001:00006f0c       PciExpressRead32           00000000000071cc f   BasePciExpressLib:PciExpressLib.obj
 0001:00006f5c       PciCf8Read32               000000000000721c f   BasePciCf8Lib:PciCf8Lib.obj
 0001:00007008       InternalAcpiDelay          00000000000072c8 f   DxeAcpiTimerLib:AcpiTimerLib.obj
 0001:0000706c       MicroSecondDelay           000000000000732c f   DxeAcpiTimerLib:AcpiTimerLib.obj
 0001:000070a0       AccessMsrTdxCall           0000000000007360 f   BaseXApicX2ApicLib:BaseXApicX2ApicLib.obj
 0001:0000710c       LocalApicReadMsrReg64      00000000000073cc f   BaseXApicX2ApicLib:BaseXApicX2ApicLib.obj
 0001:00007178       LocalApicWriteMsrReg64     0000000000007438 f   BaseXApicX2ApicLib:BaseXApicX2ApicLib.obj
 0001:000071ec       LocalApicBaseAddressMsrSupported 00000000000074ac f   BaseXApicX2ApicLib:BaseXApicX2ApicLib.obj
 0001:00007228       GetLocalApicBaseAddress    00000000000074e8 f   BaseXApicX2ApicLib:BaseXApicX2ApicLib.obj
 0001:00007264       ReadLocalApicReg           0000000000007524 f   BaseXApicX2ApicLib:BaseXApicX2ApicLib.obj
 0001:000072bc       WriteLocalApicReg          000000000000757c f   BaseXApicX2ApicLib:BaseXApicX2ApicLib.obj
 0001:00007324       SendIpi                    00000000000075e4 f   BaseXApicX2ApicLib:BaseXApicX2ApicLib.obj
 0001:000073e0       GetApicMode                00000000000076a0 f   BaseXApicX2ApicLib:BaseXApicX2ApicLib.obj
 0001:00007430       GetApicId                  00000000000076f0 f   BaseXApicX2ApicLib:BaseXApicX2ApicLib.obj
 0001:000074ec       GetApicTimerState          00000000000077ac f   BaseXApicX2ApicLib:BaseXApicX2ApicLib.obj
 0001:00007550       DebugPortWriteBuffer       0000000000007810 f   DebugCommunicationLibSerialPort:DebugCommunicationLibSerialPort.obj
 0001:0000758c       ResetCold                  000000000000784c f   DxeResetSystemLib:ResetSystemLib.obj
 0001:000075c4       AcquireSpinLockOrFail      0000000000007884 f   BaseSynchronizationLib:SynchronizationMsc.obj
 0002:00000000       ??_C@_0CB@DMEJJJHA@?6ASSERT_EFI_ERROR?5?$CIStatus?5?$DN?5?$CFr?$CJ@ 0000000000007920     UefiDriverEntryPoint:DriverEntryPoint.obj
 0002:00000028       ??_C@_0CH@BBNBJKHK@?$CB?$CI?$CI?$CIINTN?$CJ?$CIRETURN_STATUS?$CJ?$CIStatus@ 0000000000007948     UefiDriverEntryPoint:DriverEntryPoint.obj
 0002:00000050       ??_C@_06LJNAGCAH@TdxDxe@   0000000000007970     TdxDxe:AutoGen.obj
 0002:00000058       ??_C@_0CE@IBFOBMLB@?6ASSERT_RETURN_ERROR?5?$CIStatus?5?$DN?5@ 0000000000007978     TdxDxe:AutoGen.obj
 0002:00000080       ??_C@_0FE@JIMAGHCB@d?3?2myedk2?2edk2?2Build?2OvmfX64?2DE@ 00000000000079a0     TdxDxe:AutoGen.obj
 0002:000000d4       _gPcd_FixedAtBuild_PcdControlFlowEnforcementPropertyMask 00000000000079f4     TdxDxe:AutoGen.obj
 0002:000000d8       ??_C@_0CK@FMBEAILJ@?$CB?$CI?$CI?$CIINTN?$CJ?$CIRETURN_STATUS?$CJ?$CIPcdSta@ 00000000000079f8     TdxDxe:TdxDxe.obj
 0002:00000108       ??_C@_0CH@EDMJGMM@d?3?2myedk2?2edk2?2OvmfPkg?2TdxDxe?2T@ 0000000000007a28     TdxDxe:TdxDxe.obj
 0002:00000130       ??_C@_0BG@NCCIJHHA@GetResourceDescriptor@ 0000000000007a50     TdxDxe:TdxDxe.obj
 0002:00000148       ??_C@_0CF@BLJDLGPN@?$CFa?3?$CFd?3?5resource?5type?50x?$CFx?5?$CFllx?5@ 0000000000007a68     TdxDxe:TdxDxe.obj
 0002:00000170       ??_C@_0CD@OHGPMC@PlatformInfo?9?$DOHostBridgeDevId?5?$CB@ 0000000000007a90     TdxDxe:TdxDxe.obj
 0002:00000198       ??_C@_0M@JADJBBKG@Status?5?$DN?$DN?50@ 0000000000007ab8     TdxDxe:TdxDxe.obj
 0002:000001a8       ??_C@_0CC@EKGEGJDL@Failed?5to?5get?5the?5RelocationMap@ 0000000000007ac8     TdxDxe:TdxAcpiTable.obj
 0002:000001d0       ??_C@_0DE@BNADEMGA@Failed?5to?5allocate?5pages?5for?5Ma@ 0000000000007af0     TdxDxe:TdxAcpiTable.obj
 0002:00000208       ??_C@_0CG@HMIHGKBD@Ap?5Relocation?3?5mailbox?5?$CFllx?0?5lo@ 0000000000007b28     TdxDxe:TdxAcpiTable.obj
 0002:00000230       ??_C@_0CF@KGKJFJOG@Unable?5to?5locate?5ACPI?5SDT?5proto@ 0000000000007b50     TdxDxe:TdxAcpiTable.obj
 0002:00000258       ??_C@_0BC@FEDIJHFF@?$CI?$CIBOOLEAN?$CJ?$CI0?$DN?$DN1?$CJ?$CJ@ 0000000000007b78     TdxDxe:TdxAcpiTable.obj
 0002:00000270       ??_C@_0CN@CAFEIONA@d?3?2myedk2?2edk2?2OvmfPkg?2TdxDxe?2T@ 0000000000007b90     TdxDxe:TdxAcpiTable.obj
 0002:000002a0       ??_C@_0BP@CPCKENE@Failed?5to?5relocate?5Td?5mailbox?6@ 0000000000007bc0     TdxDxe:TdxAcpiTable.obj
 0002:000002c0       ??_C@_0CH@KPMEJDPN@Unable?5to?5locate?5ACPI?5Table?5pro@ 0000000000007be0     TdxDxe:TdxAcpiTable.obj
 0002:000002e8       ??_C@_0P@MMDLGLNK@AlterAcpiTable@ 0000000000007c08     TdxDxe:TdxAcpiTable.obj
 0002:000002f8       ??_C@_0BL@LLHJJNF@?$CFa?3?5OUT_OF_SOURCES?5error?4?6@ 0000000000007c18     TdxDxe:TdxAcpiTable.obj
 0002:00000318       ??_C@_0CG@CKBNLGIA@Failed?5to?5install?5new?5MADT?5tabl@ 0000000000007c38     TdxDxe:TdxAcpiTable.obj
 0002:00000340       ??_C@_0CB@ILPCIHGJ@Uninstall?5old?5MADT?5table?5error?4@ 0000000000007c60     TdxDxe:TdxAcpiTable.obj
 0002:00000368       ??_C@_0DE@IBFOALAL@d?3?2myedk2?2edk2?2MdePkg?2Library?2D@ 0000000000007c88     DxePcdLib:DxePcdLib.obj
 0002:000003a0       ??_C@_0BF@OOKDELHM@mPcd?5?$CB?$DN?5?$CI?$CIvoid?5?$CK?$CJ?50?$CJ@ 0000000000007cc0     DxePcdLib:DxePcdLib.obj
 0002:000003b8       ??_C@_0BH@IACGKAP@Buffer?5?$CB?$DN?5?$CI?$CIvoid?5?$CK?$CJ?50?$CJ@ 0000000000007cd8     DxePcdLib:DxePcdLib.obj
 0002:000003d0       ??_C@_0ED@MKGCMJG@?$CILength?5?9?51?$CJ?5?$DM?$DN?5?$CI0xFFFFFFFFFFFF@ 0000000000007cf0     BaseMemoryLibRepStr:CopyMemWrapper.obj
 0002:00000420       ??_C@_0ED@JAIIHABO@d?3?2myedk2?2edk2?2MdePkg?2Library?2B@ 0000000000007d40     BaseMemoryLibRepStr:CopyMemWrapper.obj
 0002:00000468       ??_C@_0DO@MAOBOFEG@?$CILength?5?9?51?$CJ?5?$DM?$DN?5?$CI0xFFFFFFFFFFFF@ 0000000000007d88     BaseMemoryLibRepStr:CopyMemWrapper.obj
 0002:000004b0       ??_C@_0ED@CECKBBNJ@d?3?2myedk2?2edk2?2MdePkg?2Library?2B@ 0000000000007dd0     BaseMemoryLibRepStr:ZeroMemWrapper.obj
 0002:000004f8       ??_C@_0DG@EEENIGGL@Length?5?$DM?$DN?5?$CI0xFFFFFFFFFFFFFFFFUL@ 0000000000007e18     BaseMemoryLibRepStr:ZeroMemWrapper.obj
 0002:00000530       ??_C@_0CB@GEABOFIF@Failed?5call?5TDCALL_TDINFO?4?5?$CFllx@ 0000000000007e50     TdxLib:TdInfo.obj
 0002:00000558       ??_C@_0BH@LKMBFCBF@Format?5?$CB?$DN?5?$CI?$CIvoid?5?$CK?$CJ?50?$CJ@ 0000000000007e78     BaseDebugLibSerialPort:DebugLib.obj
 0002:00000570       ??_C@_0EA@MCEJFCHO@d?3?2myedk2?2edk2?2MdePkg?2Library?2B@ 0000000000007e90     BaseDebugLibSerialPort:DebugLib.obj
 0002:000005b0       ??_C@_0BI@NOCKJDBJ@ASSERT?5?$FL?$CFa?$FN?5?$CFa?$CI?$CFd?$CJ?3?5?$CFa?6@ 0000000000007ed0     BaseDebugLibSerialPort:DebugLib.obj
 0002:000005c8       ??_C@_0BN@COECPDCC@gImageHandle?5?$CB?$DN?5?$CI?$CIvoid?5?$CK?$CJ?50?$CJ@ 0000000000007ee8     UefiBootServicesTableLib:UefiBootServicesTableLib.obj
 0002:000005f0       ??_C@_0FC@HJEJKBBP@d?3?2myedk2?2edk2?2MdePkg?2Library?2U@ 0000000000007f10     UefiBootServicesTableLib:UefiBootServicesTableLib.obj
 0002:00000648       ??_C@_0BE@DGNHAHIL@gST?5?$CB?$DN?5?$CI?$CIvoid?5?$CK?$CJ?50?$CJ@ 0000000000007f68     UefiBootServicesTableLib:UefiBootServicesTableLib.obj
 0002:00000660       ??_C@_0BE@BDFJLGLN@gBS?5?$CB?$DN?5?$CI?$CIvoid?5?$CK?$CJ?50?$CJ@ 0000000000007f80     UefiBootServicesTableLib:UefiBootServicesTableLib.obj
 0002:00000680       ??_C@_0EM@BLKCBDHP@d?3?2myedk2?2edk2?2MdePkg?2Library?2U@ 0000000000007fa0     UefiMemoryAllocationLib:MemoryAllocationLib.obj
 0002:000006d0       ??_C@_0BE@OBDFIHND@gRT?5?$CB?$DN?5?$CI?$CIvoid?5?$CK?$CJ?50?$CJ@ 0000000000007ff0     UefiRuntimeServicesTableLib:UefiRuntimeServicesTableLib.obj
 0002:000006f0       ??_C@_0FI@ELFALICJ@d?3?2myedk2?2edk2?2MdePkg?2Library?2U@ 0000000000008010     UefiRuntimeServicesTableLib:UefiRuntimeServicesTableLib.obj
 0002:00000750       ??_C@_0FG@PKIHNGDJ@d?3?2myedk2?2edk2?2MdePkg?2Library?2U@ 0000000000008070     UefiDevicePathLibDevicePathProtocol:UefiDevicePathLib.obj
 0002:000007a8       ??_C@_0DC@CNNBPJA@mDevicePathLibDevicePathUtiliti@ 00000000000080c8     UefiDevicePathLibDevicePathProtocol:UefiDevicePathLib.obj
 0002:000007e0       ??_C@_0BK@PPOBBAMB@TableGuid?5?$CB?$DN?5?$CI?$CIvoid?5?$CK?$CJ?50?$CJ@ 0000000000008100     UefiLib:UefiLib.obj
 0002:00000800       ??_C@_0DA@MHLDPJPP@d?3?2myedk2?2edk2?2MdePkg?2Library?2U@ 0000000000008120     UefiLib:UefiLib.obj
 0002:00000830       ??_C@_0BG@JDKEGFNB@Table?5?$CB?$DN?5?$CI?$CIvoid?5?$CK?$CJ?50?$CJ@ 0000000000008150     UefiLib:UefiLib.obj
 0002:00000848       ??_C@_0DB@IMLKCNBK@d?3?2myedk2?2edk2?2MdePkg?2Library?2D@ 0000000000008168     DxeHobLib:HobLib.obj
 0002:00000880       ??_C@_0BJ@OBFMLLDO@mHobList?5?$CB?$DN?5?$CI?$CIvoid?5?$CK?$CJ?50?$CJ@ 00000000000081a0     DxeHobLib:HobLib.obj
 0002:000008a0       ??_C@_0BJ@NOLLDKJB@HobStart?5?$CB?$DN?5?$CI?$CIvoid?5?$CK?$CJ?50?$CJ@ 00000000000081c0     DxeHobLib:HobLib.obj
 0002:000008c0       ??_C@_0BP@LHBKJBMC@PlatformInfoHob?5is?5not?5found?4?6@ 00000000000081e0     DxeAcpiTimerLib:DxeAcpiTimerLib.obj
 0002:000008e0       ??_C@_0DO@DECBCOF@d?3?2myedk2?2edk2?2OvmfPkg?2Library?2@ 0000000000008200     DxeAcpiTimerLib:DxeAcpiTimerLib.obj
 0002:00000920       ??_C@_0BI@HAGPDMHJ@AcpiTimerLibConstructor@ 0000000000008240     DxeAcpiTimerLib:DxeAcpiTimerLib.obj
 0002:00000938       ??_C@_0CL@DGCOIACG@?$CFa?3?5Unknown?5Host?5Bridge?5Device?5@ 0000000000008258     DxeAcpiTimerLib:DxeAcpiTimerLib.obj
 0002:00000970       ??_C@_0EB@GGIBNHKH@d?3?2myedk2?2edk2?2OvmfPkg?2Library?2@ 0000000000008290     DxeResetSystemLib:DxeResetShutdown.obj
 0002:000009c0       ??_C@_0FD@DBEFKOFP@DebugAgent?3?5Cannot?5install?5conf@ 00000000000082e0     DxeDebugAgentLib:DxeDebugAgentLib.obj
 0002:00000a18       ??_C@_0DN@MOFPKOLM@DebugAgent?3?5Cannot?5install?5conf@ 0000000000008338     DxeDebugAgentLib:DxeDebugAgentLib.obj
 0002:00000a58       ??_C@_0DK@BJCEFPPC@DebugAgent?3?5Failed?5to?5install?5c@ 0000000000008378     DxeDebugAgentLib:DxeDebugAgentLib.obj
 0002:00000a98       ??_C@_0DM@BDNKNEGD@DebugAgent?3?5Mailbox?5checksum?5er@ 00000000000083b8     DxeDebugAgentLib:DebugAgent.obj
 0002:00000ae0       ??_C@_0EP@CAGBDIEH@DebugAgent?3?5CheckSum?5?$DN?5?$CFx?0?5Mail@ 0000000000008400     DxeDebugAgentLib:DebugAgent.obj
 0002:00000b30       ??_C@_0N@JDBFFBFC@Sent?5data?5?$FL?5@ 0000000000008450     DxeDebugAgentLib:DebugAgent.obj
 0002:00000b40       ??_C@_0BB@JBKPKGMF@Received?5data?5?$FL?5@ 0000000000008460     DxeDebugAgentLib:DebugAgent.obj
 0002:00000b54       ??_C@_05CNDJFPDP@?$CF02x?5@ 0000000000008474     DxeDebugAgentLib:DebugAgent.obj
 0002:00000b5c       ??_C@_02JODFHDIE@?$FN?6@   000000000000847c     DxeDebugAgentLib:DebugAgent.obj
 0002:00000b60       ??_C@_0CC@BPBDKJLH@Timeout?5in?5Debug?5Timer?5interrup@ 0000000000008480     DxeDebugAgentLib:DebugAgent.obj
 0002:00000b88       ??_C@_0CD@MJPNODCO@Debug?5Timer?5CRC?5?$CI?$CFx?$CJ?5against?5?$CI?$CF@ 00000000000084a8     DxeDebugAgentLib:DebugAgent.obj
 0002:00000bb0       ??_C@_0BF@GOMLGJOE@Attach?5status?5is?5?$CFd?6@ 00000000000084d0     DxeDebugAgentLib:DebugAgent.obj
 0002:00000bc8       ??_C@_0O@LLNPHJBI@Send?5ACK?$CI?$CFd?$CJ?6@ 00000000000084e8     DxeDebugAgentLib:DebugAgent.obj
 0002:00000bd8       ??_C@_0CA@KCJDKBGI@SendAckPacket?3?5SequenceNo?5?$DN?5?$CFx?6@ 00000000000084f8     DxeDebugAgentLib:DebugAgent.obj
 0002:00000bf8       ??_C@_0DA@ODCCDM@Length?5?$DM?$DN?5?$CI0xff?5?9?5sizeof?5?$CIDEBUG@ 0000000000008518     DxeDebugAgentLib:DebugAgent.obj
 0002:00000c30       ??_C@_0FE@NPEEPPHE@d?3?2myedk2?2edk2?2SourceLevelDebug@ 0000000000008550     DxeDebugAgentLib:DebugAgent.obj
 0002:00000c88       ??_C@_0CL@GDHMDIAD@DebugAgentReadBuffer?$CIStartSymbo@ 00000000000085a8     DxeDebugAgentLib:DebugAgent.obj
 0002:00000cb8       ??_C@_0CG@POHMMICE@Invalid?5start?5symbol?5received?5?$FL@ 00000000000085d8     DxeDebugAgentLib:DebugAgent.obj
 0002:00000ce0       ??_C@_0CH@JDGCKKDH@DebugAgentReadBuffer?$CICommand?$CJ?5t@ 0000000000008600     DxeDebugAgentLib:DebugAgent.obj
 0002:00000d08       ??_C@_0CK@PCGFFEGH@DebugAgentReadBuffer?$CISequenceNo@ 0000000000008628     DxeDebugAgentLib:DebugAgent.obj
 0002:00000d38       ??_C@_0CA@KOMNEPHF@CRC?5Error?5?$CIreceived?5CRC?5is?5?$CFx?$CJ?6@ 0000000000008658     DxeDebugAgentLib:DebugAgent.obj
 0002:00000d58       ??_C@_0CO@FBJALMLE@TARGET?3?5Timeout?5when?5waiting?5fo@ 0000000000008678     DxeDebugAgentLib:DebugAgent.obj
 0002:00000d88       ??_C@_0CD@OLECMCCF@TARGET?3?5Receive?5GO?$CI?$CJ?5in?5last?5bo@ 00000000000086a8     DxeDebugAgentLib:DebugAgent.obj
 0002:00000db0       ??_C@_0BN@BEIHKMON@Command?5?$DN?$DN?5?$CI?$CI0?5?$DM?$DM?57?$CJ?5?$HM?50x3F?$CJ@ 00000000000086d0     DxeDebugAgentLib:DebugAgent.obj
 0002:00000dd0       ??_C@_0L@PLNFFABB@Length?5?$DO?50@ 00000000000086f0     DxeDebugAgentLib:DebugAgent.obj
 0002:00000de0       ??_C@_0CN@MDIHKJOJ@TARGET?3?5Timeout?5in?5SendDataResp@ 0000000000008700     DxeDebugAgentLib:DebugAgent.obj
 0002:00000e10       ??_C@_0FC@JIHDFAPN@TARGET?3?5Received?5one?5old?5or?5new@ 0000000000008730     DxeDebugAgentLib:DebugAgent.obj
 0002:00000e68       ??_C@_0CK@KLMONJKF@processor?$FL?$CFx?$FN?3Send?5Break?5Packet@ 0000000000008788     DxeDebugAgentLib:DebugAgent.obj
 0002:00000e98       ??_C@_0CD@JPIHDIMB@processor?$FL?$CFx?$FN?3Try?5to?5attach?5HOS@ 00000000000087b8     DxeDebugAgentLib:DebugAgent.obj
 0002:00000ec0       ??_C@_0CJ@HCAPKGNH@TARGET?3?5Try?5to?5get?5command?5from@ 00000000000087e0     DxeDebugAgentLib:DebugAgent.obj
 0002:00000ef0       ??_C@_0EB@MMMHKPFC@TARGET?3?5Get?5command?$FL?$CFx?$FN?5sequenc@ 0000000000008810     DxeDebugAgentLib:DebugAgent.obj
 0002:00000f40       ??_C@_0ED@GONDGPBK@TARGET?3?5Get?5command?5failed?5or?5i@ 0000000000008860     DxeDebugAgentLib:DebugAgent.obj
 0002:00000f88       ??_C@_0DJ@LENMLHNM@TARGET?3?5Receive?5one?5old?5command@ 00000000000088a8     DxeDebugAgentLib:DebugAgent.obj
 0002:00000fc8       ??_C@_0DF@DCECPJEB@Receive?5one?5invalid?5command?$FL?$CFx?$FN@ 00000000000088e8     DxeDebugAgentLib:DebugAgent.obj
 0002:00001000       ??_C@_0CI@DIMDIDBK@Processor?$FL?$CFx?$FN?3Received?5one?5comm@ 0000000000008920     DxeDebugAgentLib:DebugAgent.obj
 0002:00001028       ??_C@_0BP@HACIGIHB@Width?5?$DN?$DN?5RegisterWrite?9?$DOLength@ 0000000000008948     DxeDebugAgentLib:DebugAgent.obj
 0002:00001050       ??_C@_0EB@MOLLNJNN@Debug?5agent?5meet?5one?5Exception?0@ 0000000000008970     DxeDebugAgentLib:DebugAgent.obj
 0002:00001098       ??_C@_0BG@EOCIJOIC@Received?5data?5?$FL?$CF02x?$FN?6@ 00000000000089b8     DxeDebugAgentLib:DebugAgent.obj
 0002:000010b0       ??_C@_0DF@DJLBEBCI@Exception?5happened?0?5ExceptionNu@ 00000000000089d0     DxeDebugAgentLib:DebugAgent.obj
 0002:000010e8       ??_C@_0CN@BHKMFMGJ@processor?$FL?$CFx?$FN?3Try?5to?5halt?5other@ 0000000000008a08     DxeDebugAgentLib:DebugMp.obj
 0002:00001120       ??_C@_0EG@KKOBIBCJ@Debug?5Agent?3?5Failed?5to?5install?5@ 0000000000008a40     DxeDebugAgentLib:SerialIo.obj
 0002:00001168       ??_C@_0CJ@JMHOCNPK@Terminal?5Timer?5attach?5symbol?5re@ 0000000000008a88     DxeDebugAgentLib:SerialIo.obj
 0002:00001198       ??_C@_0CI@FDLNPNOL@Terminal?5Timer?5break?5symbol?5rec@ 0000000000008ab8     DxeDebugAgentLib:SerialIo.obj
 0002:000011c0       ??_C@_0CG@JMJILBGG@Debug?5Timer?5attach?5symbol?5recei@ 0000000000008ae0     DxeDebugAgentLib:SerialIo.obj
 0002:000011e8       ??_C@_0CF@LFCBGBOL@Debug?5Timer?5break?5symbol?5receiv@ 0000000000008b08     DxeDebugAgentLib:SerialIo.obj
 0002:00001210       ??_C@_0EI@EGOBAHNO@d?3?2myedk2?2edk2?2MdePkg?2Library?2D@ 0000000000008b30     DxeServicesTableLib:DxeServicesTableLib.obj
 0002:00001258       ??_C@_0BE@IOIFLNKO@gDS?5?$CB?$DN?5?$CI?$CIvoid?5?$CK?$CJ?50?$CJ@ 0000000000008b78     DxeServicesTableLib:DxeServicesTableLib.obj
 0002:00001270       ??_C@_0DH@NFHMFGGC@Waiting?5for?5APs?5to?5arriving?4?5Nu@ 0000000000008b90     TdxMailboxLib:TdxMailbox.obj
 0002:000012a8       ??_C@_0P@NAALPFNC@Releasing?5APs?6@ 0000000000008bc8     TdxMailboxLib:TdxMailbox.obj
 0002:000012b8       ??_C@_0BO@CDABGLIP@ERROR?3?5Out?5of?5aligned?5pages?$AN?6@ 0000000000008bd8     MemEncryptTdxLib:MemoryEncryption.obj
 0002:000012d8       ??_C@_0BI@ELPJHLDG@AllocatePageTableMemory@ 0000000000008bf8     MemEncryptTdxLib:MemoryEncryption.obj
 0002:000012f0       ??_C@_0BP@HBBDJMHC@?$CFa?3?$CFa?3?5Buffer?$DN0x?$CFLx?5Pages?$DN?$CFld?6@ 0000000000008c10     MemEncryptTdxLib:MemoryEncryption.obj
 0002:00001310       ??_C@_0EH@CCMDNKPP@d?3?2myedk2?2edk2?2OvmfPkg?2Library?2@ 0000000000008c30     MemEncryptTdxLib:MemoryEncryption.obj
 0002:00001358       ??_C@_0CD@FNMLGMNP@Index?5?$DM?50x00001000?1sizeof?5?$CIUINT@ 0000000000008c78     MemEncryptTdxLib:MemoryEncryption.obj
 0002:00001380       ??_C@_09GNKFGBPM@Level?5?$DO?51@ 0000000000008ca0     MemEncryptTdxLib:MemoryEncryption.obj
 0002:00001390       ??_C@_0BE@HOFPPHFP@SetOrClearSharedBit@ 0000000000008cb0     MemEncryptTdxLib:MemoryEncryption.obj
 0002:000013b0       ??_C@_0EE@POCGKMLA@?$CFa?3?$CFa?3?5pte?$DN0x?$CFLx?5AddressEncMask@ 0000000000008cd0     MemEncryptTdxLib:MemoryEncryption.obj
 0002:000013f4       ??_C@_06LOOAMPBO@Shared@   0000000000008d14     MemEncryptTdxLib:MemoryEncryption.obj
 0002:00001400       ??_C@_0BJ@KBKNMJNH@SetMemorySharedOrPrivate@ 0000000000008d20     MemEncryptTdxLib:MemoryEncryption.obj
 0002:00001420       ??_C@_0DK@FLMLOLHA@?$CFa?3?$CFa?3?5Cr3Base?$DN0x?$CFLx?5Physical?$DN0@ 0000000000008d40     MemEncryptTdxLib:MemoryEncryption.obj
 0002:00001460       ??_C@_0CE@HOIHAIIB@?$CFa?3?$CFa?3?5bad?5PML4?5for?5Physical?$DN0x@ 0000000000008d80     MemEncryptTdxLib:MemoryEncryption.obj
 0002:00001488       ??_C@_0CE@NADGKKGE@?$CFa?3?$CFa?3?5bad?5PDPE?5for?5Physical?$DN0x@ 0000000000008da8     MemEncryptTdxLib:MemoryEncryption.obj
 0002:000014b0       ??_C@_0CN@IAPIMOJH@?$CFa?3?$CFa?3?5updated?51GB?5entry?5for?5Ph@ 0000000000008dd0     MemEncryptTdxLib:MemoryEncryption.obj
 0002:000014e0       ??_C@_0CO@PHABIDCB@?$CFa?3?$CFa?3?5splitting?51GB?5page?5for?5P@ 0000000000008e00     MemEncryptTdxLib:MemoryEncryption.obj
 0002:00001510       ??_C@_0CD@NJKAIHIH@?$CFa?3?$CFa?3?5bad?5PDE?5for?5Physical?$DN0x?$CF@ 0000000000008e30     MemEncryptTdxLib:MemoryEncryption.obj
 0002:00001538       ??_C@_0CO@FMMNPKJP@?$CFa?3?$CFa?3?5splitting?52MB?5page?5for?5P@ 0000000000008e58     MemEncryptTdxLib:MemoryEncryption.obj
 0002:00001568       ??_C@_0CD@NINCABML@?$CFa?3?$CFa?3?5bad?5PTE?5for?5Physical?$DN0x?$CF@ 0000000000008e88     MemEncryptTdxLib:MemoryEncryption.obj
 0002:00001590       ??_C@_0DI@DAGDPLPG@?$CILength?5?9?51?$CJ?5?$DM?$DN?5?$CI0xFFFFFFFFFFFF@ 0000000000008eb0     BaseMemoryLibRepStr:SetMemWrapper.obj
 0002:000015d0       ??_C@_0EC@NJPJFNGD@d?3?2myedk2?2edk2?2MdePkg?2Library?2B@ 0000000000008ef0     BaseMemoryLibRepStr:SetMemWrapper.obj
 0002:00001618       ??_C@_0CC@JOEHDGKB@DestinationBuffer?5?$CB?$DN?5?$CI?$CIvoid?5?$CK?$CJ?5@ 0000000000008f38     BaseMemoryLibRepStr:CompareMemWrapper.obj
 0002:00001640       ??_C@_0EG@FCOMBDPM@d?3?2myedk2?2edk2?2MdePkg?2Library?2B@ 0000000000008f60     BaseMemoryLibRepStr:CompareMemWrapper.obj
 0002:00001688       ??_C@_0BN@MDMCNBCC@SourceBuffer?5?$CB?$DN?5?$CI?$CIvoid?5?$CK?$CJ?50?$CJ@ 0000000000008fa8     BaseMemoryLibRepStr:CompareMemWrapper.obj
 0002:000016a8       ??_C@_0BH@MAAHKCPC@String?5?$CB?$DN?5?$CI?$CIvoid?5?$CK?$CJ?50?$CJ@ 0000000000008fc8     BaseLib:String.obj
 0002:000016c0       ??_C@_0CP@DJBLNMJI@d?3?2myedk2?2edk2?2MdePkg?2Library?2B@ 0000000000008fe0     BaseLib:String.obj
 0002:000016f0       ??_C@_0CC@GFNLNIOC@?$CI?$CIUINTN?$CJString?5?$CG?50x00000001?$CJ?5?$DN?$DN@ 0000000000009010     BaseLib:String.obj
 0002:00001718       ??_C@_0DI@MDIKFADO@Length?5?$DM?5_gPcd_FixedAtBuild_Pcd@ 0000000000009038     BaseLib:String.obj
 0002:00001750       ??_C@_0DC@DDBICJIK@d?3?2myedk2?2edk2?2MdePkg?2Library?2B@ 0000000000009070     BaseLib:Unaligned.obj
 0002:00001788       ??_C@_0DB@OCDEIBFA@d?3?2myedk2?2edk2?2MdePkg?2Library?2B@ 00000000000090a8     BaseLib:CheckSum.obj
 0002:000017c0       ??_C@_0DI@FAOGOFLE@Length?5?$DM?$DN?5?$CI0xFFFFFFFFFFFFFFFFUL@ 00000000000090e0     BaseLib:CheckSum.obj
 0002:000017f8       ??_C@_0N@KGHEHMDL@Divisor?5?$CB?$DN?50@ 0000000000009118     BaseLib:DivU64x32.obj
 0002:00001808       ??_C@_0DL@JEBMKBEC@d?3?2myedk2?2edk2?2MdePkg?2Library?2B@ 0000000000009128     BaseLib:DivU64x32Remainder.obj
 0002:00001848       ??_C@_0L@MEMPDLHB@Count?5?$DM?564@ 0000000000009168     BaseLib:LShiftU64.obj
 0002:00001858       ??_C@_0DC@KCMAEPFB@d?3?2myedk2?2edk2?2MdePkg?2Library?2B@ 0000000000009178     BaseLib:LShiftU64.obj
 0002:00001890       ??_C@_0DC@EHOJHBLD@d?3?2myedk2?2edk2?2MdePkg?2Library?2B@ 00000000000091b0     BaseLib:RShiftU64.obj
 0002:000018d0       ??_C@_0EJ@KBPJPBK@?$CIOrData?5?$DO?$DO?5?$CIEndBit?5?9?5StartBit?$CJ?$CJ@ 00000000000091f0     BaseLib:BitField.obj
 0002:00001920       ??_C@_0DB@JDBBEAEO@d?3?2myedk2?2edk2?2MdePkg?2Library?2B@ 0000000000009240     BaseLib:BitField.obj
 0002:00001958       ??_C@_0L@EMANAOKC@EndBit?5?$DM?58@ 0000000000009278     BaseLib:BitField.obj
 0002:00001968       ??_C@_0BD@JDBPFJOM@StartBit?5?$DM?$DN?5EndBit@ 0000000000009288     BaseLib:BitField.obj
 0002:00001980       ??_C@_0DD@OKIGPFG@d?3?2myedk2?2edk2?2MdePkg?2Library?2B@ 00000000000092a0     BaseLib:SafeString.obj
 0002:000019b8       ??_C@_0BJ@CNKJJNE@?$CIBuffer?5?$CB?$DN?5?$CI?$CIvoid?5?$CK?$CJ?50?$CJ?$CJ@ 00000000000092d8     BaseLib:SafeString.obj
 0002:000019d8       ??_C@_0BL@CPGKAMND@JumpBuffer?5?$CB?$DN?5?$CI?$CIvoid?5?$CK?$CJ?50?$CJ@ 00000000000092f8     BaseLib:SetJump.obj
 0002:000019f8       ??_C@_0DA@EDINMIIB@d?3?2myedk2?2edk2?2MdePkg?2Library?2B@ 0000000000009318     BaseLib:SetJump.obj
 0002:00001a28       ??_C@_0CD@OEHNCIHG@?$CI?$CIUINTN?$CJJumpBuffer?5?$CG?5?$CI8?5?9?51?$CJ?$CJ?5?$DN@ 0000000000009348     BaseLib:SetJump.obj
 0002:00001a50       ??_C@_0BA@DAGHIEBA@?$CIPort?5?$CG?51?$CJ?5?$DN?$DN?50@ 0000000000009370     BaseIoLibIntrinsicSev:IoLibMsc.obj
 0002:00001a60       ??_C@_0DM@HGIGHENF@d?3?2myedk2?2edk2?2MdePkg?2Library?2B@ 0000000000009380     BaseIoLibIntrinsicSev:IoLibMsc.obj
 0002:00001aa0       ??_C@_0BA@HCECIDGN@?$CIPort?5?$CG?53?$CJ?5?$DN?$DN?50@ 00000000000093c0     BaseIoLibIntrinsicSev:IoLibMsc.obj
 0002:00001ab0       ??_C@_0DJ@PLEMCDAL@d?3?2myedk2?2edk2?2MdePkg?2Library?2B@ 00000000000093d0     BaseIoLibIntrinsicSev:IoLib.obj
 0002:00001af0       ??_C@_0BD@KOOFJLFH@?$CIAddress?5?$CG?51?$CJ?5?$DN?$DN?50@ 0000000000009410     BaseIoLibIntrinsicSev:IoLib.obj
 0002:00001b08       ??_C@_0BD@OMMAJMCK@?$CIAddress?5?$CG?53?$CJ?5?$DN?$DN?50@ 0000000000009428     BaseIoLibIntrinsicSev:IoLib.obj
 0002:00001b20       ??_C@_0BD@GIIKJCNA@?$CIAddress?5?$CG?57?$CJ?5?$DN?$DN?50@ 0000000000009440     BaseIoLibIntrinsicSev:IoLib.obj
 0002:00001b38       ??_C@_0DO@DLJLNPNA@d?3?2myedk2?2edk2?2MdePkg?2Library?2B@ 0000000000009458     BasePrintLib:PrintLibInternal.obj
 0002:00001b80       ??_C@_0EB@HDGIDCIO@?$CIBufferSize?5?$DM?$DN?5?$CI_gPcd_FixedAtBu@ 00000000000094a0     BasePrintLib:PrintLibInternal.obj
 0002:00001bc8       ??_C@_0BJ@PPAKKDJG@?$CIFormat?5?$CB?$DN?5?$CI?$CIvoid?5?$CK?$CJ?50?$CJ?$CJ@ 00000000000094e8     BasePrintLib:PrintLibInternal.obj
 0002:00001bf0       ??_C@_0ED@LPDDCECB@?$CIBufferSize?5?$DM?$DN?5?$CI_gPcd_FixedAtBu@ 0000000000009510     BasePrintLib:PrintLibInternal.obj
 0002:00001c40       ??_C@_0IM@BFJJFLGB@?$CIStrnLenS?5?$CI?$CICHAR16?5?$CK?$CJFormat?0?5?$CI_@ 0000000000009560     BasePrintLib:PrintLibInternal.obj
 0002:00001cd0       ??_C@_0ID@PLGJGION@?$CIAsciiStrnLenS?5?$CIFormat?0?5?$CI_gPcd_@ 00000000000095f0     BasePrintLib:PrintLibInternal.obj
 0002:00001d58       ??_C@_0O@MLOLIMFM@?$DMnull?5string?$DO@ 0000000000009678     BasePrintLib:PrintLibInternal.obj
 0002:00001d68       ??_C@_0M@BJJDNPHK@?$DMnull?5guid?$DO@ 0000000000009688     BasePrintLib:PrintLibInternal.obj
 0002:00001d78       ??_C@_0DB@PMLHLBMO@?$CF08x?9?$CF04x?9?$CF04x?9?$CF02x?$CF02x?9?$CF02x?$CF02@ 0000000000009698     BasePrintLib:PrintLibInternal.obj
 0002:00001db0       ??_C@_0M@LHGBCIKM@?$DMnull?5time?$DO@ 00000000000096d0     BasePrintLib:PrintLibInternal.obj
 0002:00001dc0       ??_C@_0BK@FCPKCIDD@?$CF02d?1?$CF02d?1?$CF04d?5?5?$CF02d?3?$CF02d@ 00000000000096e0     BasePrintLib:PrintLibInternal.obj
 0002:00001ddc       ??_C@_04JIMNDDED@?$CF08X@  00000000000096fc     BasePrintLib:PrintLibInternal.obj
 0002:00001de4       ??_C@_02PCIJFNDE@?$AN?6@   0000000000009704     BasePrintLib:PrintLibInternal.obj
 0002:00001de8       ??_C@_01LIIJDEN@?$AN@      0000000000009708     BasePrintLib:PrintLibInternal.obj
 0002:00001df0       mWarningString             0000000000009710     BasePrintLib:PrintLibInternal.obj
 0002:00001e90       mErrorString               00000000000097b0     BasePrintLib:PrintLibInternal.obj
 0002:00002150       mHexStr                    0000000000009a70     BasePrintLib:PrintLibInternal.obj
 0002:00002160       ??_C@_0BO@BAKALPJK@?$CI?$CIAddress?$CJ?5?$CG?5?$HO0xfffffff?$CJ?5?$DN?$DN?50@ 0000000000009a80     BasePciExpressLib:PciExpressLib.obj
 0002:00002180       ??_C@_0EA@GAFEKIHN@d?3?2myedk2?2edk2?2MdePkg?2Library?2B@ 0000000000009aa0     BasePciExpressLib:PciExpressLib.obj
 0002:000021c0       ??_C@_0DI@EGELJHOH@d?3?2myedk2?2edk2?2MdePkg?2Library?2B@ 0000000000009ae0     BasePciCf8Lib:PciCf8Lib.obj
 0002:000021f8       ??_C@_0CG@EDKLCMBO@?$CI?$CIAddress?$CJ?5?$CG?5?$CI?$HO0xffff0ff?5?$HM?5?$CI3?$CJ?$CJ@ 0000000000009b18     BasePciCf8Lib:PciCf8Lib.obj
 0002:00002220       ??_C@_0EK@BLOCLGHE@d?3?2myedk2?2edk2?2UefiCpuPkg?2Libra@ 0000000000009b40     BaseXApicX2ApicLib:BaseXApicX2ApicLib.obj
 0002:00002270       ??_C@_0BI@IFINGPEJ@?$CIMmioOffset?5?$CG?50xf?$CJ?5?$DN?$DN?50@ 0000000000009b90     BaseXApicX2ApicLib:BaseXApicX2ApicLib.obj
 0002:00002288       ??_C@_0BJ@MBLFAKBO@ApicBaseMsr?4Bits?4EN?5?$CB?$DN?50@ 0000000000009ba8     BaseXApicX2ApicLib:BaseXApicX2ApicLib.obj
 0002:000022a8       ??_C@_0BD@KIGMPOME@DivideValue?5?$DM?$DN?5128@ 0000000000009bc8     BaseXApicX2ApicLib:BaseXApicX2ApicLib.obj
 0002:000022c0       ??_C@_0DF@NNGMMEOC@DivideValue?5?$DN?$DN?5GetPowerOfTwo32?5@ 0000000000009be0     BaseXApicX2ApicLib:BaseXApicX2ApicLib.obj
 0002:000022f8       ??_C@_0CN@CPPCCLLE@?$CIReadLocalApicReg?5?$CI0x0f0?$CJ?5?$CG?50x0@ 0000000000009c18     BaseXApicX2ApicLib:BaseXApicX2ApicLib.obj
 0002:00002328       ??_C@_0BJ@FKJAAJLB@SpinLock?5?$CB?$DN?5?$CI?$CIvoid?5?$CK?$CJ?50?$CJ@ 0000000000009c48     BaseSynchronizationLib:SynchronizationMsc.obj
 0002:00002350       ??_C@_0EK@DDEAAHDL@d?3?2myedk2?2edk2?2MdePkg?2Library?2B@ 0000000000009c70     BaseSynchronizationLib:SynchronizationMsc.obj
 0002:000023a0       ??_C@_0DF@GPAOIIHK@LockValue?5?$DN?$DN?5?$CI?$CIUINTN?$CJ?52?$CJ?5?$HM?$HM?5Loc@ 0000000000009cc0     BaseSynchronizationLib:SynchronizationMsc.obj
 0002:000023d8       ??_C@_0BG@GJANEBOB@Value?5?$CB?$DN?5?$CI?$CIvoid?5?$CK?$CJ?50?$CJ@ 0000000000009cf8     BaseSynchronizationLib:SynchronizationMsc.obj
 0002:000023f0       __xmm@000fffffc0000000000fffffc0000000 0000000000009d10     MemEncryptTdxLib:MemoryEncryption.obj
 0002:00002454       __volatile_metadata        0000000000009d74     <linker-defined>
 0003:00000000       ExceptionStubHeaderSize    000000000000a040     DxeDebugAgentLib:AsmFuncs.obj
 0003:00000010       gPcdProtocolGuid           000000000000a050     TdxDxe:AutoGen.obj
 0003:00000020       gEfiMpInitLibMpDepProtocolGuid 000000000000a060     TdxDxe:AutoGen.obj
 0003:00000030       gEfiSerialIoProtocolGuid   000000000000a070     TdxDxe:AutoGen.obj
 0003:00000040       gEfiDevicePathProtocolGuid 000000000000a080     TdxDxe:AutoGen.obj
 0003:00000050       gEfiVectorHandoffInfoPpiGuid 000000000000a090     TdxDxe:AutoGen.obj
 0003:00000060       gUefiOvmfPkgPlatformInfoGuid 000000000000a0a0     TdxDxe:AutoGen.obj
 0003:00000070       gEfiDevicePathUtilitiesProtocolGuid 000000000000a0b0     TdxDxe:AutoGen.obj
 0003:00000080       gEfiAcpiTableProtocolGuid  000000000000a0c0     TdxDxe:AutoGen.obj
 0003:00000090       gEfiAcpiSdtProtocolGuid    000000000000a0d0     TdxDxe:AutoGen.obj
 0003:000000a0       gEfiVectorHandoffTableGuid 000000000000a0e0     TdxDxe:AutoGen.obj
 0003:000000b0       gEfiHobListGuid            000000000000a0f0     TdxDxe:AutoGen.obj
 0003:000000c0       gEfiMpInitLibUpDepProtocolGuid 000000000000a100     TdxDxe:AutoGen.obj
 0003:000000d0       gEfiDxeServicesTableGuid   000000000000a110     TdxDxe:AutoGen.obj
 0003:000000e0       gEfiDebugAgentGuid         000000000000a120     TdxDxe:AutoGen.obj
 0003:000000f0       gQemuAcpiTableNotifyProtocolGuid 000000000000a130     TdxDxe:AutoGen.obj
 0003:00000100       mVectorHandoffInfoDebugAgent 000000000000a140     DxeDebugAgentLib:DebugAgent.obj
 0003:000002e0       mErrorMsgVersionAlert      000000000000a320     DxeDebugAgentLib:DebugAgent.obj
 0003:00000350       mErrorMsgSendInitPacket    000000000000a390     DxeDebugAgentLib:DebugAgent.obj
 0003:000003b0       mErrorMsgConnectOK         000000000000a3f0     DxeDebugAgentLib:DebugAgent.obj
 0003:000003e0       mWarningMsgIngoreBreakpoint 000000000000a420     DxeDebugAgentLib:DebugAgent.obj
 0003:00000430       mErrorMsgConnectFail       000000000000a470     DxeDebugAgentLib:DebugAgent.obj
 0003:00000450       mSerialIo                  000000000000a490     DxeDebugAgentLib:SerialIo.obj
 0003:00000498       mSerialFifoForDebug        000000000000a4d8     DxeDebugAgentLib:SerialIo.obj
 0003:000004a8       mSerialFifoForTerminal     000000000000a4e8     DxeDebugAgentLib:SerialIo.obj
 0003:000004b8       mSerialIoMode              000000000000a4f8     DxeDebugAgentLib:SerialIo.obj
 0003:000004d8       mSerialIoDevicePath        000000000000a518     DxeDebugAgentLib:SerialIo.obj
 0003:00000520       mPcd                       000000000000a560     DxePcdLib:DxePcdLib.obj
 0003:00000528       mTdVCpuNum                 000000000000a568     TdxLib:TdInfo.obj
 0003:0000052c       mTdDataReturned            000000000000a56c     TdxLib:TdInfo.obj
 0003:00000530       mTdSharedPageMask          000000000000a570     TdxLib:TdInfo.obj
 0003:00000538       gST                        000000000000a578     UefiBootServicesTableLib:UefiBootServicesTableLib.obj
 0003:00000540       gBS                        000000000000a580     UefiBootServicesTableLib:UefiBootServicesTableLib.obj
 0003:00000548       gImageHandle               000000000000a588     UefiBootServicesTableLib:UefiBootServicesTableLib.obj
 0003:00000550       gRT                        000000000000a590     UefiRuntimeServicesTableLib:UefiRuntimeServicesTableLib.obj
 0003:00000558       mDevicePathLibDevicePathUtilities 000000000000a598     UefiDevicePathLibDevicePathProtocol:UefiDevicePathLib.obj
 0003:00000560       mHobList                   000000000000a5a0     DxeHobLib:HobLib.obj
 0003:00000568       mSkipBreakpoint            000000000000a5a8     DxeDebugAgentLib:DxeDebugAgentLib.obj
 0003:00000569       mMultiProcessorDebugSupport 000000000000a5a9     DxeDebugAgentLib:DxeDebugAgentLib.obj
 0003:00000570       mMailboxPointer            000000000000a5b0     DxeDebugAgentLib:DxeDebugAgentLib.obj
 0003:00000578       mDxeCoreFlag               000000000000a5b8     DxeDebugAgentLib:DxeDebugAgentLib.obj
 0003:00000580       mDebugMpContext            000000000000a5c0     DxeDebugAgentLib:DebugMp.obj
 0003:000005f0       mDebugCpuData              000000000000a630     DxeDebugAgentLib:DebugMp.obj
 0003:000007f8       mSerialIoHandle            000000000000a838     DxeDebugAgentLib:SerialIo.obj
 0003:00000800       mLoopbackBuffer            000000000000a840     DxeDebugAgentLib:SerialIo.obj
 0003:00000808       gDS                        000000000000a848     DxeServicesTableLib:DxeServicesTableLib.obj
 0003:00000810       mNumOfCpus                 000000000000a850     TdxMailboxLib:TdxMailbox.obj
 0003:00000818       mMailBox                   000000000000a858     TdxMailboxLib:TdxMailbox.obj
 0003:00000828       gParity                    000000000000a868     PcAtSerialPortLib:SerialPortLib.obj
 0003:00000829       gBreakSet                  000000000000a869     PcAtSerialPortLib:SerialPortLib.obj

 entry point at        0001:000008c4

 Static symbols

 0001:00000000       AsmRelocateApMailBoxLoopStart 00000000000002c0     TdxDxe:ApRunLoop.obj
 0001:00000025       MailBoxLoop                00000000000002e5     TdxDxe:ApRunLoop.obj
 0001:00000036       MailBoxProcessCommand      00000000000002f6     TdxDxe:ApRunLoop.obj
 0001:00000042       MailBoxWakeUp              0000000000000302     TdxDxe:ApRunLoop.obj
 0001:0000004f       MailBoxSleep               000000000000030f     TdxDxe:ApRunLoop.obj
 0001:00000051       Panic                      0000000000000311     TdxDxe:ApRunLoop.obj
 0001:00000053       AsmRelocateApMailBoxLoopEnd 0000000000000313     TdxDxe:ApRunLoop.obj
 0001:0000008a       InternalMemCopyMem.0       000000000000034a     BaseMemoryLibRepStr:CopyMem.obj
 0001:0000009a       @CopyBackward              000000000000035a     BaseMemoryLibRepStr:CopyMem.obj
 0001:000000a3       @CopyBytes                 0000000000000363     BaseMemoryLibRepStr:CopyMem.obj
 0001:0000011b       TdCall.exit                00000000000003db     BaseLib:TdCall.obj
 0001:00000145       AsmCpuidEx.0               0000000000000405     BaseLib:CpuIdEx.obj
 0001:0000014c       AsmCpuidEx.1               000000000000040c     BaseLib:CpuIdEx.obj
 0001:00000153       AsmCpuidEx.2               0000000000000413     BaseLib:CpuIdEx.obj
 0001:0000015c       AsmCpuidEx.3               000000000000041c     BaseLib:CpuIdEx.obj
 0001:0000016f       AsmCpuid.0                 000000000000042f     BaseLib:CpuId.obj
 0001:00000174       AsmCpuid.1                 0000000000000434     BaseLib:CpuId.obj
 0001:0000017b       AsmCpuid.2                 000000000000043b     BaseLib:CpuId.obj
 0001:00000184       AsmCpuid.3                 0000000000000444     BaseLib:CpuId.obj
 0001:000001a7       Exception1Handle           0000000000000467     DxeDebugAgentLib:AsmFuncs.obj
 0001:000001ba       Exception2Handle           000000000000047a     DxeDebugAgentLib:AsmFuncs.obj
 0001:000001cd       Exception3Handle           000000000000048d     DxeDebugAgentLib:AsmFuncs.obj
 0001:000001e0       Exception4Handle           00000000000004a0     DxeDebugAgentLib:AsmFuncs.obj
 0001:000001f3       Exception5Handle           00000000000004b3     DxeDebugAgentLib:AsmFuncs.obj
 0001:00000206       Exception6Handle           00000000000004c6     DxeDebugAgentLib:AsmFuncs.obj
 0001:00000219       Exception7Handle           00000000000004d9     DxeDebugAgentLib:AsmFuncs.obj
 0001:0000022c       Exception8Handle           00000000000004ec     DxeDebugAgentLib:AsmFuncs.obj
 0001:0000023f       Exception9Handle           00000000000004ff     DxeDebugAgentLib:AsmFuncs.obj
 0001:00000252       Exception10Handle          0000000000000512     DxeDebugAgentLib:AsmFuncs.obj
 0001:00000265       Exception11Handle          0000000000000525     DxeDebugAgentLib:AsmFuncs.obj
 0001:00000278       Exception12Handle          0000000000000538     DxeDebugAgentLib:AsmFuncs.obj
 0001:0000028b       Exception13Handle          000000000000054b     DxeDebugAgentLib:AsmFuncs.obj
 0001:0000029e       Exception14Handle          000000000000055e     DxeDebugAgentLib:AsmFuncs.obj
 0001:000002b1       Exception15Handle          0000000000000571     DxeDebugAgentLib:AsmFuncs.obj
 0001:000002c4       Exception16Handle          0000000000000584     DxeDebugAgentLib:AsmFuncs.obj
 0001:000002d7       Exception17Handle          0000000000000597     DxeDebugAgentLib:AsmFuncs.obj
 0001:000002ea       Exception18Handle          00000000000005aa     DxeDebugAgentLib:AsmFuncs.obj
 0001:000002fd       Exception19Handle          00000000000005bd     DxeDebugAgentLib:AsmFuncs.obj
 0001:0000031f       CommonEntry                00000000000005df     DxeDebugAgentLib:AsmFuncs.obj
 0001:00000355       NoExtrPush                 0000000000000615     DxeDebugAgentLib:AsmFuncs.obj
 0001:000005e3       CetDone                    00000000000008a3     BaseLib:SetJump.obj
 0001:0000073e       TdVmCall.no_return_data    00000000000009fe     BaseLib:TdVmcall.obj
 0001:000007c0       CetDone                    0000000000000a80     BaseLib:LongJump.obj
 0001:00000c64       GetResourceDescriptor      0000000000000f24 f   TdxDxe:TdxDxe.obj
 0001:00004e70       AllocatePageTableMemory    0000000000005130 f   MemEncryptTdxLib:MemoryEncryption.obj
 0001:00004f34       Split2MPageTo4K            00000000000051f4 f   MemEncryptTdxLib:MemoryEncryption.obj
 0001:00004fac       SetPageTablePoolReadOnly   000000000000526c f   MemEncryptTdxLib:MemoryEncryption.obj
 0001:000051d4       SetOrClearSharedBit        0000000000005494 f   MemEncryptTdxLib:MemoryEncryption.obj
 0001:0000526c       SetMemorySharedOrPrivate   000000000000552c f   MemEncryptTdxLib:MemoryEncryption.obj
 0001:000070e4       $LN35                      00000000000073a4     BaseXApicX2ApicLib:BaseXApicX2ApicLib.obj
 0001:000070ec       $LN34                      00000000000073ac     BaseXApicX2ApicLib:BaseXApicX2ApicLib.obj
 0003:00000004       CommonEntryAddr            000000000000a044     DxeDebugAgentLib:AsmFuncs.obj
 0003:00000820       mPageTablePool             000000000000a860     MemEncryptTdxLib:MemoryEncryption.obj
 0003:0000082c       mRunningOnQ35              000000000000a86c     DxePciLibI440FxQ35:PciLib.obj
 0003:00000830       mAcpiTimerIoAddr           000000000000a870     DxeAcpiTimerLib:DxeAcpiTimerLib.obj
 0005:00000000       $unwind$MmioRead16         000000000000ade0     BaseIoLibIntrinsicSev:IoLib.obj
 0005:00000000       $unwind$MmioRead32         000000000000ade0     BaseIoLibIntrinsicSev:IoLib.obj
 0005:00000000       $unwind$MmioRead64         000000000000ade0     BaseIoLibIntrinsicSev:IoLib.obj
 0005:00000000       $unwind$IoRead16           000000000000ade0     BaseIoLibIntrinsicSev:IoLibMsc.obj
 0005:00000000       $unwind$IoRead32           000000000000ade0     BaseIoLibIntrinsicSev:IoLibMsc.obj
 0005:00000000       $unwind$SaveAndDisableInterrupts 000000000000ade0     BaseLib:Cpu.obj
 0005:00000000       $unwind$StrnLenS           000000000000ade0     BaseLib:SafeString.obj
 0005:00000000       $unwind$PciExpressRead32   000000000000ade0     BasePciExpressLib:PciExpressLib.obj
 0005:00000000       $unwind$_ModuleEntryPoint  000000000000ade0     UefiDriverEntryPoint:DriverEntryPoint.obj
 0005:00000000       $unwind$MicroSecondDelay   000000000000ade0     DxeAcpiTimerLib:AcpiTimerLib.obj
 0005:00000000       $unwind$GetDebugFlag       000000000000ade0     DxeDebugAgentLib:DebugAgent.obj
 0005:00000000       $unwind$AcquireMpSpinLock  000000000000ade0     DxeDebugAgentLib:DebugMp.obj
 0005:00000000       $unwind$DebugAgentIsBsp    000000000000ade0     DxeDebugAgentLib:DebugMp.obj
 0005:00000000       $unwind$HaltOtherProcessors 000000000000ade0     DxeDebugAgentLib:DebugMp.obj
 0005:00000000       $unwind$ReleaseMpSpinLock  000000000000ade0     DxeDebugAgentLib:DebugMp.obj
 0005:00000000       $unwind$AccessMsrTdxCall   000000000000ade0     BaseXApicX2ApicLib:BaseXApicX2ApicLib.obj
 0005:00000000       $unwind$GetApicMode        000000000000ade0     BaseXApicX2ApicLib:BaseXApicX2ApicLib.obj
 0005:00000000       $unwind$GetApicTimerState  000000000000ade0     BaseXApicX2ApicLib:BaseXApicX2ApicLib.obj
 0005:00000000       $unwind$ReadLocalApicReg   000000000000ade0     BaseXApicX2ApicLib:BaseXApicX2ApicLib.obj
 0005:00000008       $unwind$ProcessLibraryConstructorList 000000000000ade8     TdxDxe:AutoGen.obj
 0005:0000001c       $unwind$GetResourceDescriptor 000000000000adfc     TdxDxe:TdxDxe.obj
 0005:00000034       $unwind$TdxDxeEntryPoint   000000000000ae14     TdxDxe:TdxDxe.obj
 0005:0000004c       $unwind$RelocateMailbox    000000000000ae2c     TdxDxe:TdxAcpiTable.obj
 0005:00000064       $unwind$AlterAcpiTable     000000000000ae44     TdxDxe:TdxAcpiTable.obj
 0005:00000078       $unwind$InternalAssertJumpBuffer 000000000000ae58     BaseLib:SetJump.obj
 0005:00000078       $unwind$GetHobList         000000000000ae58     DxeHobLib:HobLib.obj
 0005:00000078       $unwind$GetPcdProtocol     000000000000ae58     DxePcdLib:DxePcdLib.obj
 0005:00000078       $unwind$TdSharedPageMask   000000000000ae58     TdxLib:TdInfo.obj
 0005:00000078       $unwind$FreePool           000000000000ae58     UefiMemoryAllocationLib:MemoryAllocationLib.obj
 0005:00000078       $unwind$InternalAllocatePool 000000000000ae58     UefiMemoryAllocationLib:MemoryAllocationLib.obj
 0005:00000078       $unwind$ResetCold          000000000000ae58     DxeResetSystemLib:ResetSystemLib.obj
 0005:00000078       $unwind$GetMailboxPointer  000000000000ae58     DxeDebugAgentLib:DxeDebugAgentLib.obj
 0005:00000078       $unwind$GetLocalApicBaseAddress 000000000000ae58     BaseXApicX2ApicLib:BaseXApicX2ApicLib.obj
 0005:00000080       $unwind$MmioWrite32        000000000000ae60     BaseIoLibIntrinsicSev:IoLib.obj
 0005:00000080       $unwind$IoWrite16          000000000000ae60     BaseIoLibIntrinsicSev:IoLibMsc.obj
 0005:00000080       $unwind$IoWrite32          000000000000ae60     BaseIoLibIntrinsicSev:IoLibMsc.obj
 0005:00000080       $unwind$LShiftU64          000000000000ae60     BaseLib:LShiftU64.obj
 0005:00000080       $unwind$RShiftU64          000000000000ae60     BaseLib:RShiftU64.obj
 0005:00000080       $unwind$AsciiStrLen        000000000000ae60     BaseLib:String.obj
 0005:00000080       $unwind$ZeroMem            000000000000ae60     BaseMemoryLibRepStr:ZeroMemWrapper.obj
 0005:00000080       $unwind$GetFirstGuidHob    000000000000ae60     DxeHobLib:HobLib.obj
 0005:00000080       $unwind$GetNextHob         000000000000ae60     DxeHobLib:HobLib.obj
 0005:00000080       $unwind$LibPcdSet64S       000000000000ae60     DxePcdLib:DxePcdLib.obj
 0005:00000080       $unwind$Split2MPageTo4K    000000000000ae60     MemEncryptTdxLib:MemoryEncryption.obj
 0005:00000080       $unwind$GetBreakCause      000000000000ae60     DxeDebugAgentLib:DebugAgent.obj
 0005:00000080       $unwind$SendDebugMsgPacket 000000000000ae60     DxeDebugAgentLib:DebugAgent.obj
 0005:00000080       $unwind$SendPacketWithoutData 000000000000ae60     DxeDebugAgentLib:DebugAgent.obj
 0005:00000080       $unwind$GetProcessorIndex  000000000000ae60     DxeDebugAgentLib:DebugMp.obj
 0005:00000080       $unwind$WriteLocalApicReg  000000000000ae60     BaseXApicX2ApicLib:BaseXApicX2ApicLib.obj
 0005:0000008c       $unwind$BitFieldOr8        000000000000ae6c     BaseLib:BitField.obj
 0005:0000008c       $unwind$InternalBaseLibBitFieldOrUint 000000000000ae6c     BaseLib:BitField.obj
 0005:0000008c       $unwind$CompareMem         000000000000ae6c     BaseMemoryLibRepStr:CompareMemWrapper.obj
 0005:0000008c       $unwind$CopyMem            000000000000ae6c     BaseMemoryLibRepStr:CopyMemWrapper.obj
 0005:0000008c       $unwind$PciCf8Read32       000000000000ae6c     BasePciCf8Lib:PciCf8Lib.obj
 0005:0000008c       $unwind$MpSerializeStart   000000000000ae6c     TdxMailboxLib:TdxMailbox.obj
 0005:0000008c       $unwind$SerialWrite        000000000000ae6c     DxeDebugAgentLib:SerialIo.obj
 0005:0000008c       $unwind$SendIpi            000000000000ae6c     BaseXApicX2ApicLib:BaseXApicX2ApicLib.obj
 0005:000000a0       $unwind$TdIsEnabled        000000000000ae80     BaseLib:TdProbe.obj
 0005:000000ac       $unwind$GetTdInfo          000000000000ae8c     TdxLib:TdInfo.obj
 0005:000000b4       $unwind$DebugPrint         000000000000ae94     BaseDebugLibSerialPort:DebugLib.obj
 0005:000000bc       $unwind$DebugPrintMarker   000000000000ae9c     BaseDebugLibSerialPort:DebugLib.obj
 0005:000000d0       $unwind$DebugAssert        000000000000aeb0     BaseDebugLibSerialPort:DebugLib.obj
 0005:000000d8       $unwind$InternalAllocateAlignedPages 000000000000aeb8     UefiMemoryAllocationLib:MemoryAllocationLib.obj
 0005:000000e8       $unwind$EfiGetSystemConfigurationTable 000000000000aec8     UefiLib:UefiLib.obj
 0005:000000e8       $unwind$CopyMemByWidth     000000000000aec8     DxeDebugAgentLib:DebugAgent.obj
 0005:00000100       $unwind$InternalConstructorWorker 000000000000aee0     DxeDebugAgentLib:DxeDebugAgentLib.obj
 0005:0000010c       $unwind$CalculateCrc16     000000000000aeec     DxeDebugAgentLib:DebugAgent.obj
 0005:00000118       $unwind$VerifyMailboxChecksum 000000000000aef8     DxeDebugAgentLib:DebugAgent.obj
 0005:00000128       $unwind$UpdateMailboxContent 000000000000af08     DxeDebugAgentLib:DebugAgent.obj
 0005:0000013c       $unwind$DebugAgentReadBuffer 000000000000af1c     DxeDebugAgentLib:DebugAgent.obj
 0005:00000158       $unwind$BitFieldAnd8       000000000000af38     BaseLib:BitField.obj
 0005:00000158       $unwind$BitFieldAndThenOr8 000000000000af38     BaseLib:BitField.obj
 0005:00000158       $unwind$CalculateSum8      000000000000af38     BaseLib:CheckSum.obj
 0005:00000158       $unwind$DivU64x32Remainder 000000000000af38     BaseLib:DivU64x32Remainder.obj
 0005:00000158       $unwind$SetMem             000000000000af38     BaseMemoryLibRepStr:SetMemWrapper.obj
 0005:00000158       $unwind$InternalAcpiDelay  000000000000af38     DxeAcpiTimerLib:AcpiTimerLib.obj
 0005:00000158       $unwind$SendAckPacket      000000000000af38     DxeDebugAgentLib:DebugAgent.obj
 0005:00000158       $unwind$SetDebugFlag       000000000000af38     DxeDebugAgentLib:DebugAgent.obj
 0005:00000158       $unwind$SetCpuBreakFlagByIndex 000000000000af38     DxeDebugAgentLib:DebugMp.obj
 0005:00000158       $unwind$SetCpuStopFlagByIndex 000000000000af38     DxeDebugAgentLib:DebugMp.obj
 0005:00000158       $unwind$IsDebugTimerTimeout 000000000000af38     DxeDebugAgentLib:DebugTimer.obj
 0005:00000158       $unwind$SaveAndSetDebugTimerInterrupt 000000000000af38     DxeDebugAgentLib:DebugTimer.obj
 0005:00000158       $unwind$SerialGetControl   000000000000af38     DxeDebugAgentLib:SerialIo.obj
 0005:00000168       $unwind$DebugAgentMsgPrint 000000000000af48     DxeDebugAgentLib:DebugAgent.obj
 0005:00000174       $unwind$DebugAgentDataMsgPrint 000000000000af54     DxeDebugAgentLib:DebugAgent.obj
 0005:0000018c       $unwind$ReadRemainingBreakPacket 000000000000af6c     DxeDebugAgentLib:DebugAgent.obj
 0005:000001a0       $unwind$DecompressDataInPlace 000000000000af80     DxeDebugAgentLib:DebugAgent.obj
 0005:000001bc       $unwind$ReceivePacket      000000000000af9c     DxeDebugAgentLib:DebugAgent.obj
 0005:000001d8       $unwind$SendCommandAndWaitForAckOK 000000000000afb8     DxeDebugAgentLib:DebugAgent.obj
 0005:000001f8       $unwind$CompressData       000000000000afd8     DxeDebugAgentLib:DebugAgent.obj
 0005:00000210       $unwind$ReadMemoryAndSendResponsePacket 000000000000aff0     DxeDebugAgentLib:DebugAgent.obj
 0005:0000022c       $unwind$AttachHost         000000000000b00c     DxeDebugAgentLib:DebugAgent.obj
 0005:00000238       $unwind$SendBreakPacketToHost 000000000000b018     DxeDebugAgentLib:DebugAgent.obj
 0005:00000244       $unwind$CommandCommunication 000000000000b024     DxeDebugAgentLib:DebugAgent.obj
 0005:00000264       $unwind$InterruptProcess   000000000000b044     DxeDebugAgentLib:DebugAgent.obj
 0005:00000280       $unwind$InitializeDebugTimer 000000000000b060     DxeDebugAgentLib:DebugTimer.obj
 0005:00000294       $unwind$SerialRead         000000000000b074     DxeDebugAgentLib:SerialIo.obj
 0005:000002ac       $unwind$DebugReadBreakFromDebugPort 000000000000b08c     DxeDebugAgentLib:SerialIo.obj
 0005:000002b4       $unwind$AllocatePageTableMemory 000000000000b094     MemEncryptTdxLib:MemoryEncryption.obj
 0005:000002b4       $unwind$GetApicId          000000000000b094     BaseXApicX2ApicLib:BaseXApicX2ApicLib.obj
 0005:000002b4       $unwind$LocalApicReadMsrReg64 000000000000b094     BaseXApicX2ApicLib:BaseXApicX2ApicLib.obj
 0005:000002bc       $unwind$SetPageTablePoolReadOnly 000000000000b09c     MemEncryptTdxLib:MemoryEncryption.obj
 0005:000002d8       $unwind$SetOrClearSharedBit 000000000000b0b8     MemEncryptTdxLib:MemoryEncryption.obj
 0005:000002ec       $unwind$SetMemorySharedOrPrivate 000000000000b0cc     MemEncryptTdxLib:MemoryEncryption.obj
 0005:00000304       $unwind$CompareGuid        000000000000b0e4     BaseMemoryLibRepStr:MemLibGuid.obj
 0005:0000031c       $unwind$BitFieldWrite8     000000000000b0fc     BaseLib:BitField.obj
 0005:00000330       $unwind$AsciiSPrint        000000000000b110     BasePrintLib:PrintLib.obj
 0005:00000338       $unwind$BasePrintLibValueToString 000000000000b118     BasePrintLib:PrintLibInternal.obj
 0005:00000338       $unwind$AcquireSpinLockOrFail 000000000000b118     BaseSynchronizationLib:SynchronizationMsc.obj
 0005:00000344       $unwind$BasePrintLibSPrintMarker 000000000000b124     BasePrintLib:PrintLibInternal.obj
 0005:00000360       $unwind$BasePrintLibSPrint 000000000000b140     BasePrintLib:PrintLibInternal.obj
 0005:00000368       $unwind$LocalApicWriteMsrReg64 000000000000b148     BaseXApicX2ApicLib:BaseXApicX2ApicLib.obj
 0005:00000374       $unwind$LocalApicBaseAddressMsrSupported 000000000000b154     BaseXApicX2ApicLib:BaseXApicX2ApicLib.obj
