 EhciDxe

 Timestamp is 62c3c26a (Tue Jul  5 12:47:38 2022)

 Preferred load address is 0000000000000000

 Start         Length     Name                   Class
 0001:00000000 000001b8H .text                   CODE
 0001:000001b8 0000685eH .text$mn                CODE
 0002:00000000 00002250H .rdata                  DATA
 0002:00002250 00000020H .rdata$voltmd           DATA
 0002:00002270 0000013cH .rdata$zzzdbg           DATA
 0003:00000000 00000160H .data                   DATA
 0003:00000160 00000032H .bss                    DATA
 0004:00000000 000003e4H .pdata                  DATA
 0005:00000000 0000030cH .xdata                  DATA

  Address         Publics by Value              Rva+Base               Lib:Object

 0000:00000000       __arm64x_redirection_metadata 0000000000000000     <absolute>
 0000:00000000       __x64_code_ranges_to_entry_points_count 0000000000000000     <absolute>
 0000:00000000       __guard_iat_count          0000000000000000     <absolute>
 0000:00000000       __guard_longjmp_count      0000000000000000     <absolute>
 0000:00000000       __dynamic_value_reloc_table 0000000000000000     <absolute>
 0000:00000000       __hybrid_auxiliary_iat     0000000000000000     <absolute>
 0000:00000000       __hybrid_auxiliary_iat_copy 0000000000000000     <absolute>
 0000:00000000       __guard_longjmp_table      0000000000000000     <absolute>
 0000:00000000       __x64_code_ranges_to_entry_points 0000000000000000     <absolute>
 0000:00000000       __guard_iat_table          0000000000000000     <absolute>
 0000:00000000       __guard_fids_count         0000000000000000     <absolute>
 0000:00000000       __AbsoluteZero             0000000000000000     <absolute>
 0000:00000000       __arm64x_extra_rfe_table   0000000000000000     <absolute>
 0000:00000000       __hybrid_code_map_count    0000000000000000     <absolute>
 0000:00000000       __guard_check_icall_a64n_fptr 0000000000000000     <absolute>
 0000:00000000       __guard_fids_table         0000000000000000     <absolute>
 0000:00000000       __hybrid_code_map          0000000000000000     <absolute>
 0000:00000000       __arm64x_extra_rfe_table_size 0000000000000000     <absolute>
 0000:00000000       __guard_flags              0000000000000000     <absolute>
 0000:00000000       __guard_eh_cont_count      0000000000000000     <absolute>
 0000:00000000       __arm64x_redirection_metadata_count 0000000000000000     <absolute>
 0000:00000000       __enclave_config           0000000000000000     <absolute>
 0000:00000000       __arm64x_native_entrypoint 0000000000000000     <absolute>
 0000:00000000       __guard_eh_cont_table      0000000000000000     <absolute>
 0000:00000000       __ImageBase                0000000000000000     <linker-defined>
 0001:00000000       InternalMemCopyMem         00000000000002c0     BaseMemoryLibRepStr:CopyMem.obj
 0001:00000040       InternalMemZeroMem         0000000000000300     BaseMemoryLibRepStr:ZeroMem.obj
 0001:00000060       InternalMemSetMem          0000000000000320     BaseMemoryLibRepStr:SetMem.obj
 0001:00000080       InternalMemSetMem64        0000000000000340     BaseMemoryLibRepStr:SetMem64.obj
 0001:000000a0       InternalMemSetMem32        0000000000000360     BaseMemoryLibRepStr:SetMem32.obj
 0001:000000c0       CpuPause                   0000000000000380     BaseLib:CpuPause.obj
 0001:000000d0       TdVmCall                   0000000000000390     BaseLib:TdVmcall.obj
 0001:00000160       TdCall                     0000000000000420     BaseLib:TdCall.obj
 0001:000001b8       _ModuleEntryPoint          0000000000000478 f   UefiDriverEntryPoint:DriverEntryPoint.obj
 0001:00000264       ProcessLibraryConstructorList 0000000000000524 f   EhciDxe:AutoGen.obj
 0001:000003f8       EhcGetCapability           00000000000006b8 f   EhciDxe:Ehci.obj
 0001:000004d0       EhcReset                   0000000000000790 f   EhciDxe:Ehci.obj
 0001:00000670       EhcGetState                0000000000000930 f   EhciDxe:Ehci.obj
 0001:0000071c       EhcSetState                00000000000009dc f   EhciDxe:Ehci.obj
 0001:00000864       EhcGetRootHubPortStatus    0000000000000b24 f   EhciDxe:Ehci.obj
 0001:000009bc       EhcSetRootHubPortFeature   0000000000000c7c f   EhciDxe:Ehci.obj
 0001:00000b48       EhcClearRootHubPortFeature 0000000000000e08 f   EhciDxe:Ehci.obj
 0001:00000c98       EhcControlTransfer         0000000000000f58 f   EhciDxe:Ehci.obj
 0001:00000f70       EhcBulkTransfer            0000000000001230 f   EhciDxe:Ehci.obj
 0001:00001248       EhcAsyncInterruptTransfer  0000000000001508 f   EhciDxe:Ehci.obj
 0001:00001444       EhcSyncInterruptTransfer   0000000000001704 f   EhciDxe:Ehci.obj
 0001:00001704       EhcAsyncIsochronousTransfer 00000000000019c4 f   EhciDxe:Ehci.obj
 0001:00001704       EhcIsochronousTransfer     00000000000019c4 f   EhciDxe:Ehci.obj
 0001:00001710       EhcDriverBindingSupported  00000000000019d0 f   EhciDxe:Ehci.obj
 0001:000017e0       EhcGetUsbDebugPortInfo     0000000000001aa0 f   EhciDxe:Ehci.obj
 0001:00001900       EhcCreateUsb2Hc            0000000000001bc0 f   EhciDxe:Ehci.obj
 0001:00001ae8       EhcExitBootService         0000000000001da8 f   EhciDxe:Ehci.obj
 0001:00001af0       EhcDriverBindingStart      0000000000001db0 f   EhciDxe:Ehci.obj
 0001:00002028       EhcDriverBindingStop       00000000000022e8 f   EhciDxe:Ehci.obj
 0001:000021e8       EhciComponentNameGetDriverName 00000000000024a8 f   EhciDxe:ComponentName.obj
 0001:0000221c       EhciComponentNameGetControllerName 00000000000024dc f   EhciDxe:ComponentName.obj
 0001:00002350       EhcCreateHelpQ             0000000000002610 f   EhciDxe:EhciSched.obj
 0001:00002454       EhcInitSched               0000000000002714 f   EhciDxe:EhciSched.obj
 0001:000026f8       EhcFreeSched               00000000000029b8 f   EhciDxe:EhciSched.obj
 0001:00002820       EhcLinkQhToAsync           0000000000002ae0 f   EhciDxe:EhciSched.obj
 0001:00002894       EhcUnlinkQhFromAsync       0000000000002b54 f   EhciDxe:EhciSched.obj
 0001:00002974       EhcLinkQhToPeriod          0000000000002c34 f   EhciDxe:EhciSched.obj
 0001:00002ac4       EhcUnlinkQhFromPeriod      0000000000002d84 f   EhciDxe:EhciSched.obj
 0001:00002b74       EhcCheckUrbResult          0000000000002e34 f   EhciDxe:EhciSched.obj
 0001:00002d50       EhcExecTransfer            0000000000003010 f   EhciDxe:EhciSched.obj
 0001:00002e34       EhciDelAsyncIntTransfer    00000000000030f4 f   EhciDxe:EhciSched.obj
 0001:00002ef0       EhciInsertAsyncIntTransfer 00000000000031b0 f   EhciDxe:EhciSched.obj
 0001:00003030       EhcUpdateAsyncRequest      00000000000032f0 f   EhciDxe:EhciSched.obj
 0001:0000310c       EhcMonitorAsyncRequests    00000000000033cc f   EhciDxe:EhciSched.obj
 0001:000032c0       EhcReadCapRegister         0000000000003580 f   EhciDxe:EhciReg.obj
 0001:0000331c       EhcIsDebugPortInUse        00000000000035dc f   EhciDxe:EhciReg.obj
 0001:000033ac       EhcReadOpReg               000000000000366c f   EhciDxe:EhciReg.obj
 0001:00003440       EhcWriteOpReg              0000000000003700 f   EhciDxe:EhciReg.obj
 0001:000034cc       EhcSetOpRegBit             000000000000378c f   EhciDxe:EhciReg.obj
 0001:00003508       EhcWaitOpRegBit            00000000000037c8 f   EhciDxe:EhciReg.obj
 0001:00003598       EhcResetHC                 0000000000003858 f   EhciDxe:EhciReg.obj
 0001:000035f4       EhcHaltHC                  00000000000038b4 f   EhciDxe:EhciReg.obj
 0001:00003640       EhcInitHC                  0000000000003900 f   EhciDxe:EhciReg.obj
 0001:000037a0       EhcCreateQtd               0000000000003a60 f   EhciDxe:EhciUrb.obj
 0001:000038f0       EhcCreateQh                0000000000003bb0 f   EhciDxe:EhciUrb.obj
 0001:00003a68       EhcFreeQtds                0000000000003d28 f   EhciDxe:EhciUrb.obj
 0001:00003ac8       EhcFreeUrb                 0000000000003d88 f   EhciDxe:EhciUrb.obj
 0001:00003b50       EhcCreateQtds              0000000000003e10 f   EhciDxe:EhciUrb.obj
 0001:00003dc4       EhcCreateUrb               0000000000004084 f   EhciDxe:EhciUrb.obj
 0001:0000400c       UsbHcAllocMemBlock         00000000000042cc f   EhciDxe:UsbHcMem.obj
 0001:00004158       UsbHcFreeMemBlock          0000000000004418 f   EhciDxe:UsbHcMem.obj
 0001:000041e8       UsbHcAllocMemFromBlock     00000000000044a8 f   EhciDxe:UsbHcMem.obj
 0001:00004368       UsbHcGetPciAddressForHostMem 0000000000004628 f   EhciDxe:UsbHcMem.obj
 0001:000043e4       UsbHcFreeMemPool           00000000000046a4 f   EhciDxe:UsbHcMem.obj
 0001:000044a0       UsbHcAllocateMem           0000000000004760 f   EhciDxe:UsbHcMem.obj
 0001:000045e8       UsbHcFreeMem               00000000000048a8 f   EhciDxe:UsbHcMem.obj
 0001:00004778       EhcDumpStatus              0000000000004a38 f   EhciDxe:EhciDebug.obj
 0001:00004854       EhcDumpQh                  0000000000004b14 f   EhciDxe:EhciDebug.obj
 0001:00004cd0       CopyMem                    0000000000004f90 f   BaseMemoryLibRepStr:CopyMemWrapper.obj
 0001:00004d6c       ZeroMem                    000000000000502c f   BaseMemoryLibRepStr:ZeroMemWrapper.obj
 0001:00004ddc       InternalBaseLibIsListValid 000000000000509c f   BaseLib:LinkedList.obj
 0001:00004e48       InsertHeadList             0000000000005108 f   BaseLib:LinkedList.obj
 0001:00004e98       InsertTailList             0000000000005158 f   BaseLib:LinkedList.obj
 0001:00004eec       RemoveEntryList            00000000000051ac f   BaseLib:LinkedList.obj
 0001:00004f54       DebugPrint                 0000000000005214 f   BaseDebugLibSerialPort:DebugLib.obj
 0001:00004f78       DebugPrintMarker           0000000000005238 f   BaseDebugLibSerialPort:DebugLib.obj
 0001:00005028       DebugAssert                00000000000052e8 f   BaseDebugLibSerialPort:DebugLib.obj
 0001:000050a0       InternalAllocatePool       0000000000005360 f   UefiMemoryAllocationLib:MemoryAllocationLib.obj
 0001:000050d0       InternalAllocateCopyPool   0000000000005390 f   UefiMemoryAllocationLib:MemoryAllocationLib.obj
 0001:00005148       FreePool                   0000000000005408 f   UefiMemoryAllocationLib:MemoryAllocationLib.obj
 0001:0000518c       IsLanguageSupported        000000000000544c f   UefiLib:UefiLib.obj
 0001:00005214       LookupUnicodeString2       00000000000054d4 f   UefiLib:UefiLib.obj
 0001:00005308       AddUnicodeString2          00000000000055c8 f   UefiLib:UefiLib.obj
 0001:000054d4       InternalReportStatusCode   0000000000005794 f   DxeReportStatusCodeLib:ReportStatusCodeLib.obj
 0001:00005568       ReportStatusCodeWithDevicePath 0000000000005828 f   DxeReportStatusCodeLib:ReportStatusCodeLib.obj
 0001:0000575c       CopyGuid                   0000000000005a1c f   BaseMemoryLibRepStr:MemLibGuid.obj
 0001:0000580c       StrSize                    0000000000005acc f   BaseLib:String.obj
 0001:0000588c       AsciiStrLen                0000000000005b4c f   BaseLib:String.obj
 0001:000058f8       AsciiStrnCmp               0000000000005bb8 f   BaseLib:String.obj
 0001:000059c4       StrnLenS                   0000000000005c84 f   BaseLib:SafeString.obj
 0001:00005a1c       AsciiSPrint                0000000000005cdc f   BasePrintLib:PrintLib.obj
 0001:00005a48       BasePrintLibFillBuffer     0000000000005d08 f   BasePrintLib:PrintLibInternal.obj
 0001:00005a7c       BasePrintLibValueToString  0000000000005d3c f   BasePrintLib:PrintLibInternal.obj
 0001:00005ae8       BasePrintLibSPrintMarker   0000000000005da8 f   BasePrintLib:PrintLibInternal.obj
 0001:000069f4       BasePrintLibSPrint         0000000000006cb4 f   BasePrintLib:PrintLibInternal.obj
 0002:00000000       ??_C@_0CB@DMEJJJHA@?6ASSERT_EFI_ERROR?5?$CIStatus?5?$DN?5?$CFr?$CJ@ 0000000000006ce0     UefiDriverEntryPoint:DriverEntryPoint.obj
 0002:00000028       ??_C@_0CH@BBNBJKHK@?$CB?$CI?$CI?$CIINTN?$CJ?$CIRETURN_STATUS?$CJ?$CIStatus@ 0000000000006d08     UefiDriverEntryPoint:DriverEntryPoint.obj
 0002:00000050       ??_C@_07PKFOPDF@EhciDxe@   0000000000006d30     EhciDxe:AutoGen.obj
 0002:00000060       ??_C@_0GD@HADCCHHC@d?3?2myedk2?2edk2?2Build?2OvmfX64?2DE@ 0000000000006d40     EhciDxe:AutoGen.obj
 0002:000000c8       ??_C@_0BF@NDBIKIKC@CR?5has?5Bad?5Signature@ 0000000000006da8     EhciDxe:Ehci.obj
 0002:000000e0       ??_C@_0DD@DPNAHKDH@d?3?2myedk2?2edk2?2MdeModulePkg?2Bus@ 0000000000006dc0     EhciDxe:Ehci.obj
 0002:00000118       ??_C@_0CH@IANACHNP@EhcGetCapability?3?5?$CFd?5ports?0?564?5@ 0000000000006df8     EhciDxe:Ehci.obj
 0002:00000140       ??_C@_0BK@GOBJNENF@EhcReset?3?5exit?5status?5?$CFr?6@ 0000000000006e20     EhciDxe:Ehci.obj
 0002:00000160       ??_C@_0BP@LENADFNE@EhcGetState?3?5current?5state?5?$CFd?6@ 0000000000006e40     EhciDxe:Ehci.obj
 0002:00000180       ??_C@_0BN@BBIHINKD@EhcSetState?3?5exit?5status?5?$CFr?6@ 0000000000006e60     EhciDxe:Ehci.obj
 0002:000001a0       ??_C@_0DD@GGFLOIBN@EhcSetRootHubPortFeature?5?3faile@ 0000000000006e80     EhciDxe:Ehci.obj
 0002:000001d8       ??_C@_0CK@GNIGJBJF@EhcSetRootHubPortFeature?3?5exit?5@ 0000000000006eb8     EhciDxe:Ehci.obj
 0002:00000208       ??_C@_0CM@HHDEDELB@EhcClearRootHubPortFeature?3?5exi@ 0000000000006ee8     EhciDxe:Ehci.obj
 0002:00000238       ??_C@_0CL@NELIELNL@EhcControlTransfer?3?5HC?5halted?5a@ 0000000000006f18     EhciDxe:Ehci.obj
 0002:00000268       ??_C@_0CJ@DGDCGBOL@EhcControlTransfer?3?5failed?5to?5c@ 0000000000006f48     EhciDxe:Ehci.obj
 0002:00000298       ??_C@_0CP@OHMNPJHJ@EhcControlTransfer?3?5error?5?9?5?$CFr?0@ 0000000000006f78     EhciDxe:Ehci.obj
 0002:000002c8       ??_C@_0BP@MDHLIHOA@EhcBulkTransfer?3?5HC?5is?5halted?6@ 0000000000006fa8     EhciDxe:Ehci.obj
 0002:000002e8       ??_C@_0CH@HPCBKIJL@EhcBulkTransfer?3?5failed?5to?5crea@ 0000000000006fc8     EhciDxe:Ehci.obj
 0002:00000310       ??_C@_0CM@FOIJNEIG@EhcBulkTransfer?3?5error?5?9?5?$CFr?0?5tr@ 0000000000006ff0     EhciDxe:Ehci.obj
 0002:00000340       ??_C@_0DF@IOJEALIF@EhcAsyncInterruptTransfer?3?5remo@ 0000000000007020     EhciDxe:Ehci.obj
 0002:00000378       ??_C@_0CH@EDKHKOBJ@EhcAsyncInterruptTransfer?3?5HC?5i@ 0000000000007058     EhciDxe:Ehci.obj
 0002:000003a0       ??_C@_0CG@BKLHDDCA@EhcSyncInterruptTransfer?3?5HC?5is@ 0000000000007080     EhciDxe:Ehci.obj
 0002:000003c8       ??_C@_0DA@JEIFFDHM@EhcSyncInterruptTransfer?3?5faile@ 00000000000070a8     EhciDxe:Ehci.obj
 0002:000003f8       ??_C@_0DF@PGOBIBHE@EhcSyncInterruptTransfer?3?5error@ 00000000000070d8     EhciDxe:Ehci.obj
 0002:00000430       ??_C@_0BL@GNBHBNL@Ehc?9?$DOPciIo?5?$CB?$DN?5?$CI?$CIvoid?5?$CK?$CJ?50?$CJ@ 0000000000007110     EhciDxe:Ehci.obj
 0002:00000450       ??_C@_0CH@JAHIBIHG@EhcCreateUsb2Hc?3?5capability?5len@ 0000000000007130     EhciDxe:Ehci.obj
 0002:00000478       ??_C@_0DE@NFAGDDGD@EhcDriverBindingStart?3?5failed?5t@ 0000000000007158     EhciDxe:Ehci.obj
 0002:000004b0       ??_C@_0DB@JGMBAMID@EhcDriverBindingStart?3?5failed?5t@ 0000000000007190     EhciDxe:Ehci.obj
 0002:000004e8       ??_C@_0BG@EMGHONJD@EhcDriverBindingStart@ 00000000000071c8     EhciDxe:Ehci.obj
 0002:00000500       ??_C@_0EI@LELOCJAN@?$CFa?3?5failed?5to?5enable?564?9bit?5DMA@ 00000000000071e0     EhciDxe:Ehci.obj
 0002:00000548       ??_C@_0DL@KMAFMHP@EhcDriverBindingStart?3?5failed?5t@ 0000000000007228     EhciDxe:Ehci.obj
 0002:00000588       ??_C@_0DH@DJFGBAFD@EhcDriverBindingStart?3?5failed?5t@ 0000000000007268     EhciDxe:Ehci.obj
 0002:000005c0       ??_C@_0EA@NLJDFBEB@EhcDriverBindingStart?3?5failed?5t@ 00000000000072a0     EhciDxe:Ehci.obj
 0002:00000600       ??_C@_1EG@FLBGKEEB@?$AAE?$AAn?$AAh?$AAa?$AAn?$AAc?$AAe?$AAd?$AA?5?$AAH?$AAo?$AAs?$AAt?$AA?5?$AAC@ 00000000000072e0     EhciDxe:Ehci.obj
 0002:00000648       ??_C@_03LKLGDMJI@eng@      0000000000007328     EhciDxe:Ehci.obj
 0002:0000064c       ??_C@_02LFNMGJAP@en@       000000000000732c     EhciDxe:Ehci.obj
 0002:00000650       ??_C@_0DJ@OBDHNCFH@EhcDriverBindingStart?3?5EHCI?5sta@ 0000000000007330     EhciDxe:Ehci.obj
 0002:0000068c       ??_C@_06DALJLGPG@eng?$DLen@ 000000000000736c     EhciDxe:ComponentName.obj
 0002:00000698       ??_C@_1CA@OHCCPPKP@?$AAU?$AAs?$AAb?$AA?5?$AAE?$AAh?$AAc?$AAi?$AA?5?$AAD?$AAr?$AAi?$AAv?$AAe?$AAr@ 0000000000007378     EhciDxe:ComponentName.obj
 0002:000006b8       ??_C@_0DM@DEFEIAFK@d?3?2myedk2?2edk2?2MdeModulePkg?2Bus@ 0000000000007398     EhciDxe:ComponentName.obj
 0002:000006f8       ??_C@_0BG@BDDIFCPF@PciIo?5?$CB?$DN?5?$CI?$CIvoid?5?$CK?$CJ?50?$CJ@ 00000000000073d8     EhciDxe:EhciSched.obj
 0002:00000710       ??_C@_0DI@IILDPJPD@d?3?2myedk2?2edk2?2MdeModulePkg?2Bus@ 00000000000073f0     EhciDxe:EhciSched.obj
 0002:00000748       ??_C@_0BP@FKEDNDMP@Ehc?9?$DOReclaimHead?9?$DONextQh?5?$DN?$DN?5Qh@ 0000000000007428     EhciDxe:EhciSched.obj
 0002:00000768       ??_C@_0DL@IEJDMHPI@EhcUnlinkQhFromAsync?3?5Failed?5to@ 0000000000007448     EhciDxe:EhciSched.obj
 0002:000007a8       ??_C@_0DH@HAOLOAFO@?$CB?$CI?$CI?$CI?$CI?$CIUINT32?5?$CK?$CJEhc?9?$DOPeriodFrame@ 0000000000007488     EhciDxe:EhciSched.obj
 0002:000007e0       ??_C@_0CN@FCCLNBPH@?$CIIndex?5?$DN?$DN?50?$CJ?5?$CG?$CG?5?$CIQh?9?$DONextQh?5?$DN?$DN?5@ 00000000000074c0     EhciDxe:EhciSched.obj
 0002:00000810       ??_C@_0EM@IMMABOLA@?$CIEhc?5?$CB?$DN?5?$CI?$CIvoid?5?$CK?$CJ?50?$CJ?$CJ?5?$CG?$CG?5?$CIUrb?5?$CB@ 00000000000074f0     EhciDxe:EhciSched.obj
 0002:00000860       ??_C@_0BC@DLGNKDOO@Short?5packet?5read@ 0000000000007540     EhciDxe:EhciSched.obj
 0002:00000878       ??_C@_0CN@DMOAGNCK@EhcCheckUrbResult?3?5Short?5packet@ 0000000000007558     EhciDxe:EhciSched.obj
 0002:000008a8       ??_C@_0DA@FGCKJENG@EhcCheckUrbResult?3?5Short?5packet@ 0000000000007588     EhciDxe:EhciSched.obj
 0002:000008d8       ??_C@_0DA@JIOCAIGN@EhcExecTransfer?3?5transfer?5not?5f@ 00000000000075b8     EhciDxe:EhciSched.obj
 0002:00000908       ??_C@_0CK@CINOOKKJ@EhcExecTransfer?3?5transfer?5faile@ 00000000000075e8     EhciDxe:EhciSched.obj
 0002:00000938       ??_C@_0BL@LIIOGBDA@EhciInsertAsyncIntTransfer@ 0000000000007618     EhciDxe:EhciSched.obj
 0002:00000958       ??_C@_0BP@GIPFFKAL@?$CFa?3?5failed?5to?5allocate?5buffer?6@ 0000000000007638     EhciDxe:EhciSched.obj
 0002:00000978       ??_C@_0BK@DOBJMDKO@?$CFa?3?5failed?5to?5create?5URB?6@ 0000000000007658     EhciDxe:EhciSched.obj
 0002:000009a0       ??_C@_0EA@FBCGEJIE@EhcMonitorAsyncRequests?3?5Fail?5t@ 0000000000007680     EhciDxe:EhciSched.obj
 0002:000009e0       ??_C@_0DC@EANFNPHJ@EhcReadCapRegister?3?5Pci?5Io?5read@ 00000000000076c0     EhciDxe:EhciReg.obj
 0002:00000a18       ??_C@_0DC@NJOAFDBG@EhcReadDbgRegister?3?5Pci?5Io?5read@ 00000000000076f8     EhciDxe:EhciReg.obj
 0002:00000a50       ??_C@_0BB@EEGFMAIN@Ehc?9?$DOCapLen?5?$CB?$DN?50@ 0000000000007730     EhciDxe:EhciReg.obj
 0002:00000a68       ??_C@_0DG@FLHFBEKM@d?3?2myedk2?2edk2?2MdeModulePkg?2Bus@ 0000000000007748     EhciDxe:EhciReg.obj
 0002:00000aa0       ??_C@_0CM@FIEJMDFH@EhcReadOpReg?3?5Pci?5Io?5Read?5error@ 0000000000007780     EhciDxe:EhciReg.obj
 0002:00000ad0       ??_C@_0CN@EJPONHCI@EhcWriteOpReg?3?5Pci?5Io?5Write?5err@ 00000000000077b0     EhciDxe:EhciReg.obj
 0002:00000b00       ??_C@_0CN@LHILALNL@EhcInitHC?3?5failed?5to?5enable?5per@ 00000000000077e0     EhciDxe:EhciReg.obj
 0002:00000b30       ??_C@_0CM@DNKCMMEC@EhcInitHC?3?5failed?5to?5enable?5asy@ 0000000000007810     EhciDxe:EhciReg.obj
 0002:00000b60       ??_C@_0BE@OLBPBJHC@Ehc?5?$CB?$DN?5?$CI?$CIvoid?5?$CK?$CJ?50?$CJ@ 0000000000007840     EhciDxe:EhciUrb.obj
 0002:00000b78       ??_C@_0DG@KDGOJPLE@d?3?2myedk2?2edk2?2MdeModulePkg?2Bus@ 0000000000007858     EhciDxe:EhciUrb.obj
 0002:00000bb0       ??_C@_0DD@JCDIFEC@?$CIUrb?5?$CB?$DN?5?$CI?$CIvoid?5?$CK?$CJ?50?$CJ?$CJ?5?$CG?$CG?5?$CIUrb?9?$DO@ 0000000000007890     EhciDxe:EhciUrb.obj
 0002:00000be8       ??_C@_0BE@JGHFACAL@Hub?5?$CB?$DN?5?$CI?$CIvoid?5?$CK?$CJ?50?$CJ@ 00000000000078c8     EhciDxe:EhciUrb.obj
 0002:00000c00       ??_C@_0DH@KMDMPJHB@d?3?2myedk2?2edk2?2MdeModulePkg?2Bus@ 00000000000078e0     EhciDxe:UsbHcMem.obj
 0002:00000c38       ??_C@_0DC@CNNOCMEJ@?$CIPool?5?$CB?$DN?5?$CI?$CIvoid?5?$CK?$CJ?50?$CJ?$CJ?5?$CG?$CG?5?$CIBloc@ 0000000000007918     EhciDxe:UsbHcMem.obj
 0002:00000c70       ??_C@_0BN@OMBIEECJ@?$CIBlock?5?$CB?$DN?50?$CJ?5?$CG?$CG?5?$CIUnits?5?$CB?$DN?50?$CJ@ 0000000000007950     EhciDxe:UsbHcMem.obj
 0002:00000c90       ??_C@_0FF@OFHMFIGA@?$CB?$CI?$CIBOOLEAN?$CJ?$CI?$CI?$CIBlock?9?$DOBits?$FLByte?$FN@ 0000000000007970     EhciDxe:UsbHcMem.obj
 0002:00000ce8       ??_C@_0BI@BGPKDIHO@?$CIBlock?5?$CB?$DN?5?$CI?$CIvoid?5?$CK?$CJ?50?$CJ?$CJ@ 00000000000079c8     EhciDxe:UsbHcMem.obj
 0002:00000d00       ??_C@_0DC@EAPIJOJM@?$CIHead?5?$CB?$DN?5?$CI?$CIvoid?5?$CK?$CJ?50?$CJ?$CJ?5?$CG?$CG?5?$CIBloc@ 00000000000079e0     EhciDxe:UsbHcMem.obj
 0002:00000d38       ??_C@_0DK@PAHHKOCO@?$CIHead?5?$CB?$DN?5?$CI?$CIvoid?5?$CK?$CJ?50?$CJ?$CJ?5?$CG?$CG?5?$CIBloc@ 0000000000007a18     EhciDxe:UsbHcMem.obj
 0002:00000d78       ??_C@_0BL@MJPAGONO@Pool?9?$DOHead?5?$CB?$DN?5?$CI?$CIvoid?5?$CK?$CJ?50?$CJ@ 0000000000007a58     EhciDxe:UsbHcMem.obj
 0002:00000d98       ??_C@_0BF@FBEMMEEB@Head?5?$CB?$DN?5?$CI?$CIvoid?5?$CK?$CJ?50?$CJ@ 0000000000007a78     EhciDxe:UsbHcMem.obj
 0002:00000db0       ??_C@_0CM@NABJHJIO@UsbHcAllocateMem?3?5failed?5to?5all@ 0000000000007a90     EhciDxe:UsbHcMem.obj
 0002:00000de0       ??_C@_0FE@FKGLAPJI@?$CI?$CIBOOLEAN?$CJ?$CI?$CI?$CIBlock?9?$DOBits?$FLByte?$FN?$CJ@ 0000000000007ac0     EhciDxe:UsbHcMem.obj
 0002:00000e38       ??_C@_0BG@MJAHJKJ@Block?5?$CB?$DN?5?$CI?$CIvoid?5?$CK?$CJ?50?$CJ@ 0000000000007b18     EhciDxe:UsbHcMem.obj
 0002:00000e50       ??_C@_09OKOADAML@?5?5Do_Ping@ 0000000000007b30     EhciDxe:EhciDebug.obj
 0002:00000e60       ??_C@_08ELMKOBHJ@?5?5Do_Out@ 0000000000007b40     EhciDxe:EhciDebug.obj
 0002:00000e70       ??_C@_07FDJJPBEA@?5?5Do_CS@ 0000000000007b50     EhciDxe:EhciDebug.obj
 0002:00000e78       ??_C@_07EPLPFCDA@?5?5Do_SS@ 0000000000007b58     EhciDxe:EhciDebug.obj
 0002:00000e80       ??_C@_0BB@MHHIFBCC@?5?5Transfer_Error@ 0000000000007b60     EhciDxe:EhciDebug.obj
 0002:00000e98       ??_C@_0P@GKPDNHFC@?5?5Babble_Error@ 0000000000007b78     EhciDxe:EhciDebug.obj
 0002:00000ea8       ??_C@_0P@GACFMEA@?5?5Buffer_Error@ 0000000000007b88     EhciDxe:EhciDebug.obj
 0002:00000eb8       ??_C@_08CBCPOGKK@?5?5Halted@ 0000000000007b98     EhciDxe:EhciDebug.obj
 0002:00000ec8       ??_C@_08MOHHNBL@?5?5Active@ 0000000000007ba8     EhciDxe:EhciDebug.obj
 0002:00000ed4       ??_C@_01EEMJAFIK@?6@       0000000000007bb4     EhciDxe:EhciDebug.obj
 0002:00000ed8       ??_C@_0CB@ENNKJBHM@Queue?5TD?5?$EA?50x?$CFp?0?5data?5length?5?$CFd@ 0000000000007bb8     EhciDxe:EhciDebug.obj
 0002:00000f00       ??_C@_0BD@JAONAODI@Next?5QTD?5?5?5?5?5?3?5?$CFx?6@ 0000000000007be0     EhciDxe:EhciDebug.obj
 0002:00000f18       ??_C@_0BD@HICHDBBA@AltNext?5QTD?5?5?3?5?$CFx?6@ 0000000000007bf8     EhciDxe:EhciDebug.obj
 0002:00000f30       ??_C@_0BD@MDJPPFPN@Status?5?5?5?5?5?5?5?3?5?$CFx?6@ 0000000000007c10     EhciDxe:EhciDebug.obj
 0002:00000f48       ??_C@_0BG@JCACKFIC@PID?5?5?5?5?5?5?5?5?5?5?3?5Setup?6@ 0000000000007c28     EhciDxe:EhciDebug.obj
 0002:00000f60       ??_C@_0BD@JBIAGHGE@PID?5?5?5?5?5?5?5?5?5?5?3?5IN?6@ 0000000000007c40     EhciDxe:EhciDebug.obj
 0002:00000f78       ??_C@_0BE@NONLOLCI@PID?5?5?5?5?5?5?5?5?5?5?3?5OUT?6@ 0000000000007c58     EhciDxe:EhciDebug.obj
 0002:00000f90       ??_C@_0BD@DJPHNNON@Error?5Count?5?5?3?5?$CFd?6@ 0000000000007c70     EhciDxe:EhciDebug.obj
 0002:00000fa8       ??_C@_0BD@DFCEJLKK@Current?5Page?5?3?5?$CFd?6@ 0000000000007c88     EhciDxe:EhciDebug.obj
 0002:00000fc0       ??_C@_0BD@DGEFIKPA@IOC?5?5?5?5?5?5?5?5?5?5?3?5?$CFd?6@ 0000000000007ca0     EhciDxe:EhciDebug.obj
 0002:00000fd8       ??_C@_0BD@GNEEOLLC@Total?5Bytes?5?5?3?5?$CFd?6@ 0000000000007cb8     EhciDxe:EhciDebug.obj
 0002:00000ff0       ??_C@_0BD@BOEGILGE@Data?5Toggle?5?5?3?5?$CFd?6@ 0000000000007cd0     EhciDxe:EhciDebug.obj
 0002:00001008       ??_C@_0BG@HDFLOJON@Page?$FL?$CFd?$FN?5?5?5?5?5?5?3?50x?$CFx?6@ 0000000000007ce8     EhciDxe:EhciDebug.obj
 0002:00001020       ??_C@_0CN@HPCADCIK@Queue?5head?5?$EA?50x?$CFp?0?5interval?5?$CFld@ 0000000000007d00     EhciDxe:EhciDebug.obj
 0002:00001050       ??_C@_0BE@OCKEGPG@Hoziontal?5link?3?5?$CFx?6@ 0000000000007d30     EhciDxe:EhciDebug.obj
 0002:00001068       ??_C@_0BE@OCPMNKEI@Device?5address?3?5?$CFd?6@ 0000000000007d48     EhciDxe:EhciDebug.obj
 0002:00001080       ??_C@_0BE@PHCELKIO@Inactive?5?5?5?5?5?5?3?5?$CFd?6@ 0000000000007d60     EhciDxe:EhciDebug.obj
 0002:00001098       ??_C@_0BE@EJICDKGI@EP?5number?5?5?5?5?5?3?5?$CFd?6@ 0000000000007d78     EhciDxe:EhciDebug.obj
 0002:000010b0       ??_C@_0BE@JBKGKGEA@EP?5speed?5?5?5?5?5?5?3?5?$CFd?6@ 0000000000007d90     EhciDxe:EhciDebug.obj
 0002:000010c8       ??_C@_0BE@MNDLPBHH@DT?5control?5?5?5?5?3?5?$CFd?6@ 0000000000007da8     EhciDxe:EhciDebug.obj
 0002:000010e0       ??_C@_0BE@DKBBMFCO@Reclaim?5head?5?5?3?5?$CFd?6@ 0000000000007dc0     EhciDxe:EhciDebug.obj
 0002:000010f8       ??_C@_0BE@MCNDPNF@Max?5packet?5len?3?5?$CFd?6@ 0000000000007dd8     EhciDxe:EhciDebug.obj
 0002:00001110       ??_C@_0BE@IIJNIKCO@Ctrl?5EP?5?5?5?5?5?5?5?3?5?$CFd?6@ 0000000000007df0     EhciDxe:EhciDebug.obj
 0002:00001128       ??_C@_0BE@BMEPKAAP@Nak?5reload?5?5?5?5?3?5?$CFd?6@ 0000000000007e08     EhciDxe:EhciDebug.obj
 0002:00001140       ??_C@_0BE@GMGHBFGE@SMask?5?5?5?5?5?5?5?5?5?3?5?$CFx?6@ 0000000000007e20     EhciDxe:EhciDebug.obj
 0002:00001158       ??_C@_0BE@IMKBLOEB@CMask?5?5?5?5?5?5?5?5?5?3?5?$CFx?6@ 0000000000007e38     EhciDxe:EhciDebug.obj
 0002:00001170       ??_C@_0BE@PKMLENLF@Hub?5address?5?5?5?3?5?$CFd?6@ 0000000000007e50     EhciDxe:EhciDebug.obj
 0002:00001188       ??_C@_0BE@EJFKKKMN@Hub?5port?5?5?5?5?5?5?3?5?$CFd?6@ 0000000000007e68     EhciDxe:EhciDebug.obj
 0002:000011a0       ??_C@_0BE@LPEENEMC@Multiplier?5?5?5?5?3?5?$CFd?6@ 0000000000007e80     EhciDxe:EhciDebug.obj
 0002:000011b8       ??_C@_0BE@HBJEIIJP@Cur?5QTD?5?5?5?5?5?5?5?3?5?$CFx?6@ 0000000000007e98     EhciDxe:EhciDebug.obj
 0002:000011d0       ??_C@_0BE@BFGMLLFG@Next?5QTD?5?5?5?5?5?5?3?5?$CFx?6@ 0000000000007eb0     EhciDxe:EhciDebug.obj
 0002:000011e8       ??_C@_0BE@CADBNJJD@AltNext?5QTD?5?5?5?3?5?$CFx?6@ 0000000000007ec8     EhciDxe:EhciDebug.obj
 0002:00001200       ??_C@_0BE@PODBPPJC@Status?5?5?5?5?5?5?5?5?3?5?$CFx?6@ 0000000000007ee0     EhciDxe:EhciDebug.obj
 0002:00001218       ??_C@_0BH@ICJHDCMM@PID?5?5?5?5?5?5?5?5?5?5?5?3?5Setup?6@ 0000000000007ef8     EhciDxe:EhciDebug.obj
 0002:00001230       ??_C@_0BE@KPCECHEI@PID?5?5?5?5?5?5?5?5?5?5?5?3?5IN?6@ 0000000000007f10     EhciDxe:EhciDebug.obj
 0002:00001248       ??_C@_0BF@OMDNCDIL@PID?5?5?5?5?5?5?5?5?5?5?5?3?5OUT?6@ 0000000000007f28     EhciDxe:EhciDebug.obj
 0002:00001260       ??_C@_0BE@OMIPDFON@Error?5Count?5?5?5?3?5?$CFd?6@ 0000000000007f40     EhciDxe:EhciDebug.obj
 0002:00001278       ??_C@_0BE@EDLDCJI@Current?5Page?5?5?3?5?$CFd?6@ 0000000000007f58     EhciDxe:EhciDebug.obj
 0002:00001290       ??_C@_0BE@IPIGOLGD@IOC?5?5?5?5?5?5?5?5?5?5?5?3?5?$CFd?6@ 0000000000007f70     EhciDxe:EhciDebug.obj
 0002:000012a8       ??_C@_0BE@BHAPMKLO@Total?5Bytes?5?5?5?3?5?$CFd?6@ 0000000000007f88     EhciDxe:EhciDebug.obj
 0002:000012c0       ??_C@_0BE@HIMMLPDP@Data?5Toggle?5?5?5?3?5?$CFd?6@ 0000000000007fa0     EhciDxe:EhciDebug.obj
 0002:000012d8       ??_C@_0BH@NKPGLMFO@Page?$FL?$CFd?$FN?5?5?5?5?5?5?5?3?50x?$CFx?6@ 0000000000007fb8     EhciDxe:EhciDebug.obj
 0002:000012f0       ??_C@_0ED@MKGCMJG@?$CILength?5?9?51?$CJ?5?$DM?$DN?5?$CI0xFFFFFFFFFFFF@ 0000000000007fd0     BaseMemoryLibRepStr:CopyMemWrapper.obj
 0002:00001340       ??_C@_0ED@JAIIHABO@d?3?2myedk2?2edk2?2MdePkg?2Library?2B@ 0000000000008020     BaseMemoryLibRepStr:CopyMemWrapper.obj
 0002:00001388       ??_C@_0DO@MAOBOFEG@?$CILength?5?9?51?$CJ?5?$DM?$DN?5?$CI0xFFFFFFFFFFFF@ 0000000000008068     BaseMemoryLibRepStr:CopyMemWrapper.obj
 0002:000013c8       ??_C@_0BH@IACGKAP@Buffer?5?$CB?$DN?5?$CI?$CIvoid?5?$CK?$CJ?50?$CJ@ 00000000000080a8     BaseMemoryLibRepStr:ZeroMemWrapper.obj
 0002:000013e0       ??_C@_0ED@CECKBBNJ@d?3?2myedk2?2edk2?2MdePkg?2Library?2B@ 00000000000080c0     BaseMemoryLibRepStr:ZeroMemWrapper.obj
 0002:00001428       ??_C@_0DG@EEENIGGL@Length?5?$DM?$DN?5?$CI0xFFFFFFFFFFFFFFFFUL@ 0000000000008108     BaseMemoryLibRepStr:ZeroMemWrapper.obj
 0002:00001460       ??_C@_0BF@NJNGJMPC@List?5?$CB?$DN?5?$CI?$CIvoid?5?$CK?$CJ?50?$CJ@ 0000000000008140     BaseLib:LinkedList.obj
 0002:00001478       ??_C@_0DD@DMMJEGIP@d?3?2myedk2?2edk2?2MdePkg?2Library?2B@ 0000000000008158     BaseLib:LinkedList.obj
 0002:000014b0       ??_C@_0CC@KDLPLAED@List?9?$DOForwardLink?5?$CB?$DN?5?$CI?$CIvoid?5?$CK?$CJ?5@ 0000000000008190     BaseLib:LinkedList.obj
 0002:000014d8       ??_C@_0BP@IJJCCMAK@List?9?$DOBackLink?5?$CB?$DN?5?$CI?$CIvoid?5?$CK?$CJ?50?$CJ@ 00000000000081b8     BaseLib:LinkedList.obj
 0002:000014f8       ??_C@_0BJ@NJABNCDK@ListHead?5?$CB?$DN?5?$CI?$CIvoid?5?$CK?$CJ?50?$CJ@ 00000000000081d8     BaseLib:LinkedList.obj
 0002:00001518       ??_C@_0CG@LGIALJFK@InternalBaseLibIsListValid?5?$CILis@ 00000000000081f8     BaseLib:LinkedList.obj
 0002:00001540       ??_C@_0BF@NMBJJECB@?$CBIsListEmpty?5?$CIEntry?$CJ@ 0000000000008220     BaseLib:LinkedList.obj
 0002:00001558       ??_C@_0BH@LKMBFCBF@Format?5?$CB?$DN?5?$CI?$CIvoid?5?$CK?$CJ?50?$CJ@ 0000000000008238     BaseDebugLibSerialPort:DebugLib.obj
 0002:00001570       ??_C@_0EA@MCEJFCHO@d?3?2myedk2?2edk2?2MdePkg?2Library?2B@ 0000000000008250     BaseDebugLibSerialPort:DebugLib.obj
 0002:000015b0       ??_C@_0BI@NOCKJDBJ@ASSERT?5?$FL?$CFa?$FN?5?$CFa?$CI?$CFd?$CJ?3?5?$CFa?6@ 0000000000008290     BaseDebugLibSerialPort:DebugLib.obj
 0002:000015c8       ??_C@_0BN@COECPDCC@gImageHandle?5?$CB?$DN?5?$CI?$CIvoid?5?$CK?$CJ?50?$CJ@ 00000000000082a8     UefiBootServicesTableLib:UefiBootServicesTableLib.obj
 0002:000015f0       ??_C@_0FC@HJEJKBBP@d?3?2myedk2?2edk2?2MdePkg?2Library?2U@ 00000000000082d0     UefiBootServicesTableLib:UefiBootServicesTableLib.obj
 0002:00001648       ??_C@_0BE@DGNHAHIL@gST?5?$CB?$DN?5?$CI?$CIvoid?5?$CK?$CJ?50?$CJ@ 0000000000008328     UefiBootServicesTableLib:UefiBootServicesTableLib.obj
 0002:00001660       ??_C@_0BE@BDFJLGLN@gBS?5?$CB?$DN?5?$CI?$CIvoid?5?$CK?$CJ?50?$CJ@ 0000000000008340     UefiBootServicesTableLib:UefiBootServicesTableLib.obj
 0002:00001680       ??_C@_0EM@BLKCBDHP@d?3?2myedk2?2edk2?2MdePkg?2Library?2U@ 0000000000008360     UefiMemoryAllocationLib:MemoryAllocationLib.obj
 0002:000016d0       ??_C@_0DO@GEEICOOO@AllocationSize?5?$DM?$DN?5?$CI0xFFFFFFFFFF@ 00000000000083b0     UefiMemoryAllocationLib:MemoryAllocationLib.obj
 0002:00001710       ??_C@_0BE@OBDFIHND@gRT?5?$CB?$DN?5?$CI?$CIvoid?5?$CK?$CJ?50?$CJ@ 00000000000083f0     UefiRuntimeServicesTableLib:UefiRuntimeServicesTableLib.obj
 0002:00001730       ??_C@_0FI@ELFALICJ@d?3?2myedk2?2edk2?2MdePkg?2Library?2U@ 0000000000008410     UefiRuntimeServicesTableLib:UefiRuntimeServicesTableLib.obj
 0002:00001790       ??_C@_0FG@PKIHNGDJ@d?3?2myedk2?2edk2?2MdePkg?2Library?2U@ 0000000000008470     UefiDevicePathLibDevicePathProtocol:UefiDevicePathLib.obj
 0002:000017e8       ??_C@_0DC@CNNBPJA@mDevicePathLibDevicePathUtiliti@ 00000000000084c8     UefiDevicePathLibDevicePathProtocol:UefiDevicePathLib.obj
 0002:00001820       ??_C@_0BL@JFODOCGB@DevicePath?5?$CB?$DN?5?$CI?$CIvoid?5?$CK?$CJ?50?$CJ@ 0000000000008500     UefiDevicePathLibDevicePathProtocol:UefiDevicePathLib.obj
 0002:00001840       ??_C@_0DI@BANHGNLM@d?3?2myedk2?2edk2?2MdePkg?2Library?2U@ 0000000000008520     UefiLib:UefiDriverModel.obj
 0002:00001880       ??_C@_0FB@HLAKEICA@d?3?2myedk2?2edk2?2MdeModulePkg?2Lib@ 0000000000008560     DxeReportStatusCodeLib:ReportStatusCodeLib.obj
 0002:000018d8       ??_C@_0BN@HMHGLLOO@ExtendedData?5?$CB?$DN?5?$CI?$CIvoid?5?$CK?$CJ?50?$CJ@ 00000000000085b8     DxeReportStatusCodeLib:ReportStatusCodeLib.obj
 0002:000018f8       ??_C@_0BG@BPIKKLEE@ExtendedDataSize?5?$CB?$DN?50@ 00000000000085d8     DxeReportStatusCodeLib:ReportStatusCodeLib.obj
 0002:00001910       ??_C@_0DN@HHIHPHHB@?$CB?$CI?$CIExtendedData?5?$DN?$DN?5?$CI?$CIvoid?5?$CK?$CJ?50?$CJ@ 00000000000085f0     DxeReportStatusCodeLib:ReportStatusCodeLib.obj
 0002:00001950       ??_C@_0DN@BBBIFINB@?$CB?$CI?$CIExtendedData?5?$CB?$DN?5?$CI?$CIvoid?5?$CK?$CJ?50?$CJ@ 0000000000008630     DxeReportStatusCodeLib:ReportStatusCodeLib.obj
 0002:00001990       ??_C@_0BH@MAAHKCPC@String?5?$CB?$DN?5?$CI?$CIvoid?5?$CK?$CJ?50?$CJ@ 0000000000008670     BaseLib:String.obj
 0002:000019a8       ??_C@_0CP@DJBLNMJI@d?3?2myedk2?2edk2?2MdePkg?2Library?2B@ 0000000000008688     BaseLib:String.obj
 0002:000019d8       ??_C@_0CC@GFNLNIOC@?$CI?$CIUINTN?$CJString?5?$CG?50x00000001?$CJ?5?$DN?$DN@ 00000000000086b8     BaseLib:String.obj
 0002:00001a00       ??_C@_0DK@EOJCOAME@Length?5?$DM?5_gPcd_FixedAtBuild_Pcd@ 00000000000086e0     BaseLib:String.obj
 0002:00001a40       ??_C@_0DI@MDIKFADO@Length?5?$DM?5_gPcd_FixedAtBuild_Pcd@ 0000000000008720     BaseLib:String.obj
 0002:00001a78       ??_C@_0BL@IKFBNFIL@AsciiStrSize?5?$CIFirstString?$CJ@ 0000000000008758     BaseLib:String.obj
 0002:00001a98       ??_C@_0BM@EDNOKLLE@AsciiStrSize?5?$CISecondString?$CJ@ 0000000000008778     BaseLib:String.obj
 0002:00001ab8       ??_C@_0DJ@JJHGIFMP@Length?5?$DM?$DN?5_gPcd_FixedAtBuild_Pc@ 0000000000008798     BaseLib:String.obj
 0002:00001af8       ??_C@_0DC@DDBICJIK@d?3?2myedk2?2edk2?2MdePkg?2Library?2B@ 00000000000087d8     BaseLib:Unaligned.obj
 0002:00001b30       ??_C@_0DD@OKIGPFG@d?3?2myedk2?2edk2?2MdePkg?2Library?2B@ 0000000000008810     BaseLib:SafeString.obj
 0002:00001b68       ??_C@_0BJ@CNKJJNE@?$CIBuffer?5?$CB?$DN?5?$CI?$CIvoid?5?$CK?$CJ?50?$CJ?$CJ@ 0000000000008848     BaseLib:SafeString.obj
 0002:00001b88       ??_C@_0N@KGHEHMDL@Divisor?5?$CB?$DN?50@ 0000000000008868     BaseLib:DivU64x32.obj
 0002:00001b98       ??_C@_0DO@DLJLNPNA@d?3?2myedk2?2edk2?2MdePkg?2Library?2B@ 0000000000008878     BasePrintLib:PrintLibInternal.obj
 0002:00001be0       ??_C@_0EB@HDGIDCIO@?$CIBufferSize?5?$DM?$DN?5?$CI_gPcd_FixedAtBu@ 00000000000088c0     BasePrintLib:PrintLibInternal.obj
 0002:00001c28       ??_C@_0BJ@PPAKKDJG@?$CIFormat?5?$CB?$DN?5?$CI?$CIvoid?5?$CK?$CJ?50?$CJ?$CJ@ 0000000000008908     BasePrintLib:PrintLibInternal.obj
 0002:00001c50       ??_C@_0ED@LPDDCECB@?$CIBufferSize?5?$DM?$DN?5?$CI_gPcd_FixedAtBu@ 0000000000008930     BasePrintLib:PrintLibInternal.obj
 0002:00001ca0       ??_C@_0IM@BFJJFLGB@?$CIStrnLenS?5?$CI?$CICHAR16?5?$CK?$CJFormat?0?5?$CI_@ 0000000000008980     BasePrintLib:PrintLibInternal.obj
 0002:00001d30       ??_C@_0ID@PLGJGION@?$CIAsciiStrnLenS?5?$CIFormat?0?5?$CI_gPcd_@ 0000000000008a10     BasePrintLib:PrintLibInternal.obj
 0002:00001db8       ??_C@_0O@MLOLIMFM@?$DMnull?5string?$DO@ 0000000000008a98     BasePrintLib:PrintLibInternal.obj
 0002:00001dc8       ??_C@_0M@BJJDNPHK@?$DMnull?5guid?$DO@ 0000000000008aa8     BasePrintLib:PrintLibInternal.obj
 0002:00001dd8       ??_C@_0DB@PMLHLBMO@?$CF08x?9?$CF04x?9?$CF04x?9?$CF02x?$CF02x?9?$CF02x?$CF02@ 0000000000008ab8     BasePrintLib:PrintLibInternal.obj
 0002:00001e10       ??_C@_0M@LHGBCIKM@?$DMnull?5time?$DO@ 0000000000008af0     BasePrintLib:PrintLibInternal.obj
 0002:00001e20       ??_C@_0BK@FCPKCIDD@?$CF02d?1?$CF02d?1?$CF04d?5?5?$CF02d?3?$CF02d@ 0000000000008b00     BasePrintLib:PrintLibInternal.obj
 0002:00001e3c       ??_C@_04JIMNDDED@?$CF08X@  0000000000008b1c     BasePrintLib:PrintLibInternal.obj
 0002:00001e44       ??_C@_02PCIJFNDE@?$AN?6@   0000000000008b24     BasePrintLib:PrintLibInternal.obj
 0002:00001e48       ??_C@_01LIIJDEN@?$AN@      0000000000008b28     BasePrintLib:PrintLibInternal.obj
 0002:00001e50       mWarningString             0000000000008b30     BasePrintLib:PrintLibInternal.obj
 0002:00001ef0       mErrorString               0000000000008bd0     BasePrintLib:PrintLibInternal.obj
 0002:000021b0       mHexStr                    0000000000008e90     BasePrintLib:PrintLibInternal.obj
 0002:000021c0       ??_C@_0DL@JEBMKBEC@d?3?2myedk2?2edk2?2MdePkg?2Library?2B@ 0000000000008ea0     BaseLib:DivU64x32Remainder.obj
 0002:00002250       __volatile_metadata        0000000000008f30     <linker-defined>
 0003:00000000       gEfiStatusCodeSpecificDataGuid 00000000000090a0     EhciDxe:AutoGen.obj
 0003:00000010       gEfiStatusCodeRuntimeProtocolGuid 00000000000090b0     EhciDxe:AutoGen.obj
 0003:00000020       gEfiComponentName2ProtocolGuid 00000000000090c0     EhciDxe:AutoGen.obj
 0003:00000030       gEfiUsb2HcProtocolGuid     00000000000090d0     EhciDxe:AutoGen.obj
 0003:00000040       gEfiDevicePathProtocolGuid 00000000000090e0     EhciDxe:AutoGen.obj
 0003:00000050       gEfiPciIoProtocolGuid      00000000000090f0     EhciDxe:AutoGen.obj
 0003:00000060       gEfiDevicePathUtilitiesProtocolGuid 0000000000009100     EhciDxe:AutoGen.obj
 0003:00000070       gEfiDriverBindingProtocolGuid 0000000000009110     EhciDxe:AutoGen.obj
 0003:00000080       gEfiEventExitBootServicesGuid 0000000000009120     EhciDxe:AutoGen.obj
 0003:00000090       gEfiComponentNameProtocolGuid 0000000000009130     EhciDxe:AutoGen.obj
 0003:000000a0       gEfiCallerIdGuid           0000000000009140     EhciDxe:AutoGen.obj
 0003:000000b0       gEhciDriverBinding         0000000000009150     EhciDxe:Ehci.obj
 0003:000000e0       mUsbPortChangeMap          0000000000009180     EhciDxe:Ehci.obj
 0003:000000f0       mUsbPortStateMap           0000000000009190     EhciDxe:Ehci.obj
 0003:00000110       gEhciComponentName2        00000000000091b0     EhciDxe:ComponentName.obj
 0003:00000128       gEhciComponentName         00000000000091c8     EhciDxe:ComponentName.obj
 0003:00000140       mEhciDriverNameTable       00000000000091e0     EhciDxe:ComponentName.obj
 0003:00000160       gST                        0000000000009200     UefiBootServicesTableLib:UefiBootServicesTableLib.obj
 0003:00000168       gBS                        0000000000009208     UefiBootServicesTableLib:UefiBootServicesTableLib.obj
 0003:00000170       gImageHandle               0000000000009210     UefiBootServicesTableLib:UefiBootServicesTableLib.obj
 0003:00000178       gRT                        0000000000009218     UefiRuntimeServicesTableLib:UefiRuntimeServicesTableLib.obj
 0003:00000180       mDevicePathLibDevicePathUtilities 0000000000009220     UefiDevicePathLibDevicePathProtocol:UefiDevicePathLib.obj
 0003:00000188       mReportStatusCodeLibStatusCodeProtocol 0000000000009228     DxeReportStatusCodeLib:ReportStatusCodeLib.obj
 0003:00000190       gParity                    0000000000009230     PcAtSerialPortLib:SerialPortLib.obj
 0003:00000191       gBreakSet                  0000000000009231     PcAtSerialPortLib:SerialPortLib.obj

 entry point at        0001:000001b8

 Static symbols

 0001:0000001a       InternalMemCopyMem.0       00000000000002da     BaseMemoryLibRepStr:CopyMem.obj
 0001:0000002a       @CopyBackward              00000000000002ea     BaseMemoryLibRepStr:CopyMem.obj
 0001:00000033       @CopyBytes                 00000000000002f3     BaseMemoryLibRepStr:CopyMem.obj
 0001:0000012e       TdVmCall.no_return_data    00000000000003ee     BaseLib:TdVmcall.obj
 0001:000001ab       TdCall.exit                000000000000046b     BaseLib:TdCall.obj
 0005:00000000       $unwind$_ModuleEntryPoint  0000000000009640     UefiDriverEntryPoint:DriverEntryPoint.obj
 0005:00000008       $unwind$ProcessLibraryConstructorList 0000000000009648     EhciDxe:AutoGen.obj
 0005:00000008       $unwind$EhcDumpStatus      0000000000009648     EhciDxe:EhciDebug.obj
 0005:00000008       $unwind$EhcFreeSched       0000000000009648     EhciDxe:EhciSched.obj
 0005:00000008       $unwind$UsbHcGetPciAddressForHostMem 0000000000009648     EhciDxe:UsbHcMem.obj
 0005:00000008       $unwind$InsertHeadList     0000000000009648     BaseLib:LinkedList.obj
 0005:00000008       $unwind$InsertTailList     0000000000009648     BaseLib:LinkedList.obj
 0005:00000008       $unwind$AsciiStrLen        0000000000009648     BaseLib:String.obj
 0005:00000008       $unwind$ZeroMem            0000000000009648     BaseMemoryLibRepStr:ZeroMemWrapper.obj
 0005:00000008       $unwind$InternalAllocateCopyPool 0000000000009648     UefiMemoryAllocationLib:MemoryAllocationLib.obj
 0005:00000014       $unwind$EhcClearRootHubPortFeature 0000000000009654     EhciDxe:Ehci.obj
 0005:00000014       $unwind$EhcGetCapability   0000000000009654     EhciDxe:Ehci.obj
 0005:0000002c       $unwind$EhcReset           000000000000966c     EhciDxe:Ehci.obj
 0005:0000002c       $unwind$EhcWaitOpRegBit    000000000000966c     EhciDxe:EhciReg.obj
 0005:0000002c       $unwind$EhcExecTransfer    000000000000966c     EhciDxe:EhciSched.obj
 0005:0000002c       $unwind$EhcLinkQhToPeriod  000000000000966c     EhciDxe:EhciSched.obj
 0005:0000002c       $unwind$EhcCreateQtd       000000000000966c     EhciDxe:EhciUrb.obj
 0005:0000002c       $unwind$UsbHcFreeMem       000000000000966c     EhciDxe:UsbHcMem.obj
 0005:0000002c       $unwind$AddUnicodeString2  000000000000966c     UefiLib:UefiLib.obj
 0005:00000044       $unwind$EhcGetState        0000000000009684     EhciDxe:Ehci.obj
 0005:00000044       $unwind$EhcSetOpRegBit     0000000000009684     EhciDxe:EhciReg.obj
 0005:00000044       $unwind$EhcLinkQhToAsync   0000000000009684     EhciDxe:EhciSched.obj
 0005:00000044       $unwind$EhcUnlinkQhFromPeriod 0000000000009684     EhciDxe:EhciSched.obj
 0005:00000044       $unwind$EhcCreateQh        0000000000009684     EhciDxe:EhciUrb.obj
 0005:00000044       $unwind$EhcFreeUrb         0000000000009684     EhciDxe:EhciUrb.obj
 0005:00000044       $unwind$UsbHcFreeMemBlock  0000000000009684     EhciDxe:UsbHcMem.obj
 0005:00000044       $unwind$UsbHcFreeMemPool   0000000000009684     EhciDxe:UsbHcMem.obj
 0005:00000044       $unwind$AsciiStrnCmp       0000000000009684     BaseLib:String.obj
 0005:00000044       $unwind$StrSize            0000000000009684     BaseLib:String.obj
 0005:00000044       $unwind$CopyGuid           0000000000009684     BaseMemoryLibRepStr:MemLibGuid.obj
 0005:00000044       $unwind$BasePrintLibValueToString 0000000000009684     BasePrintLib:PrintLibInternal.obj
 0005:00000044       $unwind$IsLanguageSupported 0000000000009684     UefiLib:UefiLib.obj
 0005:00000054       $unwind$EhcSetState        0000000000009694     EhciDxe:Ehci.obj
 0005:00000054       $unwind$EhcInitHC          0000000000009694     EhciDxe:EhciReg.obj
 0005:00000054       $unwind$EhcUnlinkQhFromAsync 0000000000009694     EhciDxe:EhciSched.obj
 0005:00000064       $unwind$EhcGetRootHubPortStatus 00000000000096a4     EhciDxe:Ehci.obj
 0005:00000078       $unwind$EhcSetRootHubPortFeature 00000000000096b8     EhciDxe:Ehci.obj
 0005:00000090       $unwind$EhcControlTransfer 00000000000096d0     EhciDxe:Ehci.obj
 0005:000000ac       $unwind$EhcBulkTransfer    00000000000096ec     EhciDxe:Ehci.obj
 0005:000000ac       $unwind$EhcSyncInterruptTransfer 00000000000096ec     EhciDxe:Ehci.obj
 0005:000000c4       $unwind$EhcAsyncInterruptTransfer 0000000000009704     EhciDxe:Ehci.obj
 0005:000000e0       $unwind$EhcDriverBindingSupported 0000000000009720     EhciDxe:Ehci.obj
 0005:000000f0       $unwind$EhcGetUsbDebugPortInfo 0000000000009730     EhciDxe:Ehci.obj
 0005:00000100       $unwind$EhcCreateUsb2Hc    0000000000009740     EhciDxe:Ehci.obj
 0005:00000100       $unwind$EhcDumpQh          0000000000009740     EhciDxe:EhciDebug.obj
 0005:00000118       $unwind$EhcDriverBindingStart 0000000000009758     EhciDxe:Ehci.obj
 0005:00000130       $unwind$EhcDriverBindingStop 0000000000009770     EhciDxe:Ehci.obj
 0005:00000148       $unwind$EhciComponentNameGetDriverName 0000000000009788     EhciDxe:ComponentName.obj
 0005:00000148       $unwind$EhcIsDebugPortInUse 0000000000009788     EhciDxe:EhciReg.obj
 0005:00000150       $unwind$EhciComponentNameGetControllerName 0000000000009790     EhciDxe:ComponentName.obj
 0005:00000164       $unwind$EhcCreateHelpQ     00000000000097a4     EhciDxe:EhciSched.obj
 0005:00000174       $unwind$EhcInitSched       00000000000097b4     EhciDxe:EhciSched.obj
 0005:0000018c       $unwind$EhcCheckUrbResult  00000000000097cc     EhciDxe:EhciSched.obj
 0005:0000018c       $unwind$EhcFreeQtds        00000000000097cc     EhciDxe:EhciUrb.obj
 0005:0000018c       $unwind$CopyMem            00000000000097cc     BaseMemoryLibRepStr:CopyMemWrapper.obj
 0005:000001a0       $unwind$EhciDelAsyncIntTransfer 00000000000097e0     EhciDxe:EhciSched.obj
 0005:000001b4       $unwind$EhciInsertAsyncIntTransfer 00000000000097f4     EhciDxe:EhciSched.obj
 0005:000001cc       $unwind$EhcUpdateAsyncRequest 000000000000980c     EhciDxe:EhciSched.obj
 0005:000001cc       $unwind$InternalBaseLibIsListValid 000000000000980c     BaseLib:LinkedList.obj
 0005:000001cc       $unwind$RemoveEntryList    000000000000980c     BaseLib:LinkedList.obj
 0005:000001cc       $unwind$StrnLenS           000000000000980c     BaseLib:SafeString.obj
 0005:000001d4       $unwind$EhcMonitorAsyncRequests 0000000000009814     EhciDxe:EhciSched.obj
 0005:000001e8       $unwind$EhcReadCapRegister 0000000000009828     EhciDxe:EhciReg.obj
 0005:000001e8       $unwind$EhcResetHC         0000000000009828     EhciDxe:EhciReg.obj
 0005:000001f0       $unwind$EhcHaltHC          0000000000009830     EhciDxe:EhciReg.obj
 0005:000001f0       $unwind$EhcReadOpReg       0000000000009830     EhciDxe:EhciReg.obj
 0005:000001f0       $unwind$InternalReportStatusCode 0000000000009830     DxeReportStatusCodeLib:ReportStatusCodeLib.obj
 0005:000001fc       $unwind$EhcWriteOpReg      000000000000983c     EhciDxe:EhciReg.obj
 0005:00000208       $unwind$EhcCreateQtds      0000000000009848     EhciDxe:EhciUrb.obj
 0005:00000220       $unwind$EhcCreateUrb       0000000000009860     EhciDxe:EhciUrb.obj
 0005:0000023c       $unwind$UsbHcAllocMemBlock 000000000000987c     EhciDxe:UsbHcMem.obj
 0005:00000250       $unwind$UsbHcAllocMemFromBlock 0000000000009890     EhciDxe:UsbHcMem.obj
 0005:0000026c       $unwind$UsbHcAllocateMem   00000000000098ac     EhciDxe:UsbHcMem.obj
 0005:00000288       $unwind$DebugPrint         00000000000098c8     BaseDebugLibSerialPort:DebugLib.obj
 0005:00000290       $unwind$DebugPrintMarker   00000000000098d0     BaseDebugLibSerialPort:DebugLib.obj
 0005:000002a4       $unwind$DebugAssert        00000000000098e4     BaseDebugLibSerialPort:DebugLib.obj
 0005:000002ac       $unwind$FreePool           00000000000098ec     UefiMemoryAllocationLib:MemoryAllocationLib.obj
 0005:000002ac       $unwind$InternalAllocatePool 00000000000098ec     UefiMemoryAllocationLib:MemoryAllocationLib.obj
 0005:000002b4       $unwind$LookupUnicodeString2 00000000000098f4     UefiLib:UefiLib.obj
 0005:000002cc       $unwind$ReportStatusCodeWithDevicePath 000000000000990c     DxeReportStatusCodeLib:ReportStatusCodeLib.obj
 0005:000002e0       $unwind$AsciiSPrint        0000000000009920     BasePrintLib:PrintLib.obj
 0005:000002e8       $unwind$BasePrintLibSPrintMarker 0000000000009928     BasePrintLib:PrintLibInternal.obj
 0005:00000304       $unwind$BasePrintLibSPrint 0000000000009944     BasePrintLib:PrintLibInternal.obj
