 TlsDxe

 Timestamp is 62c3c33c (Tue Jul  5 12:51:08 2022)

 Preferred load address is 0000000000000000

 Start         Length     Name                   Class
 0001:00000000 00000278H .text                   CODE
 0001:00000278 0009c9b9H .text$mn                CODE
 0002:00000000 00044eb4H .rdata                  DATA
 0002:00044eb4 000007e0H .rdata$voltmd           DATA
 0002:00045694 0000012cH .rdata$zzzdbg           DATA
 0003:00000000 00003570H .data                   DATA
 0003:00003570 00000d30H .bss                    DATA
 0004:00000000 000056dcH .pdata                  DATA
 0005:00000000 00002d5cH .xdata                  DATA

  Address         Publics by Value              Rva+Base               Lib:Object

 0000:00000000       __guard_longjmp_count      0000000000000000     <absolute>
 0000:00000000       __dynamic_value_reloc_table 0000000000000000     <absolute>
 0000:00000000       __guard_iat_table          0000000000000000     <absolute>
 0000:00000000       __hybrid_auxiliary_iat     0000000000000000     <absolute>
 0000:00000000       __arm64x_redirection_metadata 0000000000000000     <absolute>
 0000:00000000       __hybrid_auxiliary_iat_copy 0000000000000000     <absolute>
 0000:00000000       __x64_code_ranges_to_entry_points_count 0000000000000000     <absolute>
 0000:00000000       __AbsoluteZero             0000000000000000     <absolute>
 0000:00000000       __guard_iat_count          0000000000000000     <absolute>
 0000:00000000       __guard_check_icall_a64n_fptr 0000000000000000     <absolute>
 0000:00000000       __guard_longjmp_table      0000000000000000     <absolute>
 0000:00000000       __x64_code_ranges_to_entry_points 0000000000000000     <absolute>
 0000:00000000       __guard_fids_table         0000000000000000     <absolute>
 0000:00000000       __guard_fids_count         0000000000000000     <absolute>
 0000:00000000       __arm64x_extra_rfe_table   0000000000000000     <absolute>
 0000:00000000       __hybrid_code_map          0000000000000000     <absolute>
 0000:00000000       __arm64x_extra_rfe_table_size 0000000000000000     <absolute>
 0000:00000000       __arm64x_redirection_metadata_count 0000000000000000     <absolute>
 0000:00000000       __enclave_config           0000000000000000     <absolute>
 0000:00000000       __guard_eh_cont_table      0000000000000000     <absolute>
 0000:00000000       __guard_flags              0000000000000000     <absolute>
 0000:00000000       __guard_eh_cont_count      0000000000000000     <absolute>
 0000:00000000       __arm64x_native_entrypoint 0000000000000000     <absolute>
 0000:00000000       __hybrid_code_map_count    0000000000000000     <absolute>
 0000:00000000       __ImageBase                0000000000000000     <linker-defined>
 0001:00000000       InternalMemCopyMem         00000000000002c0     BaseMemoryLibRepStr:CopyMem.obj
 0001:00000040       CpuPause                   0000000000000300     BaseLib:CpuPause.obj
 0001:00000050       InternalMemSetMem          0000000000000310     BaseMemoryLibRepStr:SetMem.obj
 0001:00000070       InternalMemZeroMem         0000000000000330     BaseMemoryLibRepStr:ZeroMem.obj
 0001:00000090       InternalMemSetMem64        0000000000000350     BaseMemoryLibRepStr:SetMem64.obj
 0001:000000b0       InternalMemSetMem32        0000000000000370     BaseMemoryLibRepStr:SetMem32.obj
 0001:000000d0       TdVmCall                   0000000000000390     BaseLib:TdVmcall.obj
 0001:00000160       AsmReadTsc                 0000000000000420     BaseLib:ReadTsc.obj
 0001:00000170       EnableInterrupts           0000000000000430     BaseLib:EnableInterrupts.obj
 0001:00000180       DisableInterrupts          0000000000000440     BaseLib:DisableInterrupts.obj
 0001:00000190       AsmReadEflags              0000000000000450     BaseLib:ReadEflags.obj
 0001:000001a0       InternalMemCompareMem      0000000000000460     BaseMemoryLibRepStr:CompareMem.obj
 0001:000001c0       InternalMemScanMem8        0000000000000480     BaseMemoryLibRepStr:ScanMem8.obj
 0001:000001e0       InternalMemScanMem64       00000000000004a0     BaseMemoryLibRepStr:ScanMem64.obj
 0001:00000200       InternalMemScanMem32       00000000000004c0     BaseMemoryLibRepStr:ScanMem32.obj
 0001:00000220       TdCall                     00000000000004e0     BaseLib:TdCall.obj
 0001:00000278       _DriverUnloadHandler       0000000000000538 f   UefiDriverEntryPoint:DriverEntryPoint.obj
 0001:000003a4       _ModuleEntryPoint          0000000000000664 f   UefiDriverEntryPoint:DriverEntryPoint.obj
 0001:00000420       ProcessLibraryConstructorList 00000000000006e0 f   TlsDxe:AutoGen.obj
 0001:00000730       TlsCreateInstance          00000000000009f0 f   TlsDxe:TlsDriver.obj
 0001:000007ec       TlsDriverEntryPoint        0000000000000aac f   TlsDxe:TlsDriver.obj
 0001:0000099c       TlsServiceBindingCreateChild 0000000000000c5c f   TlsDxe:TlsDriver.obj
 0001:00000b4c       TlsServiceBindingDestroyChild 0000000000000e0c f   TlsDxe:TlsDriver.obj
 0001:00000cfc       TlsSetSessionData          0000000000000fbc f   TlsDxe:TlsProtocol.obj
 0001:000010ac       TlsGetSessionData          000000000000136c f   TlsDxe:TlsProtocol.obj
 0001:000014b8       TlsBuildResponsePacket     0000000000001778 f   TlsDxe:TlsProtocol.obj
 0001:0000170c       TlsProcessPacket           00000000000019cc f   TlsDxe:TlsProtocol.obj
 0001:000017f8       TlsConfigurationSetData    0000000000001ab8 f   TlsDxe:TlsConfigProtocol.obj
 0001:000018e8       TlsConfigurationGetData    0000000000001ba8 f   TlsDxe:TlsConfigProtocol.obj
 0001:000019c8       TlsEncryptPacket           0000000000001c88 f   TlsDxe:TlsImpl.obj
 0001:00001bf8       TlsDecryptPacket           0000000000001eb8 f   TlsDxe:TlsImpl.obj
 0001:00001e8c       InternalBaseLibIsListValid 000000000000214c f   BaseLib:LinkedList.obj
 0001:00001ef8       InsertTailList             00000000000021b8 f   BaseLib:LinkedList.obj
 0001:00001f4c       RemoveEntryList            000000000000220c f   BaseLib:LinkedList.obj
 0001:00001fb4       CopyMem                    0000000000002274 f   BaseMemoryLibRepStr:CopyMemWrapper.obj
 0001:00002050       DebugPrint                 0000000000002310 f   BaseDebugLibSerialPort:DebugLib.obj
 0001:00002074       DebugPrintMarker           0000000000002334 f   BaseDebugLibSerialPort:DebugLib.obj
 0001:00002124       DebugAssert                00000000000023e4 f   BaseDebugLibSerialPort:DebugLib.obj
 0001:0000219c       InternalAllocatePool       000000000000245c f   UefiMemoryAllocationLib:MemoryAllocationLib.obj
 0001:000021cc       AllocateZeroPool           000000000000248c f   UefiMemoryAllocationLib:MemoryAllocationLib.obj
 0001:000021f4       FreePool                   00000000000024b4 f   UefiMemoryAllocationLib:MemoryAllocationLib.obj
 0001:00002238       GetHobList                 00000000000024f8 f   DxeHobLib:HobLib.obj
 0001:00002318       TlsNew                     00000000000025d8 f   TlsLib:TlsInit.obj
 0001:00002efc       TlsSetConnectionEnd        00000000000031bc f   TlsLib:TlsConfig.obj
 0001:00002f58       TlsSetCipherList           0000000000003218 f   TlsLib:TlsConfig.obj
 0001:00003250       TlsSetVerifyHost           0000000000003510 f   TlsLib:TlsConfig.obj
 0001:00003388       TlsSetCaCertificate        0000000000003648 f   TlsLib:TlsConfig.obj
 0001:000034fc       TlsSetHostPublicCert       00000000000037bc f   TlsLib:TlsConfig.obj
 0001:00003634       TlsGetHostPublicCert       00000000000038f4 f   TlsLib:TlsConfig.obj
 0001:00003720       TlsDoHandshake             00000000000039e0 f   TlsLib:TlsProcess.obj
 0001:0000399c       TlsHandleAlert             0000000000003c5c f   TlsLib:TlsProcess.obj
 0001:00003b1c       TlsCloseNotify             0000000000003ddc f   TlsLib:TlsProcess.obj
 0001:00003c90       GetPcdProtocol             0000000000003f50 f   DxePcdLib:DxePcdLib.obj
 0001:00003d1c       AsciiStrLen                0000000000003fdc f   BaseLib:String.obj
 0001:00003d88       AsciiStrCmp                0000000000004048 f   BaseLib:String.obj
 0001:00003e14       AsciiStriCmp               00000000000040d4 f   BaseLib:String.obj
 0001:00003f00       AsciiStrnCmp               00000000000041c0 f   BaseLib:String.obj
 0001:00003fcc       StrnLenS                   000000000000428c f   BaseLib:SafeString.obj
 0001:00004024       AsciiStrnCpyS              00000000000042e4 f   BaseLib:SafeString.obj
 0001:00004174       AsciiStrCatS               0000000000004434 f   BaseLib:SafeString.obj
 0001:000042e8       AsciiStrDecimalToUintnS    00000000000045a8 f   BaseLib:SafeString.obj
 0001:00004400       SetMem                     00000000000046c0 f   BaseMemoryLibRepStr:SetMemWrapper.obj
 0001:00004464       ZeroMem                    0000000000004724 f   BaseMemoryLibRepStr:ZeroMemWrapper.obj
 0001:000044d4       CompareGuid                0000000000004794 f   BaseMemoryLibRepStr:MemLibGuid.obj
 0001:00004598       IoRead32                   0000000000004858 f   BaseIoLibIntrinsicSev:IoLibMsc.obj
 0001:000045cc       AsciiSPrint                000000000000488c f   BasePrintLib:PrintLib.obj
 0001:000045f8       BasePrintLibFillBuffer     00000000000048b8 f   BasePrintLib:PrintLibInternal.obj
 0001:0000462c       BasePrintLibValueToString  00000000000048ec f   BasePrintLib:PrintLibInternal.obj
 0001:0000467c       BasePrintLibSPrintMarker   000000000000493c f   BasePrintLib:PrintLibInternal.obj
 0001:00005588       BasePrintLibSPrint         0000000000005848 f   BasePrintLib:PrintLibInternal.obj
 0001:000055ac       PciExpressRead32           000000000000586c f   BasePciExpressLib:PciExpressLib.obj
 0001:000055fc       PciCf8Read32               00000000000058bc f   BasePciCf8Lib:PciCf8Lib.obj
 0001:00005904       SSL_clear                  0000000000005bc4 f   OpensslLib:ssl_lib.obj
 0001:00005ad0       SSL_new                    0000000000005d90 f   OpensslLib:ssl_lib.obj
 0001:00006410       SSL_has_matching_session_id 00000000000066d0 f   OpensslLib:ssl_lib.obj
 0001:0000646c       SSL_free                   000000000000672c f   OpensslLib:ssl_lib.obj
 0001:0000679c       SSL_set0_wbio              0000000000006a5c f   OpensslLib:ssl_lib.obj
 0001:000068f8       ssl_read_internal          0000000000006bb8 f   OpensslLib:ssl_lib.obj
 0001:00006a14       ssl_write_internal         0000000000006cd4 f   OpensslLib:ssl_lib.obj
 0001:00006b2c       SSL_ctrl                   0000000000006dec f   OpensslLib:ssl_lib.obj
 0001:00006dd0       SSL_CTX_ctrl               0000000000007090 f   OpensslLib:ssl_lib.obj
 0001:00007108       ssl_cipher_ptr_id_cmp      00000000000073c8 f   OpensslLib:ssl_lib.obj
 0001:00007120       SSL_get_ciphers            00000000000073e0 f   OpensslLib:ssl_lib.obj
 0001:0000714c       SSL_get1_supported_ciphers 000000000000740c f   OpensslLib:ssl_lib.obj
 0001:0000721c       SSL_set_cipher_list        00000000000074dc f   OpensslLib:ssl_lib.obj
 0001:00007364       SSL_CTX_new                0000000000007624 f   OpensslLib:ssl_lib.obj
 0001:00007898       SSL_CTX_free               0000000000007b58 f   OpensslLib:ssl_lib.obj
 0001:00007a44       ssl_set_masks              0000000000007d04 f   OpensslLib:ssl_lib.obj
 0001:00007c30       ssl_update_cache           0000000000007ef0 f   OpensslLib:ssl_lib.obj
 0001:00007db8       SSL_get_error              0000000000008078 f   OpensslLib:ssl_lib.obj
 0001:00007ed0       SSL_do_handshake           0000000000008190 f   OpensslLib:ssl_lib.obj
 0001:00007f80       ssl_undefined_function     0000000000008240 f   OpensslLib:ssl_lib.obj
 0001:00007fa0       ssl_undefined_void_function 0000000000008260 f   OpensslLib:ssl_lib.obj
 0001:00007fc0       ssl_free_wbio_buffer       0000000000008280 f   OpensslLib:ssl_lib.obj
 0001:00007ff8       ssl_replace_hash           00000000000082b8 f   OpensslLib:ssl_lib.obj
 0001:0000803c       ssl_handshake_hash         00000000000082fc f   OpensslLib:ssl_lib.obj
 0001:000082c4       ssl_cache_cipherlist       0000000000008584 f   OpensslLib:ssl_lib.obj
 0001:0000854c       bytes_to_cipher_list       000000000000880c f   OpensslLib:ssl_lib.obj
 0001:0000894c       OPENSSL_init_ssl           0000000000008c0c f   OpensslLib:ssl_init.obj
 0001:00008a24       CRYPTO_malloc              0000000000008ce4 f   OpensslLib:mem.obj
 0001:00008a6c       CRYPTO_zalloc              0000000000008d2c f   OpensslLib:mem.obj
 0001:00008aac       CRYPTO_realloc             0000000000008d6c f   OpensslLib:mem.obj
 0001:00008b70       CRYPTO_clear_realloc       0000000000008e30 f   OpensslLib:mem.obj
 0001:00009198       tlsv1_3_server_method      0000000000009458 f   OpensslLib:methods.obj
 0001:000091a0       tlsv1_2_server_method      0000000000009460 f   OpensslLib:methods.obj
 0001:000091a8       tlsv1_1_server_method      0000000000009468 f   OpensslLib:methods.obj
 0001:000091b0       tlsv1_server_method        0000000000009470 f   OpensslLib:methods.obj
 0001:000091b8       tlsv1_3_client_method      0000000000009478 f   OpensslLib:methods.obj
 0001:000091c0       tlsv1_2_client_method      0000000000009480 f   OpensslLib:methods.obj
 0001:000091c8       tlsv1_1_client_method      0000000000009488 f   OpensslLib:methods.obj
 0001:000091d0       tlsv1_client_method        0000000000009490 f   OpensslLib:methods.obj
 0001:000091d8       X509_LOOKUP_ctrl           0000000000009498 f   OpensslLib:x509_lu.obj
 0001:00009268       X509_STORE_new             0000000000009528 f   OpensslLib:x509_lu.obj
 0001:0000937c       X509_STORE_free            000000000000963c f   OpensslLib:x509_lu.obj
 0001:000094a0       X509_STORE_add_lookup      0000000000009760 f   OpensslLib:x509_lu.obj
 0001:000095bc       X509_STORE_CTX_get_by_subject 000000000000987c f   OpensslLib:x509_lu.obj
 0001:000097d4       X509_OBJECT_new            0000000000009a94 f   OpensslLib:x509_lu.obj
 0001:00009804       X509_OBJECT_free           0000000000009ac4 f   OpensslLib:x509_lu.obj
 0001:00009938       X509_STORE_CTX_get1_certs  0000000000009bf8 f   OpensslLib:x509_lu.obj
 0001:00009bb4       X509_STORE_CTX_get1_crls   0000000000009e74 f   OpensslLib:x509_lu.obj
 0001:00009d88       X509_OBJECT_retrieve_match 000000000000a048 f   OpensslLib:x509_lu.obj
 0001:00009e90       X509_STORE_CTX_get1_issuer 000000000000a150 f   OpensslLib:x509_lu.obj
 0001:0000a144       BIO_new                    000000000000a404 f   OpensslLib:bio_lib.obj
 0001:0000a250       BIO_free                   000000000000a510 f   OpensslLib:bio_lib.obj
 0001:0000a52c       BIO_puts                   000000000000a7ec f   OpensslLib:bio_lib.obj
 0001:0000a660       BIO_gets                   000000000000a920 f   OpensslLib:bio_lib.obj
 0001:0000a794       BIO_indent                 000000000000aa54 f   OpensslLib:bio_lib.obj
 0001:0000a7e0       BIO_ctrl                   000000000000aaa0 f   OpensslLib:bio_lib.obj
 0001:0000a8c8       BIO_callback_ctrl          000000000000ab88 f   OpensslLib:bio_lib.obj
 0001:0000a9ac       BIO_push                   000000000000ac6c f   OpensslLib:bio_lib.obj
 0001:0000a9f8       BIO_pop                    000000000000acb8 f   OpensslLib:bio_lib.obj
 0001:0000aa5c       BIO_free_all               000000000000ad1c f   OpensslLib:bio_lib.obj
 0001:0000aa94       ssl_load_ciphers           000000000000ad54 f   OpensslLib:ssl_ciph.obj
 0001:0000ad9c       ssl_cipher_get_evp         000000000000b05c f   OpensslLib:ssl_ciph.obj
 0001:0000b058       ssl_handshake_md           000000000000b318 f   OpensslLib:ssl_ciph.obj
 0001:0000be38       SSL_CTX_set_ciphersuites   000000000000c0f8 f   OpensslLib:ssl_ciph.obj
 0001:0000be74       ssl_create_cipher_list     000000000000c134 f   OpensslLib:ssl_ciph.obj
 0001:0000c5f8       policy_node_free           000000000000c8b8 f   OpensslLib:pcy_node.obj
 0001:0000c600       SSL_COMP_add_compression_method 000000000000c8c0 f   OpensslLib:ssl_ciph.obj
 0001:0000c6f4       SSL_SESSION_new            000000000000c9b4 f   OpensslLib:ssl_sess.obj
 0001:0000c7d4       ssl_session_dup            000000000000ca94 f   OpensslLib:ssl_sess.obj
 0001:0000cc94       ssl_generate_session_id    000000000000cf54 f   OpensslLib:ssl_sess.obj
 0001:0000ce08       ssl_get_new_session        000000000000d0c8 f   OpensslLib:ssl_sess.obj
 0001:0000cf40       lookup_sess_in_cache       000000000000d200 f   OpensslLib:ssl_sess.obj
 0001:0000d078       ssl_get_prev_session       000000000000d338 f   OpensslLib:ssl_sess.obj
 0001:0000d3ac       SSL_CTX_add_session        000000000000d66c f   OpensslLib:ssl_sess.obj
 0001:0000d55c       SSL_SESSION_free           000000000000d81c f   OpensslLib:ssl_sess.obj
 0001:0000d6c8       SSL_CTX_flush_sessions     000000000000d988 f   OpensslLib:ssl_sess.obj
 0001:0000d724       ssl_clear_bad_session      000000000000d9e4 f   OpensslLib:ssl_sess.obj
 0001:0000d8c0       SSL_use_certificate        000000000000db80 f   OpensslLib:ssl_rsa.obj
 0001:0000da08       SSL_use_PrivateKey_file    000000000000dcc8 f   OpensslLib:ssl_rsa.obj
 0001:0000dacc       SSL_CTX_use_certificate    000000000000dd8c f   OpensslLib:ssl_rsa.obj
 0001:0000dc5c       SSL_CTX_use_PrivateKey_file 000000000000df1c f   OpensslLib:ssl_rsa.obj
 0001:0000e22c       SSL_CTX_use_serverinfo_ex  000000000000e4ec f   OpensslLib:ssl_rsa.obj
 0001:0000e330       SSL_CTX_use_serverinfo_file 000000000000e5f0 f   OpensslLib:ssl_rsa.obj
 0001:0000ebe8       d2i_X509                   000000000000eea8 f   OpensslLib:x_x509.obj
 0001:0000ebf4       X509_free                  000000000000eeb4 f   OpensslLib:x_x509.obj
 0001:0000ec18       d2i_X509_AUX               000000000000eed8 f   OpensslLib:x_x509.obj
 0001:0000efcc       X509_VERIFY_PARAM_new      000000000000f28c f   OpensslLib:x509_vpm.obj
 0001:0000f008       X509_VERIFY_PARAM_free     000000000000f2c8 f   OpensslLib:x509_vpm.obj
 0001:0000f060       X509_VERIFY_PARAM_inherit  000000000000f320 f   OpensslLib:x509_vpm.obj
 0001:0000f2e8       X509_VERIFY_PARAM_set1_policies 000000000000f5a8 f   OpensslLib:x509_vpm.obj
 0001:0000f440       X509_VERIFY_PARAM_lookup   000000000000f700 f   OpensslLib:x509_vpm.obj
 0001:0000f5fc       ERR_put_error              000000000000f8bc f   OpensslLib:err.obj
 0001:0000f700       ERR_clear_error            000000000000f9c0 f   OpensslLib:err.obj
 0001:0000f794       ERR_peek_last_error        000000000000fa54 f   OpensslLib:err.obj
 0001:0000fa88       ERR_error_string_n         000000000000fd48 f   OpensslLib:err.obj
 0001:0000fc3c       ERR_get_state              000000000000fefc f   OpensslLib:err.obj
 0001:0000fd98       ERR_add_error_data         0000000000010058 f   OpensslLib:err.obj
 0001:0000fea4       ERR_set_mark               0000000000010164 f   OpensslLib:err.obj
 0001:0000fed4       ERR_pop_to_mark            0000000000010194 f   OpensslLib:err.obj
 0001:0000ffc4       err_clear_last_constant_time 0000000000010284 f   OpensslLib:err.obj
 0001:00010010       ossl_statem_fatal          00000000000102d0 f   OpensslLib:statem.obj
 0001:0001006c       ossl_statem_check_finish_init 000000000001032c f   OpensslLib:statem.obj
 0001:000100e0       ossl_statem_connect        00000000000103a0 f   OpensslLib:statem.obj
 0001:000100e8       ossl_statem_accept         00000000000103a8 f   OpensslLib:statem.obj
 0001:00010aec       statem_flush               0000000000010dac f   OpensslLib:statem.obj
 0001:00010b28       EVP_CIPHER_CTX_reset       0000000000010de8 f   OpensslLib:evp_enc.obj
 0001:00010b94       EVP_CipherInit_ex          0000000000010e54 f   OpensslLib:evp_enc.obj
 0001:00011034       EVP_EncryptFinal_ex        00000000000112f4 f   OpensslLib:evp_enc.obj
 0001:00011100       EVP_DecryptUpdate          00000000000113c0 f   OpensslLib:evp_enc.obj
 0001:0001133c       EVP_DecryptFinal_ex        00000000000115fc f   OpensslLib:evp_enc.obj
 0001:0001144c       EVP_CIPHER_CTX_set_key_length 000000000001170c f   OpensslLib:evp_enc.obj
 0001:000114a4       EVP_CIPHER_CTX_ctrl        0000000000011764 f   OpensslLib:evp_enc.obj
 0001:000114ec       EVP_CIPHER_CTX_copy        00000000000117ac f   OpensslLib:evp_enc.obj
 0001:0001163c       EVP_MD_CTX_reset           00000000000118fc f   OpensslLib:digest.obj
 0001:00011680       EVP_DigestInit_ex          0000000000011940 f   OpensslLib:digest.obj
 0001:00011738       EVP_DigestFinal_ex         00000000000119f8 f   OpensslLib:digest.obj
 0001:000117a4       EVP_DigestFinalXOF         0000000000011a64 f   OpensslLib:digest.obj
 0001:0001183c       EVP_MD_CTX_copy_ex         0000000000011afc f   OpensslLib:digest.obj
 0001:0001195c       EVP_Digest                 0000000000011c1c f   OpensslLib:digest.obj
 0001:00011a00       OPENSSL_sk_dup             0000000000011cc0 f   OpensslLib:stack.obj
 0001:00011b7c       OPENSSL_sk_new_reserve     0000000000011e3c f   OpensslLib:stack.obj
 0001:00011be8       OPENSSL_sk_insert          0000000000011ea8 f   OpensslLib:stack.obj
 0001:00011d94       OPENSSL_sk_pop_free        0000000000012054 f   OpensslLib:stack.obj
 0001:00011dfc       OPENSSL_sk_sort            00000000000120bc f   OpensslLib:stack.obj
 0001:00011f64       ssl_cert_new               0000000000012224 f   OpensslLib:ssl_cert.obj
 0001:00012008       ssl_cert_dup               00000000000122c8 f   OpensslLib:ssl_cert.obj
 0001:00012464       ssl_cert_clear_certs       0000000000012724 f   OpensslLib:ssl_cert.obj
 0001:000124d4       ssl_cert_free              0000000000012794 f   OpensslLib:ssl_cert.obj
 0001:00012580       ssl_cert_set0_chain        0000000000012840 f   OpensslLib:ssl_cert.obj
 0001:00012654       ssl_cert_set1_chain        0000000000012914 f   OpensslLib:ssl_cert.obj
 0001:000126c4       ssl_cert_add0_chain_cert   0000000000012984 f   OpensslLib:ssl_cert.obj
 0001:00012750       ssl_cert_select_current    0000000000012a10 f   OpensslLib:ssl_cert.obj
 0001:000127e4       ssl_cert_set_current       0000000000012aa4 f   OpensslLib:ssl_cert.obj
 0001:00012864       ssl_verify_cert_chain      0000000000012b24 f   OpensslLib:ssl_cert.obj
 0001:00012ca4       SSL_add_file_cert_subjects_to_stack 0000000000012f64 f   OpensslLib:ssl_cert.obj
 0001:00012de8       ssl_build_cert_chain       00000000000130a8 f   OpensslLib:ssl_cert.obj
 0001:00013334       ssl_security               00000000000135f4 f   OpensslLib:ssl_cert.obj
 0001:00013370       RECORD_LAYER_clear         0000000000013630 f   OpensslLib:rec_layer_s3.obj
 0001:00013430       RECORD_LAYER_release       00000000000136f0 f   OpensslLib:rec_layer_s3.obj
 0001:00013498       RECORD_LAYER_processed_read_pending 0000000000013758 f   OpensslLib:rec_layer_s3.obj
 0001:000134c8       ssl3_pending               0000000000013788 f   OpensslLib:rec_layer_s3.obj
 0001:00013504       ssl3_read_n                00000000000137c4 f   OpensslLib:rec_layer_s3.obj
 0001:000137fc       ssl3_write_bytes           0000000000013abc f   OpensslLib:rec_layer_s3.obj
 0001:00013b80       do_ssl3_write              0000000000013e40 f   OpensslLib:rec_layer_s3.obj
 0001:00014638       ssl3_write_pending         00000000000148f8 f   OpensslLib:rec_layer_s3.obj
 0001:000147bc       ssl3_read_bytes            0000000000014a7c f   OpensslLib:rec_layer_s3.obj
 0001:0001513c       OPENSSL_LH_new             00000000000153fc f   OpensslLib:lhash.obj
 0001:000151e4       OPENSSL_LH_free            00000000000154a4 f   OpensslLib:lhash.obj
 0001:00015248       OPENSSL_LH_insert          0000000000015508 f   OpensslLib:lhash.obj
 0001:000152fc       OPENSSL_LH_delete          00000000000155bc f   OpensslLib:lhash.obj
 0001:00015400       OPENSSL_LH_retrieve        00000000000156c0 f   OpensslLib:lhash.obj
 0001:00015650       OPENSSL_LH_strhash         0000000000015910 f   OpensslLib:lhash.obj
 0001:000156c8       openssl_lh_strcasehash     0000000000015988 f   OpensslLib:lhash.obj
 0001:0001576c       tls1_default_timeout       0000000000015a2c f   OpensslLib:t1_lib.obj
 0001:00015774       tls1_new                   0000000000015a34 f   OpensslLib:t1_lib.obj
 0001:000157c0       tls1_free                  0000000000015a80 f   OpensslLib:t1_lib.obj
 0001:000157e4       tls1_clear                 0000000000015aa4 f   OpensslLib:t1_lib.obj
 0001:00015818       tls1_get_supported_groups  0000000000015ad8 f   OpensslLib:t1_lib.obj
 0001:0001588c       tls_curve_allowed          0000000000015b4c f   OpensslLib:t1_lib.obj
 0001:000158f0       tls1_shared_group          0000000000015bb0 f   OpensslLib:t1_lib.obj
 0001:00015a48       tls1_set_groups            0000000000015d08 f   OpensslLib:t1_lib.obj
 0001:00015bf4       tls1_set_groups_list       0000000000015eb4 f   OpensslLib:t1_lib.obj
 0001:00015e44       tls1_check_group_id        0000000000016104 f   OpensslLib:t1_lib.obj
 0001:00016030       tls1_lookup_md             00000000000162f0 f   OpensslLib:t1_lib.obj
 0001:00016224       tls1_set_peer_legacy_sigalg 00000000000164e4 f   OpensslLib:t1_lib.obj
 0001:00016280       tls12_get_psigalgs         0000000000016540 f   OpensslLib:t1_lib.obj
 0001:0001637c       tls12_check_peer_sigalg    000000000001663c f   OpensslLib:t1_lib.obj
 0001:00016658       ssl_set_client_disabled    0000000000016918 f   OpensslLib:t1_lib.obj
 0001:000166f0       ssl_cipher_disabled        00000000000169b0 f   OpensslLib:t1_lib.obj
 0001:000167e8       tls_use_ticket             0000000000016aa8 f   OpensslLib:t1_lib.obj
 0001:00016818       tls1_set_server_sigalgs    0000000000016ad8 f   OpensslLib:t1_lib.obj
 0001:00016944       tls_decrypt_ticket         0000000000016c04 f   OpensslLib:t1_lib.obj
 0001:00016ff0       ssl_set_sig_mask           00000000000172b0 f   OpensslLib:t1_lib.obj
 0001:000170b4       tls12_copy_sigalgs         0000000000017374 f   OpensslLib:t1_lib.obj
 0001:00017284       tls1_save_u16              0000000000017544 f   OpensslLib:t1_lib.obj
 0001:00017360       tls1_save_sigalgs          0000000000017620 f   OpensslLib:t1_lib.obj
 0001:000173bc       tls1_process_sigalgs       000000000001767c f   OpensslLib:t1_lib.obj
 0001:00017804       tls1_set_sigalgs_list      0000000000017ac4 f   OpensslLib:t1_lib.obj
 0001:00017878       tls1_set_raw_sigalgs       0000000000017b38 f   OpensslLib:t1_lib.obj
 0001:00017938       tls1_set_sigalgs           0000000000017bf8 f   OpensslLib:t1_lib.obj
 0001:00017bd8       tls1_check_chain           0000000000017e98 f   OpensslLib:t1_lib.obj
 0001:00018090       ssl_get_auto_dh            0000000000018350 f   OpensslLib:t1_lib.obj
 0001:00018314       ssl_security_cert          00000000000185d4 f   OpensslLib:t1_lib.obj
 0001:00018428       ssl_security_cert_chain    00000000000186e8 f   OpensslLib:t1_lib.obj
 0001:00018794       tls_choose_sigalg          0000000000018a54 f   OpensslLib:t1_lib.obj
 0001:00018bec       ASYNC_start_job            0000000000018eac f   OpensslLib:async.obj
 0001:00018eec       ASYNC_init_thread          00000000000191ac f   OpensslLib:async.obj
 0001:00018fd0       ASYNC_get_current_job      0000000000019290 f   OpensslLib:async.obj
 0001:00019124       X509_PUBKEY_get0           00000000000193e4 f   OpensslLib:x_pubkey.obj
 0001:000191f8       X509_PUBKEY_set0_param     00000000000194b8 f   OpensslLib:x_pubkey.obj
 0001:0001925c       COMP_CTX_new               000000000001951c f   OpensslLib:comp_lib.obj
 0001:000192bc       OCSP_RESPID_free           000000000001957c f   OpensslLib:ocsp_asn.obj
 0001:000192e0       X509_cmp                   00000000000195a0 f   OpensslLib:x509_cmp.obj
 0001:00019378       X509_NAME_cmp              0000000000019638 f   OpensslLib:x509_cmp.obj
 0001:00019420       X509_NAME_hash             00000000000196e0 f   OpensslLib:x509_cmp.obj
 0001:00019498       X509_check_private_key     0000000000019758 f   OpensslLib:x509_cmp.obj
 0001:00019598       X509_chain_check_suiteb    0000000000019858 f   OpensslLib:x509_cmp.obj
 0001:00019724       X509_chain_up_ref          00000000000199e4 f   OpensslLib:x509_cmp.obj
 0001:000197bc       BUF_MEM_new                0000000000019a7c f   OpensslLib:buffer.obj
 0001:000197e8       BUF_MEM_free               0000000000019aa8 f   OpensslLib:buffer.obj
 0001:000198bc       BUF_MEM_grow               0000000000019b7c f   OpensslLib:buffer.obj
 0001:000199a4       BUF_MEM_grow_clean         0000000000019c64 f   OpensslLib:buffer.obj
 0001:00019a98       X509_get_signature_info    0000000000019d58 f   OpensslLib:x509_set.obj
 0001:00019b08       CRYPTO_strdup              0000000000019dc8 f   OpensslLib:o_str.obj
 0001:00019b70       CRYPTO_strndup             0000000000019e30 f   OpensslLib:o_str.obj
 0001:00019be4       CRYPTO_memdup              0000000000019ea4 f   OpensslLib:o_str.obj
 0001:00019c4c       OPENSSL_strlcpy            0000000000019f0c f   OpensslLib:o_str.obj
 0001:00019ca0       OPENSSL_hexchar2int        0000000000019f60 f   OpensslLib:o_str.obj
 0001:00019d60       OPENSSL_hexstr2buf         000000000001a020 f   OpensslLib:o_str.obj
 0001:00019e58       OPENSSL_buf2hexstr         000000000001a118 f   OpensslLib:o_str.obj
 0001:0001a114       rand_drbg_get_entropy      000000000001a3d4 f   OpensslLib:rand_lib.obj
 0001:0001a278       rand_drbg_cleanup_entropy  000000000001a538 f   OpensslLib:rand_lib.obj
 0001:0001a2b4       rand_drbg_get_nonce        000000000001a574 f   OpensslLib:rand_lib.obj
 0001:0001a378       rand_drbg_cleanup_nonce    000000000001a638 f   OpensslLib:rand_lib.obj
 0001:0001a414       rand_pool_new              000000000001a6d4 f   OpensslLib:rand_lib.obj
 0001:0001a50c       rand_pool_free             000000000001a7cc f   OpensslLib:rand_lib.obj
 0001:0001a668       rand_pool_bytes_needed     000000000001a928 f   OpensslLib:rand_lib.obj
 0001:0001a6f0       rand_pool_add              000000000001a9b0 f   OpensslLib:rand_lib.obj
 0001:0001a784       rand_pool_add_begin        000000000001aa44 f   OpensslLib:rand_lib.obj
 0001:0001a7dc       rand_pool_add_end          000000000001aa9c f   OpensslLib:rand_lib.obj
 0001:0001a820       RAND_get_rand_method       000000000001aae0 f   OpensslLib:rand_lib.obj
 0001:0001a86c       RAND_priv_bytes            000000000001ab2c f   OpensslLib:rand_lib.obj
 0001:0001a8c4       RAND_bytes                 000000000001ab84 f   OpensslLib:rand_lib.obj
 0001:0001a910       EVP_CIPHER_asn1_to_param   000000000001abd0 f   OpensslLib:evp_lib.obj
 0001:0001a9a4       EVP_CIPHER_get_asn1_iv     000000000001ac64 f   OpensslLib:evp_lib.obj
 0001:0001aa44       EVP_CIPHER_set_asn1_iv     000000000001ad04 f   OpensslLib:evp_lib.obj
 0001:0001aad4       EVP_CIPHER_CTX_iv_length   000000000001ad94 f   OpensslLib:evp_lib.obj
 0001:0001ab0c       EVP_PKEY_copy_parameters   000000000001adcc f   OpensslLib:p_lib.obj
 0001:0001abf8       EVP_PKEY_cmp               000000000001aeb8 f   OpensslLib:p_lib.obj
 0001:0001ac58       EVP_PKEY_new               000000000001af18 f   OpensslLib:p_lib.obj
 0001:0001ad78       EVP_PKEY_new_raw_private_key 000000000001b038 f   OpensslLib:p_lib.obj
 0001:0001ae08       EVP_PKEY_assign            000000000001b0c8 f   OpensslLib:p_lib.obj
 0001:0001ae50       EVP_PKEY_get0_RSA          000000000001b110 f   OpensslLib:p_lib.obj
 0001:0001ae80       EVP_PKEY_get0_EC_KEY       000000000001b140 f   OpensslLib:p_lib.obj
 0001:0001aec4       EVP_PKEY_get0_DH           000000000001b184 f   OpensslLib:p_lib.obj
 0001:0001aef4       EVP_PKEY_free              000000000001b1b4 f   OpensslLib:p_lib.obj
 0001:0001af58       EVP_PKEY_set1_tls_encodedpoint 000000000001b218 f   OpensslLib:p_lib.obj
 0001:0001af98       EVP_PKEY_get1_tls_encodedpoint 000000000001b258 f   OpensslLib:p_lib.obj
 0001:0001afd0       OPENSSL_showfatal          000000000001b290 f   OpensslLib:cryptlib.obj
 0001:0001b210       ossl_statem_server_read_transition 000000000001b4d0 f   OpensslLib:statem_srvr.obj
 0001:0001b3f8       send_certificate_request   000000000001b6b8 f   OpensslLib:statem_srvr.obj
 0001:0001b668       ossl_statem_server_write_transition 000000000001b928 f   OpensslLib:statem_srvr.obj
 0001:0001b91c       ossl_statem_server_pre_work 000000000001bbdc f   OpensslLib:statem_srvr.obj
 0001:0001baf4       ossl_statem_server_post_work 000000000001bdb4 f   OpensslLib:statem_srvr.obj
 0001:0001bddc       ossl_statem_server_construct_message 000000000001c09c f   OpensslLib:statem_srvr.obj
 0001:0001bfb4       ossl_statem_server_max_message_size 000000000001c274 f   OpensslLib:statem_srvr.obj
 0001:0001c010       ossl_statem_server_process_message 000000000001c2d0 f   OpensslLib:statem_srvr.obj
 0001:0001c164       ossl_statem_server_post_process_message 000000000001c424 f   OpensslLib:statem_srvr.obj
 0001:0001c1f8       dtls_construct_hello_verify_request 000000000001c4b8 f   OpensslLib:statem_srvr.obj
 0001:0001c3b4       tls_process_client_hello   000000000001c674 f   OpensslLib:statem_srvr.obj
 0001:0001d4f8       tls_handle_alpn            000000000001d7b8 f   OpensslLib:statem_srvr.obj
 0001:0001d8ac       tls_post_process_client_hello 000000000001db6c f   OpensslLib:statem_srvr.obj
 0001:0001da94       tls_construct_server_hello 000000000001dd54 f   OpensslLib:statem_srvr.obj
 0001:0001dce8       tls_construct_server_done  000000000001dfa8 f   OpensslLib:statem_srvr.obj
 0001:0001dd14       tls_construct_server_key_exchange 000000000001dfd4 f   OpensslLib:statem_srvr.obj
 0001:0001e5a8       tls_construct_certificate_request 000000000001e868 f   OpensslLib:statem_srvr.obj
 0001:0001ef14       tls_process_client_key_exchange 000000000001f1d4 f   OpensslLib:statem_srvr.obj
 0001:0001f05c       tls_process_client_certificate 000000000001f31c f   OpensslLib:statem_srvr.obj
 0001:0001f630       tls_construct_server_certificate 000000000001f8f0 f   OpensslLib:statem_srvr.obj
 0001:0001fcac       tls_construct_new_session_ticket 000000000001ff6c f   OpensslLib:statem_srvr.obj
 0001:00020070       tls_construct_cert_status_body 0000000000020330 f   OpensslLib:statem_srvr.obj
 0001:000200e4       tls_construct_cert_status  00000000000203a4 f   OpensslLib:statem_srvr.obj
 0001:000200fc       tls_process_next_proto     00000000000203bc f   OpensslLib:statem_srvr.obj
 0001:000201e0       X509_check_purpose         00000000000204a0 f   OpensslLib:v3_purp.obj
 0001:0002025c       X509_PURPOSE_get_by_id     000000000002051c f   OpensslLib:v3_purp.obj
 0001:00020dcc       x509_likely_issued         000000000002108c f   OpensslLib:v3_purp.obj
 0001:00020e54       X509_check_akid            0000000000021114 f   OpensslLib:v3_purp.obj
 0001:00020f04       X509_STORE_load_locations  00000000000211c4 f   OpensslLib:x509_d2.obj
 0001:00020f94       X509_NAME_ENTRY_free       0000000000021254 f   OpensslLib:x_name.obj
 0001:00020fb8       X509_NAME_free             0000000000021278 f   OpensslLib:x_name.obj
 0001:00021a08       X509_NAME_print            0000000000021cc8 f   OpensslLib:x_name.obj
 0001:00021b9c       custom_ext_find            0000000000021e5c f   OpensslLib:extensions_cust.obj
 0001:00021be4       custom_ext_parse           0000000000021ea4 f   OpensslLib:extensions_cust.obj
 0001:00021cf8       custom_ext_add             0000000000021fb8 f   OpensslLib:extensions_cust.obj
 0001:00021fe4       custom_exts_copy           00000000000222a4 f   OpensslLib:extensions_cust.obj
 0001:000220ec       custom_exts_free           00000000000223ac f   OpensslLib:extensions_cust.obj
 0001:0002256c       OBJ_add_object             000000000002282c f   OpensslLib:obj_dat.obj
 0001:000226f0       OBJ_nid2obj                00000000000229b0 f   OpensslLib:obj_dat.obj
 0001:0002277c       OBJ_nid2sn                 0000000000022a3c f   OpensslLib:obj_dat.obj
 0001:0002280c       OBJ_nid2ln                 0000000000022acc f   OpensslLib:obj_dat.obj
 0001:000228d8       OBJ_obj2nid                0000000000022b98 f   OpensslLib:obj_dat.obj
 0001:00022974       OBJ_txt2obj                0000000000022c34 f   OpensslLib:obj_dat.obj
 0001:00022a68       OBJ_obj2txt                0000000000022d28 f   OpensslLib:obj_dat.obj
 0001:00022d8c       OBJ_ln2nid                 000000000002304c f   OpensslLib:obj_dat.obj
 0001:00022e20       OBJ_sn2nid                 00000000000230e0 f   OpensslLib:obj_dat.obj
 0001:00022eb4       OBJ_bsearch_ex_            0000000000023174 f   OpensslLib:obj_dat.obj
 0001:00022f8c       OBJ_create                 000000000002324c f   OpensslLib:obj_dat.obj
 0001:00023128       CRYPTO_new_ex_data         00000000000233e8 f   OpensslLib:ex_data.obj
 0001:00023288       CRYPTO_dup_ex_data         0000000000023548 f   OpensslLib:ex_data.obj
 0001:0002346c       CRYPTO_free_ex_data        000000000002372c f   OpensslLib:ex_data.obj
 0001:000235f0       CRYPTO_set_ex_data         00000000000238b0 f   OpensslLib:ex_data.obj
 0001:00023694       ssl3_setup_read_buffer     0000000000023954 f   OpensslLib:ssl3_buffer.obj
 0001:00023740       ssl3_setup_write_buffer    0000000000023a00 f   OpensslLib:ssl3_buffer.obj
 0001:00023880       ssl3_setup_buffers         0000000000023b40 f   OpensslLib:ssl3_buffer.obj
 0001:000238b4       ssl3_release_write_buffer  0000000000023b74 f   OpensslLib:ssl3_buffer.obj
 0001:00024228       EVP_add_cipher             00000000000244e8 f   OpensslLib:names.obj
 0001:00024278       EVP_add_digest             0000000000024538 f   OpensslLib:names.obj
 0001:0002430c       EVP_get_cipherbyname       00000000000245cc f   OpensslLib:names.obj
 0001:00024340       EVP_get_digestbyname       0000000000024600 f   OpensslLib:names.obj
 0001:00024c38       X509_EXTENSION_free        0000000000024ef8 f   OpensslLib:x_exten.obj
 0001:00024c5c       tls13_hkdf_expand          0000000000024f1c f   OpensslLib:tls13_enc.obj
 0001:00024fa8       tls13_generate_secret      0000000000025268 f   OpensslLib:tls13_enc.obj
 0001:00025260       tls13_generate_handshake_secret 0000000000025520 f   OpensslLib:tls13_enc.obj
 0001:000252a0       tls13_generate_master_secret 0000000000025560 f   OpensslLib:tls13_enc.obj
 0001:00025320       tls13_final_finish_mac     00000000000255e0 f   OpensslLib:tls13_enc.obj
 0001:000254f0       tls13_setup_key_block      00000000000257b0 f   OpensslLib:tls13_enc.obj
 0001:00025820       tls13_change_cipher_state  0000000000025ae0 f   OpensslLib:tls13_enc.obj
 0001:00025fb4       tls13_update_key           0000000000026274 f   OpensslLib:tls13_enc.obj
 0001:00026104       tls13_alert_code           00000000000263c4 f   OpensslLib:tls13_enc.obj
 0001:00026118       tls13_export_keying_material 00000000000263d8 f   OpensslLib:tls13_enc.obj
 0001:0002631c       ssl3_do_write              00000000000265dc f   OpensslLib:statem_lib.obj
 0001:0002643c       tls_close_construct_packet 00000000000266fc f   OpensslLib:statem_lib.obj
 0001:000264bc       tls_setup_handshake        000000000002677c f   OpensslLib:statem_lib.obj
 0001:00026838       tls_construct_cert_verify  0000000000026af8 f   OpensslLib:statem_lib.obj
 0001:00026c04       tls_process_cert_verify    0000000000026ec4 f   OpensslLib:statem_lib.obj
 0001:000270bc       tls_construct_finished     000000000002737c f   OpensslLib:statem_lib.obj
 0001:00027288       tls_construct_key_update   0000000000027548 f   OpensslLib:statem_lib.obj
 0001:000272d8       tls_process_key_update     0000000000027598 f   OpensslLib:statem_lib.obj
 0001:0002736c       ssl3_take_mac              000000000002762c f   OpensslLib:statem_lib.obj
 0001:000273dc       tls_process_change_cipher_spec 000000000002769c f   OpensslLib:statem_lib.obj
 0001:00027530       tls_process_finished       00000000000277f0 f   OpensslLib:statem_lib.obj
 0001:0002777c       tls_construct_change_cipher_spec 0000000000027a3c f   OpensslLib:statem_lib.obj
 0001:00027b04       ssl3_output_cert_chain     0000000000027dc4 f   OpensslLib:statem_lib.obj
 0001:00027b90       tls_finish_handshake       0000000000027e50 f   OpensslLib:statem_lib.obj
 0001:00027e24       tls_get_message_header     00000000000280e4 f   OpensslLib:statem_lib.obj
 0001:00028084       tls_get_message_body       0000000000028344 f   OpensslLib:statem_lib.obj
 0001:000282b8       ssl_allow_compression      0000000000028578 f   OpensslLib:statem_lib.obj
 0001:00028580       ssl_version_supported      0000000000028840 f   OpensslLib:statem_lib.obj
 0001:00028670       ssl_set_version_bound      0000000000028930 f   OpensslLib:statem_lib.obj
 0001:0002874c       ssl_choose_server_version  0000000000028a0c f   OpensslLib:statem_lib.obj
 0001:000289d0       ssl_choose_client_version  0000000000028c90 f   OpensslLib:statem_lib.obj
 0001:00028bc0       ssl_get_min_max_version    0000000000028e80 f   OpensslLib:statem_lib.obj
 0001:00028ccc       check_in_list              0000000000028f8c f   OpensslLib:statem_lib.obj
 0001:00028d50       create_synthetic_message_hash 0000000000029010 f   OpensslLib:statem_lib.obj
 0001:00028e80       parse_ca_names             0000000000029140 f   OpensslLib:statem_lib.obj
 0001:0002903c       get_ca_names               00000000000292fc f   OpensslLib:statem_lib.obj
 0001:00029084       construct_ca_names         0000000000029344 f   OpensslLib:statem_lib.obj
 0001:000291ac       construct_key_exchange_tbs 000000000002946c f   OpensslLib:statem_lib.obj
 0001:0002926c       tls13_save_handshake_digest_for_pha 000000000002952c f   OpensslLib:statem_lib.obj
 0001:0002932c       tls13_restore_handshake_digest_for_pha 00000000000295ec f   OpensslLib:statem_lib.obj
 0001:000293e8       X509_load_cert_file        00000000000296a8 f   OpensslLib:by_file.obj
 0001:0002c6c8       OBJ_NAME_get               000000000002c988 f   OpensslLib:o_names.obj
 0001:0002c780       OBJ_NAME_add               000000000002ca40 f   OpensslLib:o_names.obj
 0001:0002cb84       ossl_init_thread_start     000000000002ce44 f   OpensslLib:init.obj
 0001:0002cbcc       OPENSSL_init_crypto        000000000002ce8c f   OpensslLib:init.obj
 0001:0002ce48       bwrite_conv                000000000002d108 f   OpensslLib:bio_meth.obj
 0001:0002ce84       bread_conv                 000000000002d144 f   OpensslLib:bio_meth.obj
 0001:0002cec0       dtls1_clear_received_buffer 000000000002d180 f   OpensslLib:d1_lib.obj
 0001:0002cf08       dtls1_clear_sent_buffer    000000000002d1c8 f   OpensslLib:d1_lib.obj
 0001:0002cf50       dtls1_start_timer          000000000002d210 f   OpensslLib:d1_lib.obj
 0001:0002d048       dtls1_stop_timer           000000000002d308 f   OpensslLib:d1_lib.obj
 0001:0002d0c4       dtls1_query_mtu            000000000002d384 f   OpensslLib:d1_lib.obj
 0001:0002d1f4       dtls1_min_mtu              000000000002d4b4 f   OpensslLib:d1_lib.obj
 0001:0002d22c       DTLS_RECORD_LAYER_clear    000000000002d4ec f   OpensslLib:rec_layer_d1.obj
 0001:0002d320       do_dtls1_write             000000000002d5e0 f   OpensslLib:rec_layer_d1.obj
 0001:0002d704       dtls1_reset_seq_numbers    000000000002d9c4 f   OpensslLib:rec_layer_d1.obj
 0001:0002d7b4       ssl3_num_ciphers           000000000002da74 f   OpensslLib:s3_lib.obj
 0001:0002d7bc       ssl3_get_cipher            000000000002da7c f   OpensslLib:s3_lib.obj
 0001:0002d7dc       ssl3_set_handshake_header  000000000002da9c f   OpensslLib:s3_lib.obj
 0001:0002d828       ssl3_handshake_write       000000000002dae8 f   OpensslLib:s3_lib.obj
 0001:0002d834       ssl3_free                  000000000002daf4 f   OpensslLib:s3_lib.obj
 0001:0002d9a8       ssl3_clear                 000000000002dc68 f   OpensslLib:s3_lib.obj
 0001:0002dafc       ssl3_ctrl                  000000000002ddbc f   OpensslLib:s3_lib.obj
 0001:0002e294       ssl3_callback_ctrl         000000000002e554 f   OpensslLib:s3_lib.obj
 0001:0002e2c4       ssl3_ctx_ctrl              000000000002e584 f   OpensslLib:s3_lib.obj
 0001:0002e7e4       ssl3_ctx_callback_ctrl     000000000002eaa4 f   OpensslLib:s3_lib.obj
 0001:0002e838       ssl3_get_cipher_by_id      000000000002eaf8 f   OpensslLib:s3_lib.obj
 0001:0002e8c8       ssl3_get_cipher_by_std_name 000000000002eb88 f   OpensslLib:s3_lib.obj
 0001:0002e974       ssl3_get_cipher_by_char    000000000002ec34 f   OpensslLib:s3_lib.obj
 0001:0002e98c       ssl3_put_cipher_by_char    000000000002ec4c f   OpensslLib:s3_lib.obj
 0001:0002e9d8       ssl3_choose_cipher         000000000002ec98 f   OpensslLib:s3_lib.obj
 0001:0002edcc       ssl3_get_req_cert_type     000000000002f08c f   OpensslLib:s3_lib.obj
 0001:0002ef20       ssl3_shutdown              000000000002f1e0 f   OpensslLib:s3_lib.obj
 0001:0002eff4       ssl3_write                 000000000002f2b4 f   OpensslLib:s3_lib.obj
 0001:0002f150       ssl3_read                  000000000002f410 f   OpensslLib:s3_lib.obj
 0001:0002f168       ssl3_peek                  000000000002f428 f   OpensslLib:s3_lib.obj
 0001:0002f184       ssl3_renegotiate           000000000002f444 f   OpensslLib:s3_lib.obj
 0001:0002f1a4       ssl3_renegotiate_check     000000000002f464 f   OpensslLib:s3_lib.obj
 0001:0002f21c       ssl_get_algorithm2         000000000002f4dc f   OpensslLib:s3_lib.obj
 0001:0002f274       ssl_fill_hello_random      000000000002f534 f   OpensslLib:s3_lib.obj
 0001:0002f314       ssl_generate_master_secret 000000000002f5d4 f   OpensslLib:s3_lib.obj
 0001:0002f568       ssl_generate_pkey          000000000002f828 f   OpensslLib:s3_lib.obj
 0001:0002f65c       ssl_generate_pkey_group    000000000002f91c f   OpensslLib:s3_lib.obj
 0001:0002f80c       ssl_generate_param_group   000000000002facc f   OpensslLib:s3_lib.obj
 0001:0002fa28       ssl_derive                 000000000002fce8 f   OpensslLib:s3_lib.obj
 0001:0002fc68       ssl_dh_to_pkey             000000000002ff28 f   OpensslLib:s3_lib.obj
 0001:0002fcc4       ssl3_send_alert            000000000002ff84 f   OpensslLib:s3_msg.obj
 0001:0002fdd4       ssl3_dispatch_alert        0000000000030094 f   OpensslLib:s3_msg.obj
 0001:00030614       d2i_X509_CRL               00000000000308d4 f   OpensslLib:x_crl.obj
 0001:00030620       X509_CRL_free              00000000000308e0 f   OpensslLib:x_crl.obj
 0001:00030ac4       X509_verify_cert           0000000000030d84 f   OpensslLib:x509_vfy.obj
 0001:00032ddc       x509_check_cert_time       000000000003309c f   OpensslLib:x509_vfy.obj
 0001:00033184       X509_cmp_time              0000000000033444 f   OpensslLib:x509_vfy.obj
 0001:00033280       X509_get_pubkey_parameters 0000000000033540 f   OpensslLib:x509_vfy.obj
 0001:00033378       X509_STORE_CTX_init        0000000000033638 f   OpensslLib:x509_vfy.obj
 0001:00033604       X509_STORE_CTX_cleanup     00000000000338c4 f   OpensslLib:x509_vfy.obj
 0001:00034864       EVP_PKEY_asn1_find         0000000000034b24 f   OpensslLib:ameth_lib.obj
 0001:000348f8       EVP_PKEY_asn1_find_str     0000000000034bb8 f   OpensslLib:ameth_lib.obj
 0001:00034abc       CONF_parse_list            0000000000034d7c f   OpensslLib:conf_mod.obj
 0001:00034be0       i2d_SSL_SESSION            0000000000034ea0 f   OpensslLib:ssl_asn1.obj
 0001:00034fa4       d2i_SSL_SESSION            0000000000035264 f   OpensslLib:ssl_asn1.obj
 0001:00035340       PEM_ASN1_read_bio          0000000000035600 f   OpensslLib:pem_oth.obj
 0001:0003540c       PEM_def_callback           00000000000356cc f   OpensslLib:pem_lib.obj
 0001:000363a4       PEM_read_bio_ex            0000000000036664 f   OpensslLib:pem_lib.obj
 0001:00036804       pem_check_suffix           0000000000036ac4 f   OpensslLib:pem_lib.obj
 0001:0003691c       tls_validate_all_contexts  0000000000036bdc f   OpensslLib:extensions.obj
 0001:00036a00       extension_is_relevant      0000000000036cc0 f   OpensslLib:extensions.obj
 0001:00036a9c       tls_collect_extensions     0000000000036d5c f   OpensslLib:extensions.obj
 0001:00036e6c       tls_parse_extension        000000000003712c f   OpensslLib:extensions.obj
 0001:00036f40       tls_parse_all_extensions   0000000000037200 f   OpensslLib:extensions.obj
 0001:00037014       tls_construct_extensions   00000000000372d4 f   OpensslLib:extensions.obj
 0001:00037c18       tls_psk_do_binder          0000000000037ed8 f   OpensslLib:extensions.obj
 0001:00038224       EC_KEY_free                00000000000384e4 f   OpensslLib:ec_key.obj
 0001:000382d0       EC_KEY_copy                0000000000038590 f   OpensslLib:ec_key.obj
 0001:00038478       EC_KEY_dup                 0000000000038738 f   OpensslLib:ec_key.obj
 0001:000384c0       ossl_ec_key_gen            0000000000038780 f   OpensslLib:ec_key.obj
 0001:000384d0       ec_key_simple_generate_key 0000000000038790 f   OpensslLib:ec_key.obj
 0001:000385c0       ec_key_simple_generate_public_key 0000000000038880 f   OpensslLib:ec_key.obj
 0001:000385ec       EC_KEY_check_key           00000000000388ac f   OpensslLib:ec_key.obj
 0001:00038640       ec_key_simple_check_key    0000000000038900 f   OpensslLib:ec_key.obj
 0001:000387e4       EC_KEY_set_group           0000000000038aa4 f   OpensslLib:ec_key.obj
 0001:0003883c       EC_KEY_oct2key             0000000000038afc f   OpensslLib:ec_key.obj
 0001:000388c0       ec_key_simple_priv2oct     0000000000038b80 f   OpensslLib:ec_key.obj
 0001:0003894c       ec_key_simple_oct2priv     0000000000038c0c f   OpensslLib:ec_key.obj
 0001:000389cc       EC_KEY_priv2buf            0000000000038c8c f   OpensslLib:ec_key.obj
 0001:00038abc       X509_verify                0000000000038d7c f   OpensslLib:x_all.obj
 0001:00038b4c       PEM_read_bio_PrivateKey    0000000000038e0c f   OpensslLib:pem_pkey.obj
 0001:00038e14       PEM_read_bio_DHparams      00000000000390d4 f   OpensslLib:pem_pkey.obj
 0001:00038f40       RSA_new_method             0000000000039200 f   OpensslLib:rsa_lib.obj
 0001:00039104       RSA_free                   00000000000393c4 f   OpensslLib:rsa_lib.obj
 0001:00039204       RSA_pkey_ctx_ctrl          00000000000394c4 f   OpensslLib:rsa_lib.obj
 0001:000392e0       d2i_PrivateKey             00000000000395a0 f   OpensslLib:d2i_pr.obj
 0001:00039440       ASN1_INTEGER_free          0000000000039700 f   OpensslLib:tasn_typ.obj
 0001:00039448       ASN1_TYPE_free             0000000000039708 f   OpensslLib:tasn_typ.obj
 0001:0003946c       ASN1_item_dup              000000000003972c f   OpensslLib:a_dup.obj
 0001:0003951c       ASN1_item_d2i              00000000000397dc f   OpensslLib:tasn_dec.obj
 0001:0003956c       ASN1_item_ex_d2i           000000000003982c f   OpensslLib:tasn_dec.obj
 0001:0003ab54       X509_ALGOR_free            000000000003ae14 f   OpensslLib:x_algor.obj
 0001:0003ab78       X509_ALGOR_set0            000000000003ae38 f   OpensslLib:x_algor.obj
 0001:0003b330       DIST_POINT_free            000000000003b5f0 f   OpensslLib:v3_crld.obj
 0001:0003b6f4       DIST_POINT_set_dpname      000000000003b9b4 f   OpensslLib:v3_crld.obj
 0001:0003b7dc       ASN1_item_new              000000000003ba9c f   OpensslLib:tasn_new.obj
 0001:0003bca8       GENERAL_NAME_free          000000000003bf68 f   OpensslLib:v3_genn.obj
 0001:0003bccc       GENERAL_NAMES_free         000000000003bf8c f   OpensslLib:v3_genn.obj
 0001:0003c3dc       NAME_CONSTRAINTS_check     000000000003c69c f   OpensslLib:v3_ncons.obj
 0001:0003c5a4       NAME_CONSTRAINTS_check_CN  000000000003c864 f   OpensslLib:v3_ncons.obj
 0001:0003cc9c       asn1_item_embed_free       000000000003cf5c f   OpensslLib:tasn_fre.obj
 0001:0003cee8       asn1_template_free         000000000003d1a8 f   OpensslLib:tasn_fre.obj
 0001:0003cfa4       asn1_primitive_free        000000000003d264 f   OpensslLib:tasn_fre.obj
 0001:0003d14c       ASN1_item_ex_i2d           000000000003d40c f   OpensslLib:tasn_enc.obj
 0001:0003dc94       X509_check_trust           000000000003df54 f   OpensslLib:x509_trs.obj
 0001:0003dd18       X509_TRUST_get_by_id       000000000003dfd8 f   OpensslLib:x509_trs.obj
 0001:0003ded0       a2d_ASN1_OBJECT            000000000003e190 f   OpensslLib:a_object.obj
 0001:0003e238       i2a_ASN1_OBJECT            000000000003e4f8 f   OpensslLib:a_object.obj
 0001:0003e378       d2i_ASN1_OBJECT            000000000003e638 f   OpensslLib:a_object.obj
 0001:0003e400       c2i_ASN1_OBJECT            000000000003e6c0 f   OpensslLib:a_object.obj
 0001:0003e5e4       ASN1_OBJECT_free           000000000003e8a4 f   OpensslLib:a_object.obj
 0001:0003e788       X509V3_add_value           000000000003ea48 f   OpensslLib:v3_utl.obj
 0001:0003e7b8       X509V3_conf_free           000000000003ea78 f   OpensslLib:v3_utl.obj
 0001:0003e8fc       i2s_ASN1_INTEGER           000000000003ebbc f   OpensslLib:v3_utl.obj
 0001:0003e960       s2i_ASN1_INTEGER           000000000003ec20 f   OpensslLib:v3_utl.obj
 0001:0003ea64       X509V3_add_value_int       000000000003ed24 f   OpensslLib:v3_utl.obj
 0001:0003eabc       X509V3_get_value_bool      000000000003ed7c f   OpensslLib:v3_utl.obj
 0001:0003ec4c       X509V3_get_value_int       000000000003ef0c f   OpensslLib:v3_utl.obj
 0001:0003ecbc       X509V3_parse_list          000000000003ef7c f   OpensslLib:v3_utl.obj
 0001:0003ef40       name_cmp                   000000000003f200 f   OpensslLib:v3_utl.obj
 0001:0003f7b0       a2i_IPADDRESS_NC           000000000003fa70 f   OpensslLib:v3_utl.obj
 0001:0003f880       a2i_ipadd                  000000000003fb40 f   OpensslLib:v3_utl.obj
 0001:0003fb14       X509V3_NAME_from_section   000000000003fdd4 f   OpensslLib:v3_utl.obj
 0001:0003fc58       OBJ_dup                    000000000003ff18 f   OpensslLib:obj_lib.obj
 0001:0003ffd8       ossl_statem_client_read_transition 0000000000040298 f   OpensslLib:statem_clnt.obj
 0001:00040454       ossl_statem_client_write_transition 0000000000040714 f   OpensslLib:statem_clnt.obj
 0001:00040674       ossl_statem_client_pre_work 0000000000040934 f   OpensslLib:statem_clnt.obj
 0001:0004071c       ossl_statem_client_post_work 00000000000409dc f   OpensslLib:statem_clnt.obj
 0001:000409fc       ossl_statem_client_construct_message 0000000000040cbc f   OpensslLib:statem_clnt.obj
 0001:00040b48       ossl_statem_client_max_message_size 0000000000040e08 f   OpensslLib:statem_clnt.obj
 0001:00040bfc       ossl_statem_client_process_message 0000000000040ebc f   OpensslLib:statem_clnt.obj
 0001:00040e60       ossl_statem_client_post_process_message 0000000000041120 f   OpensslLib:statem_clnt.obj
 0001:00040e98       tls_construct_client_hello 0000000000041158 f   OpensslLib:statem_clnt.obj
 0001:00041450       tls_process_server_hello   0000000000041710 f   OpensslLib:statem_clnt.obj
 0001:00041cac       tls_process_server_certificate 0000000000041f6c f   OpensslLib:statem_clnt.obj
 0001:00042634       tls_process_key_exchange   00000000000428f4 f   OpensslLib:statem_clnt.obj
 0001:00042ac8       tls_process_certificate_request 0000000000042d88 f   OpensslLib:statem_clnt.obj
 0001:00042ddc       tls_process_new_session_ticket 000000000004309c f   OpensslLib:statem_clnt.obj
 0001:0004324c       tls_process_cert_status_body 000000000004350c f   OpensslLib:statem_clnt.obj
 0001:00043324       tls_process_initial_server_flight 00000000000435e4 f   OpensslLib:statem_clnt.obj
 0001:00043a5c       tls_construct_client_key_exchange 0000000000043d1c f   OpensslLib:statem_clnt.obj
 0001:00043c2c       tls_prepare_client_certificate 0000000000043eec f   OpensslLib:statem_clnt.obj
 0001:00043fc4       tls_construct_client_certificate 0000000000044284 f   OpensslLib:statem_clnt.obj
 0001:000440dc       ssl3_check_cert_and_algorithm 000000000004439c f   OpensslLib:statem_clnt.obj
 0001:00044224       tls_construct_next_proto   00000000000444e4 f   OpensslLib:statem_clnt.obj
 0001:0004461c       tls_construct_end_of_early_data 00000000000448dc f   OpensslLib:statem_clnt.obj
 0001:00044688       WPACKET_allocate_bytes     0000000000044948 f   OpensslLib:packet.obj
 0001:000446bc       WPACKET_sub_allocate_bytes__ 000000000004497c f   OpensslLib:packet.obj
 0001:0004472c       WPACKET_reserve_bytes      00000000000449ec f   OpensslLib:packet.obj
 0001:00044848       WPACKET_init_static_len    0000000000044b08 f   OpensslLib:packet.obj
 0001:00044958       WPACKET_finish             0000000000044c18 f   OpensslLib:packet.obj
 0001:000449a4       WPACKET_start_sub_packet_len__ 0000000000044c64 f   OpensslLib:packet.obj
 0001:00044a6c       WPACKET_put_bytes__        0000000000044d2c f   OpensslLib:packet.obj
 0001:00044ae8       WPACKET_memcpy             0000000000044da8 f   OpensslLib:packet.obj
 0001:00044b30       WPACKET_sub_memcpy__       0000000000044df0 f   OpensslLib:packet.obj
 0001:00044ba0       WPACKET_get_total_written  0000000000044e60 f   OpensslLib:packet.obj
 0001:00044bdc       WPACKET_get_length         0000000000044e9c f   OpensslLib:packet.obj
 0001:00044c30       WPACKET_cleanup            0000000000044ef0 f   OpensslLib:packet.obj
 0001:00044d50       dtls1_hm_fragment_free     0000000000045010 f   OpensslLib:statem_dtls.obj
 0001:00044db8       dtls1_do_write             0000000000045078 f   OpensslLib:statem_dtls.obj
 0001:00045288       dtls_get_message           0000000000045548 f   OpensslLib:statem_dtls.obj
 0001:00045e50       dtls_construct_change_cipher_spec 0000000000046110 f   OpensslLib:statem_dtls.obj
 0001:00045ec0       dtls1_get_message_header   0000000000046180 f   OpensslLib:statem_dtls.obj
 0001:000460a8       EVP_PKEY_CTX_dup           0000000000046368 f   OpensslLib:pmeth_lib.obj
 0001:00046178       EVP_PKEY_CTX_free          0000000000046438 f   OpensslLib:pmeth_lib.obj
 0001:000461b8       EVP_PKEY_CTX_ctrl          0000000000046478 f   OpensslLib:pmeth_lib.obj
 0001:00046278       EVP_PKEY_CTX_str2ctrl      0000000000046538 f   OpensslLib:pmeth_lib.obj
 0001:000462b8       EVP_PKEY_CTX_hex2ctrl      0000000000046578 f   OpensslLib:pmeth_lib.obj
 0001:00046314       EVP_PKEY_CTX_md            00000000000465d4 f   OpensslLib:pmeth_lib.obj
 0001:00046380       X509_verify_cert_error_string 0000000000046640 f   OpensslLib:x509_txt.obj
 0001:000467bc       SSL3_RECORD_clear          0000000000046a7c f   OpensslLib:ssl3_record.obj
 0001:00046804       early_data_count_ok        0000000000046ac4 f   OpensslLib:ssl3_record.obj
 0001:000468bc       ssl3_get_record            0000000000046b7c f   OpensslLib:ssl3_record.obj
 0001:00047530       ssl3_do_uncompress         00000000000477f0 f   OpensslLib:ssl3_record.obj
 0001:000475d0       ssl3_do_compress           0000000000047890 f   OpensslLib:ssl3_record.obj
 0001:00047648       tls1_enc                   0000000000047908 f   OpensslLib:ssl3_record.obj
 0001:00047c94       tls1_mac                   0000000000047f54 f   OpensslLib:ssl3_record.obj
 0001:00047f54       tls1_cbc_remove_padding    0000000000048214 f   OpensslLib:ssl3_record.obj
 0001:00048094       ssl3_cbc_copy_mac          0000000000048354 f   OpensslLib:ssl3_record.obj
 0001:00048224       tls13_enc                  00000000000484e4 f   OpensslLib:ssl3_record_tls13.obj
 0001:00048894       tls1_change_cipher_state   0000000000048b54 f   OpensslLib:t1_enc.obj
 0001:00048e8c       tls1_setup_key_block       000000000004914c f   OpensslLib:t1_enc.obj
 0001:000490b8       tls1_final_finish_mac      0000000000049378 f   OpensslLib:t1_enc.obj
 0001:000491b8       tls1_generate_master_secret 0000000000049478 f   OpensslLib:t1_enc.obj
 0001:00049350       tls1_export_keying_material 0000000000049610 f   OpensslLib:t1_enc.obj
 0001:00049590       tls1_alert_code            0000000000049850 f   OpensslLib:t1_enc.obj
 0001:00049704       EC_GROUP_new               00000000000499c4 f   OpensslLib:ec_lib.obj
 0001:000497c4       EC_GROUP_free              0000000000049a84 f   OpensslLib:ec_lib.obj
 0001:0004983c       EC_GROUP_clear_free        0000000000049afc f   OpensslLib:ec_lib.obj
 0001:000498fc       EC_GROUP_copy              0000000000049bbc f   OpensslLib:ec_lib.obj
 0001:00049af4       EC_GROUP_dup               0000000000049db4 f   OpensslLib:ec_lib.obj
 0001:00049d28       EC_GROUP_set_generator     0000000000049fe8 f   OpensslLib:ec_lib.obj
 0001:00049eb4       EC_GROUP_set_seed          000000000004a174 f   OpensslLib:ec_lib.obj
 0001:00049f48       EC_GROUP_cmp               000000000004a208 f   OpensslLib:ec_lib.obj
 0001:0004a100       EC_POINT_new               000000000004a3c0 f   OpensslLib:ec_lib.obj
 0001:0004a180       EC_POINT_free              000000000004a440 f   OpensslLib:ec_lib.obj
 0001:0004a1ac       EC_POINT_clear_free        000000000004a46c f   OpensslLib:ec_lib.obj
 0001:0004a1f4       EC_POINT_copy              000000000004a4b4 f   OpensslLib:ec_lib.obj
 0001:0004a250       EC_POINT_set_to_infinity   000000000004a510 f   OpensslLib:ec_lib.obj
 0001:0004a290       EC_POINT_set_affine_coordinates 000000000004a550 f   OpensslLib:ec_lib.obj
 0001:0004a32c       EC_POINT_get_affine_coordinates 000000000004a5ec f   OpensslLib:ec_lib.obj
 0001:0004a3d8       EC_POINT_add               000000000004a698 f   OpensslLib:ec_lib.obj
 0001:0004a458       EC_POINT_dbl               000000000004a718 f   OpensslLib:ec_lib.obj
 0001:0004a4c0       EC_POINT_invert            000000000004a780 f   OpensslLib:ec_lib.obj
 0001:0004a514       EC_POINT_is_at_infinity    000000000004a7d4 f   OpensslLib:ec_lib.obj
 0001:0004a568       EC_POINT_is_on_curve       000000000004a828 f   OpensslLib:ec_lib.obj
 0001:0004a5bc       EC_POINT_cmp               000000000004a87c f   OpensslLib:ec_lib.obj
 0001:0004a624       EC_POINTs_make_affine      000000000004a8e4 f   OpensslLib:ec_lib.obj
 0001:0004a6a4       EC_POINT_mul               000000000004a964 f   OpensslLib:ec_lib.obj
 0001:0004a8e4       ec_group_simple_order_bits 000000000004aba4 f   OpensslLib:ec_lib.obj
 0001:0004a9f0       HMAC_Init_ex               000000000004acb0 f   OpensslLib:hmac.obj
 0001:0004ac10       HMAC_Final                 000000000004aed0 f   OpensslLib:hmac.obj
 0001:0004aca0       HMAC_CTX_new               000000000004af60 f   OpensslLib:hmac.obj
 0001:0004ad1c       HMAC_CTX_free              000000000004afdc f   OpensslLib:hmac.obj
 0001:0004adf8       HMAC_CTX_copy              000000000004b0b8 f   OpensslLib:hmac.obj
 0001:0004ae68       BN_num_bits_word           000000000004b128 f   OpensslLib:bn_lib.obj
 0001:0004af40       BN_num_bits                000000000004b200 f   OpensslLib:bn_lib.obj
 0001:0004b054       BN_clear_free              000000000004b314 f   OpensslLib:bn_lib.obj
 0001:0004b0a0       BN_free                    000000000004b360 f   OpensslLib:bn_lib.obj
 0001:0004b100       BN_new                     000000000004b3c0 f   OpensslLib:bn_lib.obj
 0001:0004b13c       bn_expand2                 000000000004b3fc f   OpensslLib:bn_lib.obj
 0001:0004b1f0       BN_dup                     000000000004b4b0 f   OpensslLib:bn_lib.obj
 0001:0004b254       BN_copy                    000000000004b514 f   OpensslLib:bn_lib.obj
 0001:0004b2cc       BN_set_word                000000000004b58c f   OpensslLib:bn_lib.obj
 0001:0004b318       BN_bin2bn                  000000000004b5d8 f   OpensslLib:bn_lib.obj
 0001:0004b540       BN_ucmp                    000000000004b800 f   OpensslLib:bn_lib.obj
 0001:0004b588       BN_cmp                     000000000004b848 f   OpensslLib:bn_lib.obj
 0001:0004b60c       BN_set_bit                 000000000004b8cc f   OpensslLib:bn_lib.obj
 0001:0004b69c       BN_is_bit_set              000000000004b95c f   OpensslLib:bn_lib.obj
 0001:0004b6cc       BN_consttime_swap          000000000004b98c f   OpensslLib:bn_lib.obj
 0001:0004b770       BN_security_bits           000000000004ba30 f   OpensslLib:bn_lib.obj
 0001:0004b7d8       BN_is_word                 000000000004ba98 f   OpensslLib:bn_lib.obj
 0001:0004b808       bn_correct_top             000000000004bac8 f   OpensslLib:bn_lib.obj
 0001:0004b938       RSA_setup_blinding         000000000004bbf8 f   OpensslLib:rsa_crpt.obj
 0001:0004be4c       EC_GROUP_new_by_curve_name 000000000004c10c f   OpensslLib:ec_curve.obj
 0001:0004beb8       EC_curve_nist2nid          000000000004c178 f   OpensslLib:ec_curve.obj
 0001:0004bf18       ec_curve_nid_from_params   000000000004c1d8 f   OpensslLib:ec_curve.obj
 0001:0004c1ac       DH_new                     000000000004c46c f   OpensslLib:dh_lib.obj
 0001:0004c324       DH_free                    000000000004c5e4 f   OpensslLib:dh_lib.obj
 0001:0004c3d4       ACCESS_DESCRIPTION_free    000000000004c694 f   OpensslLib:v3_info.obj
 0001:0004c760       X509_NAME_oneline          000000000004ca20 f   OpensslLib:x509_obj.obj
 0001:0004cac4       ASN1_INTEGER_cmp           000000000004cd84 f   OpensslLib:a_int.obj
 0001:0004cd44       c2i_ASN1_INTEGER           000000000004d004 f   OpensslLib:a_int.obj
 0001:0004d098       ASN1_INTEGER_get           000000000004d358 f   OpensslLib:a_int.obj
 0001:0004d0dc       ASN1_ENUMERATED_get        000000000004d39c f   OpensslLib:a_int.obj
 0001:0004d130       c2i_uint64_int             000000000004d3f0 f   OpensslLib:a_int.obj
 0001:0004d1e0       OBJ_find_sigid_algs        000000000004d4a0 f   OpensslLib:obj_xref.obj
 0001:0004d288       OBJ_find_sigid_by_algs     000000000004d548 f   OpensslLib:obj_xref.obj
 0001:0004d330       ASN1_get_object            000000000004d5f0 f   OpensslLib:asn1_lib.obj
 0001:0004d4c4       ASN1_put_object            000000000004d784 f   OpensslLib:asn1_lib.obj
 0001:0004d5bc       ASN1_object_size           000000000004d87c f   OpensslLib:asn1_lib.obj
 0001:0004d610       ASN1_STRING_copy           000000000004d8d0 f   OpensslLib:asn1_lib.obj
 0001:0004d660       ASN1_STRING_dup            000000000004d920 f   OpensslLib:asn1_lib.obj
 0001:0004d6b0       ASN1_STRING_set            000000000004d970 f   OpensslLib:asn1_lib.obj
 0001:0004d7a8       ASN1_STRING_set0           000000000004da68 f   OpensslLib:asn1_lib.obj
 0001:0004d7e0       ASN1_STRING_type_new       000000000004daa0 f   OpensslLib:asn1_lib.obj
 0001:0004d818       ASN1_STRING_free           000000000004dad8 f   OpensslLib:asn1_lib.obj
 0001:0004d85c       ASN1_STRING_clear_free     000000000004db1c f   OpensslLib:asn1_lib.obj
 0001:0004d894       ASN1_STRING_cmp            000000000004db54 f   OpensslLib:asn1_lib.obj
 0001:0004da28       asn1_time_to_tm            000000000004dce8 f   OpensslLib:a_time.obj
 0001:0004dde8       asn1_time_from_tm          000000000004e0a8 f   OpensslLib:a_time.obj
 0001:0004df00       ASN1_TIME_adj              000000000004e1c0 f   OpensslLib:a_time.obj
 0001:0004df54       ASN1_TIME_diff             000000000004e214 f   OpensslLib:a_time.obj
 0001:0004e048       ASN1_TIME_print            000000000004e308 f   OpensslLib:a_time.obj
 0001:0004eed4       SSL_CONF_cmd               000000000004f194 f   OpensslLib:ssl_conf.obj
 0001:0004f030       SSL_CONF_CTX_finish        000000000004f2f0 f   OpensslLib:ssl_conf.obj
 0001:0004f594       rand_pool_acquire_entropy  000000000004f854 f   OpensslLib:rand_pool.obj
 0001:0004f614       RAND_DRBG_set              000000000004f8d4 f   OpensslLib:drbg_lib.obj
 0001:0004f7e8       RAND_DRBG_free             000000000004faa8 f   OpensslLib:drbg_lib.obj
 0001:0004f858       RAND_DRBG_instantiate      000000000004fb18 f   OpensslLib:drbg_lib.obj
 0001:0004fa84       RAND_DRBG_reseed           000000000004fd44 f   OpensslLib:drbg_lib.obj
 0001:0004fbf0       rand_drbg_restart          000000000004feb0 f   OpensslLib:drbg_lib.obj
 0001:0004ff38       RAND_DRBG_generate         00000000000501f8 f   OpensslLib:drbg_lib.obj
 0001:000500ac       RAND_DRBG_bytes            000000000005036c f   OpensslLib:drbg_lib.obj
 0001:000505b8       RAND_DRBG_get0_master      0000000000050878 f   OpensslLib:drbg_lib.obj
 0001:000505ec       RAND_DRBG_get0_private     00000000000508ac f   OpensslLib:drbg_lib.obj
 0001:00050720       ASN1_TYPE_set              00000000000509e0 f   OpensslLib:a_type.obj
 0001:00050784       ASN1_TYPE_cmp              0000000000050a44 f   OpensslLib:a_type.obj
 0001:000507f8       ASN1_TYPE_unpack_sequence  0000000000050ab8 f   OpensslLib:a_type.obj
 0001:00050854       X509_ATTRIBUTE_free        0000000000050b14 f   OpensslLib:x_attrib.obj
 0001:000508fc       CMAC_CTX_new               0000000000050bbc f   OpensslLib:cmac.obj
 0001:00050960       CMAC_CTX_free              0000000000050c20 f   OpensslLib:cmac.obj
 0001:000509f8       CMAC_CTX_copy              0000000000050cb8 f   OpensslLib:cmac.obj
 0001:00050a94       CMAC_Init                  0000000000050d54 f   OpensslLib:cmac.obj
 0001:00050e44       EVP_DigestSignFinal        0000000000051104 f   OpensslLib:m_sigver.obj
 0001:00051024       EVP_DigestSign             00000000000512e4 f   OpensslLib:m_sigver.obj
 0001:0005109c       EVP_DigestVerifyFinal      000000000005135c f   OpensslLib:m_sigver.obj
 0001:000511cc       EVP_DigestVerify           000000000005148c f   OpensslLib:m_sigver.obj
 0001:00051240       ssl3_cleanup_key_block     0000000000051500 f   OpensslLib:s3_enc.obj
 0001:000512ac       ssl3_init_finished_mac     000000000005156c f   OpensslLib:s3_enc.obj
 0001:00051328       ssl3_free_digest_list      00000000000515e8 f   OpensslLib:s3_enc.obj
 0001:00051390       ssl3_finish_mac            0000000000051650 f   OpensslLib:s3_enc.obj
 0001:0005142c       ssl3_digest_cached_records 00000000000516ec f   OpensslLib:s3_enc.obj
 0001:00051548       X509v3_get_ext_by_NID      0000000000051808 f   OpensslLib:x509_v3.obj
 0001:00051584       X509v3_get_ext_by_OBJ      0000000000051844 f   OpensslLib:x509_v3.obj
 0001:00052378       ASN1_STRING_to_UTF8        0000000000052638 f   OpensslLib:a_strex.obj
 0001:00052400       BN_bn2hex                  00000000000526c0 f   OpensslLib:bn_print.obj
 0001:000524e0       BN_bn2dec                  00000000000527a0 f   OpensslLib:bn_print.obj
 0001:000526a0       BN_hex2bn                  0000000000052960 f   OpensslLib:bn_print.obj
 0001:00052854       BN_dec2bn                  0000000000052b14 f   OpensslLib:bn_print.obj
 0001:00052ac8       BN_mod_word                0000000000052d88 f   OpensslLib:bn_word.obj
 0001:00052b6c       BN_div_word                0000000000052e2c f   OpensslLib:bn_word.obj
 0001:00052c58       BN_add_word                0000000000052f18 f   OpensslLib:bn_word.obj
 0001:00052d2c       BN_sub_word                0000000000052fec f   OpensslLib:bn_word.obj
 0001:00052dfc       BN_mul_word                00000000000530bc f   OpensslLib:bn_word.obj
 0001:00052f08       BN_lshift1                 00000000000531c8 f   OpensslLib:bn_shift.obj
 0001:00052fb0       BN_rshift1                 0000000000053270 f   OpensslLib:bn_shift.obj
 0001:00053084       BN_lshift                  0000000000053344 f   OpensslLib:bn_shift.obj
 0001:000530c8       bn_lshift_fixed_top        0000000000053388 f   OpensslLib:bn_shift.obj
 0001:00053200       BN_rshift                  00000000000534c0 f   OpensslLib:bn_shift.obj
 0001:0005323c       bn_rshift_fixed_top        00000000000534fc f   OpensslLib:bn_shift.obj
 0001:00053344       EVP_PBE_CipherInit         0000000000053604 f   OpensslLib:evp_pbe.obj
 0001:000534d0       EVP_PBE_find               0000000000053790 f   OpensslLib:evp_pbe.obj
 0001:0005359c       EVP_PKEY_sign_init         000000000005385c f   OpensslLib:pmeth_fn.obj
 0001:000535f8       EVP_PKEY_sign              00000000000538b8 f   OpensslLib:pmeth_fn.obj
 0001:00053708       EVP_PKEY_verify_init       00000000000539c8 f   OpensslLib:pmeth_fn.obj
 0001:00053764       EVP_PKEY_verify            0000000000053a24 f   OpensslLib:pmeth_fn.obj
 0001:000537c0       EVP_PKEY_encrypt_init      0000000000053a80 f   OpensslLib:pmeth_fn.obj
 0001:00053824       EVP_PKEY_encrypt           0000000000053ae4 f   OpensslLib:pmeth_fn.obj
 0001:00053938       EVP_PKEY_derive_init       0000000000053bf8 f   OpensslLib:pmeth_fn.obj
 0001:0005399c       EVP_PKEY_derive_set_peer   0000000000053c5c f   OpensslLib:pmeth_fn.obj
 0001:00053b24       EVP_PKEY_derive            0000000000053de4 f   OpensslLib:pmeth_fn.obj
 0001:00053c20       CRYPTO_xts128_encrypt      0000000000053ee0 f   OpensslLib:xts128.obj
 0001:00053ec0       AES_set_encrypt_key        0000000000054180 f   OpensslLib:aes_core.obj
 0001:000544a8       AES_set_decrypt_key        0000000000054768 f   OpensslLib:aes_core.obj
 0001:000546e4       AES_encrypt                00000000000549a4 f   OpensslLib:aes_core.obj
 0001:00054d28       AES_decrypt                0000000000054fe8 f   OpensslLib:aes_core.obj
 0001:000554c0       CRYPTO_gcm128_init         0000000000055780 f   OpensslLib:gcm128.obj
 0001:0005569c       CRYPTO_gcm128_setiv        000000000005595c f   OpensslLib:gcm128.obj
 0001:00055860       CRYPTO_gcm128_aad          0000000000055b20 f   OpensslLib:gcm128.obj
 0001:0005599c       CRYPTO_gcm128_encrypt      0000000000055c5c f   OpensslLib:gcm128.obj
 0001:00055ae4       CRYPTO_gcm128_decrypt      0000000000055da4 f   OpensslLib:gcm128.obj
 0001:00055c2c       CRYPTO_gcm128_finish       0000000000055eec f   OpensslLib:gcm128.obj
 0001:00055db4       CRYPTO_gcm128_tag          0000000000056074 f   OpensslLib:gcm128.obj
 0001:00055dec       CRYPTO_ccm128_init         00000000000560ac f   OpensslLib:ccm128.obj
 0001:00055e54       CRYPTO_ccm128_setiv        0000000000056114 f   OpensslLib:ccm128.obj
 0001:00055ee8       CRYPTO_ccm128_aad          00000000000561a8 f   OpensslLib:ccm128.obj
 0001:00056064       CRYPTO_ccm128_encrypt      0000000000056324 f   OpensslLib:ccm128.obj
 0001:00056318       CRYPTO_ccm128_decrypt      00000000000565d8 f   OpensslLib:ccm128.obj
 0001:00056514       CRYPTO_ccm128_encrypt_ccm64 00000000000567d4 f   OpensslLib:ccm128.obj
 0001:0005675c       CRYPTO_ccm128_decrypt_ccm64 0000000000056a1c f   OpensslLib:ccm128.obj
 0001:00056954       CRYPTO_ccm128_tag          0000000000056c14 f   OpensslLib:ccm128.obj
 0001:00056990       CRYPTO_cbc128_encrypt      0000000000056c50 f   OpensslLib:cbc128.obj
 0001:00056a64       CRYPTO_cbc128_decrypt      0000000000056d24 f   OpensslLib:cbc128.obj
 0001:00056b24       CRYPTO_ofb128_encrypt      0000000000056de4 f   OpensslLib:ofb128.obj
 0001:00056bac       CRYPTO_128_wrap            0000000000056e6c f   OpensslLib:wrap128.obj
 0001:00056e2c       CRYPTO_128_wrap_pad        00000000000570ec f   OpensslLib:wrap128.obj
 0001:00056f58       CRYPTO_128_unwrap_pad      0000000000057218 f   OpensslLib:wrap128.obj
 0001:000570fc       AES_cbc_encrypt            00000000000573bc f   OpensslLib:aes_cbc.obj
 0001:00057128       CRYPTO_ctr128_encrypt      00000000000573e8 f   OpensslLib:ctr128.obj
 0001:000571d8       CRYPTO_ctr128_encrypt_ctr32 0000000000057498 f   OpensslLib:ctr128.obj
 0001:000573d0       CRYPTO_cfb128_encrypt      0000000000057690 f   OpensslLib:cfb128.obj
 0001:000575d0       CRYPTO_cfb128_1_encrypt    0000000000057890 f   OpensslLib:cfb128.obj
 0001:000576c4       CRYPTO_cfb128_8_encrypt    0000000000057984 f   OpensslLib:cfb128.obj
 0001:00057760       SHA224_Init                0000000000057a20 f   OpensslLib:sha256.obj
 0001:000577c0       SHA256_Init                0000000000057a80 f   OpensslLib:sha256.obj
 0001:00057820       SHA256_Update              0000000000057ae0 f   OpensslLib:sha256.obj
 0001:00057934       SHA256_Transform           0000000000057bf4 f   OpensslLib:sha256.obj
 0001:00057940       SHA256_Final               0000000000057c00 f   OpensslLib:sha256.obj
 0001:00057e18       SHA384_Init                00000000000580d8 f   OpensslLib:sha512.obj
 0001:00057ea8       SHA512_Init                0000000000058168 f   OpensslLib:sha512.obj
 0001:00057f38       SHA512_Final               00000000000581f8 f   OpensslLib:sha512.obj
 0001:00058278       SHA512_Update              0000000000058538 f   OpensslLib:sha512.obj
 0001:0005837c       SHA512_Transform           000000000005863c f   OpensslLib:sha512.obj
 0001:000587f0       SHA1_Update                0000000000058ab0 f   OpensslLib:sha1dgst.obj
 0001:00058904       SHA1_Transform             0000000000058bc4 f   OpensslLib:sha1dgst.obj
 0001:00058910       SHA1_Final                 0000000000058bd0 f   OpensslLib:sha1dgst.obj
 0001:00058a5c       SHA1_Init                  0000000000058d1c f   OpensslLib:sha1dgst.obj
 0001:000590d0       aria_encrypt               0000000000059390 f   OpensslLib:aria.obj
 0001:000591c4       aria_set_encrypt_key       0000000000059484 f   OpensslLib:aria.obj
 0001:000594f0       aria_set_decrypt_key       00000000000597b0 f   OpensslLib:aria.obj
 0001:000595a4       MD5_Update                 0000000000059864 f   OpensslLib:md5_dgst.obj
 0001:000596b8       MD5_Transform              0000000000059978 f   OpensslLib:md5_dgst.obj
 0001:000596c4       MD5_Final                  0000000000059984 f   OpensslLib:md5_dgst.obj
 0001:00059850       MD5_Init                   0000000000059b10 f   OpensslLib:md5_dgst.obj
 0001:0005988c       md5_block_data_order       0000000000059b4c f   OpensslLib:md5_dgst.obj
 0001:0005a334       openssl_add_all_ciphers_int 000000000005a5f4 f   OpensslLib:c_allc.obj
 0001:0005a7d0       pitem_new                  000000000005aa90 f   OpensslLib:pqueue.obj
 0001:0005a844       pqueue_insert              000000000005ab04 f   OpensslLib:pqueue.obj
 0001:0005a8c4       pqueue_find                000000000005ab84 f   OpensslLib:pqueue.obj
 0001:0005a944       EVP_PKEY_keygen_init       000000000005ac04 f   OpensslLib:pmeth_gn.obj
 0001:0005a9a0       EVP_PKEY_keygen            000000000005ac60 f   OpensslLib:pmeth_gn.obj
 0001:0005aa5c       ASN1_item_verify           000000000005ad1c f   OpensslLib:a_verify.obj
 0001:0005acdc       X509_NAME_get_index_by_NID 000000000005af9c f   OpensslLib:x509name.obj
 0001:0005ad18       X509_NAME_get_index_by_OBJ 000000000005afd8 f   OpensslLib:x509name.obj
 0001:0005adb4       X509_NAME_get_entry        000000000005b074 f   OpensslLib:x509name.obj
 0001:0005adec       X509_NAME_delete_entry     000000000005b0ac f   OpensslLib:x509name.obj
 0001:0005aefc       X509_NAME_add_entry        000000000005b1bc f   OpensslLib:x509name.obj
 0001:0005b064       X509_NAME_ENTRY_create_by_OBJ 000000000005b324 f   OpensslLib:x509name.obj
 0001:0005bdd8       X509_policy_tree_free      000000000005c098 f   OpensslLib:pcy_tree.obj
 0001:0005be84       X509_policy_check          000000000005c144 f   OpensslLib:pcy_tree.obj
 0001:0005f1a0       rsa_pss_params_create      000000000005f460 f   OpensslLib:rsa_ameth.obj
 0001:0005f6b8       rsa_pss_get_param          000000000005f978 f   OpensslLib:rsa_ameth.obj
 0001:00060c20       EVP_DecodeUpdate           0000000000060ee0 f   OpensslLib:encode.obj
 0001:00060f78       EVP_read_pw_string_min     0000000000061238 f   OpensslLib:evp_key.obj
 0001:000610fc       EVP_BytesToKey             00000000000613bc f   OpensslLib:evp_key.obj
 0001:000612b8       tls_construct_ctos_renegotiate 0000000000061578 f   OpensslLib:extensions_clnt.obj
 0001:00061378       tls_construct_ctos_server_name 0000000000061638 f   OpensslLib:extensions_clnt.obj
 0001:000614a8       tls_construct_ctos_maxfragmentlen 0000000000061768 f   OpensslLib:extensions_clnt.obj
 0001:000615e8       tls_construct_ctos_ec_pt_formats 00000000000618a8 f   OpensslLib:extensions_clnt.obj
 0001:000616e0       tls_construct_ctos_supported_groups 00000000000619a0 f   OpensslLib:extensions_clnt.obj
 0001:00061830       tls_construct_ctos_session_ticket 0000000000061af0 f   OpensslLib:extensions_clnt.obj
 0001:00061990       tls_construct_ctos_sig_algs 0000000000061c50 f   OpensslLib:extensions_clnt.obj
 0001:00061ab8       tls_construct_ctos_status_request 0000000000061d78 f   OpensslLib:extensions_clnt.obj
 0001:00061d24       tls_construct_ctos_npn     0000000000061fe4 f   OpensslLib:extensions_clnt.obj
 0001:00061dbc       tls_construct_ctos_alpn    000000000006207c f   OpensslLib:extensions_clnt.obj
 0001:00061eb4       tls_construct_ctos_use_srtp 0000000000062174 f   OpensslLib:extensions_clnt.obj
 0001:00062030       tls_construct_ctos_etm     00000000000622f0 f   OpensslLib:extensions_clnt.obj
 0001:000620a8       tls_construct_ctos_ems     0000000000062368 f   OpensslLib:extensions_clnt.obj
[...]
 0005:00001c94       $unwind$ecx_priv_decode    00000000000edcd4     OpensslLib:ecx_meth.obj
 0005:00001ca4       $unwind$ecx_priv_encode    00000000000edce4     OpensslLib:ecx_meth.obj
 0005:00001cb4       $unwind$dh_pub_decode      00000000000edcf4     OpensslLib:dh_ameth.obj
 0005:00001cb4       $unwind$eckey_pub_encode   00000000000edcf4     OpensslLib:ec_ameth.obj
 0005:00001cb4       $unwind$rsa_pub_encode     00000000000edcf4     OpensslLib:rsa_ameth.obj
 0005:00001cc4       $unwind$eckey_priv_decode  00000000000edd04     OpensslLib:ec_ameth.obj
 0005:00001cc4       $unwind$eckey_pub_decode   00000000000edd04     OpensslLib:ec_ameth.obj
 0005:00001cdc       $unwind$eckey_priv_encode  00000000000edd1c     OpensslLib:ec_ameth.obj
 0005:00001cf0       $unwind$do_EC_KEY_print    00000000000edd30     OpensslLib:ec_ameth.obj
 0005:00001d0c       $unwind$PKCS8_decrypt      00000000000edd4c     OpensslLib:p12_p8d.obj
 0005:00001d0c       $unwind$rsa_priv_encode    00000000000edd4c     OpensslLib:rsa_ameth.obj
 0005:00001d1c       $unwind$rsa_sig_print      00000000000edd5c     OpensslLib:rsa_ameth.obj
 0005:00001d30       $unwind$rsa_md_to_mgf1     00000000000edd70     OpensslLib:rsa_ameth.obj
 0005:00001d40       $unwind$rsa_ctx_to_pss_string 00000000000edd80     OpensslLib:rsa_ameth.obj
 0005:00001d50       $unwind$rsa_pss_to_ctx     00000000000edd90     OpensslLib:rsa_ameth.obj
 0005:00001d68       $unwind$rsa_pss_get_param  00000000000edda8     OpensslLib:rsa_ameth.obj
 0005:00001d80       $unwind$rsa_item_sign      00000000000eddc0     OpensslLib:rsa_ameth.obj
 0005:00001d90       $unwind$rsa_sig_info_set   00000000000eddd0     OpensslLib:rsa_ameth.obj
 0005:00001da0       $unwind$dh_priv_decode     00000000000edde0     OpensslLib:dh_ameth.obj
 0005:00001db4       $unwind$do_dh_print        00000000000eddf4     OpensslLib:dh_ameth.obj
 0005:00001dcc       $unwind$uint64_c2i         00000000000ede0c     OpensslLib:x_int64.obj
 0005:00001ddc       $unwind$uint32_c2i         00000000000ede1c     OpensslLib:x_int64.obj
 0005:00001df0       $unwind$EVP_DecodeUpdate   00000000000ede30     OpensslLib:encode.obj
 0005:00001e04       $unwind$fe_tobytes         00000000000ede44     OpensslLib:curve25519.obj
 0005:00001e04       $unwind$evp_decodeblock_int 00000000000ede44     OpensslLib:encode.obj
 0005:00001e20       $unwind$EVP_read_pw_string_min 00000000000ede60     OpensslLib:evp_key.obj
 0005:00001e3c       $unwind$bn_div_fixed_top   00000000000ede7c     OpensslLib:bn_div.obj
 0005:00001e3c       $unwind$EVP_BytesToKey     00000000000ede7c     OpensslLib:evp_key.obj
 0005:00001e54       $unwind$tls_construct_ctos_supported_groups 00000000000ede94     OpensslLib:extensions_clnt.obj
 0005:00001e6c       $unwind$tls_construct_ctos_sig_algs 00000000000edeac     OpensslLib:extensions_clnt.obj
 0005:00001e7c       $unwind$tls_construct_ctos_supported_versions 00000000000edebc     OpensslLib:extensions_clnt.obj
 0005:00001e8c       $unwind$tls_construct_ctos_key_share 00000000000edecc     OpensslLib:extensions_clnt.obj
 0005:00001ea4       $unwind$tls_construct_ctos_cookie 00000000000edee4     OpensslLib:extensions_clnt.obj
 0005:00001eb4       $unwind$tls_construct_ctos_early_data 00000000000edef4     OpensslLib:extensions_clnt.obj
 0005:00001ed0       $unwind$tls_construct_ctos_psk 00000000000edf10     OpensslLib:extensions_clnt.obj
 0005:00001eec       $unwind$tls_parse_stoc_npn 00000000000edf2c     OpensslLib:extensions_clnt.obj
 0005:00001ef8       $unwind$tls_parse_stoc_key_share 00000000000edf38     OpensslLib:extensions_clnt.obj
 0005:00001f08       $unwind$tls_parse_ctos_status_request 00000000000edf48     OpensslLib:extensions_srvr.obj
 0005:00001f20       $unwind$tls_parse_ctos_key_share 00000000000edf60     OpensslLib:extensions_srvr.obj
 0005:00001f38       $unwind$tls_parse_ctos_cookie 00000000000edf78     OpensslLib:extensions_srvr.obj
 0005:00001f58       $unwind$tls_parse_ctos_psk 00000000000edf98     OpensslLib:extensions_srvr.obj
 0005:00001f74       $unwind$tls_construct_stoc_supported_groups 00000000000edfb4     OpensslLib:extensions_srvr.obj
 0005:00001f8c       $unwind$tls_construct_stoc_cookie 00000000000edfcc     OpensslLib:extensions_srvr.obj
 0005:00001fa8       $unwind$tls_construct_stoc_cryptopro_bug 00000000000edfe8     OpensslLib:extensions_srvr.obj
 0005:00001fb4       $unwind$tls_construct_stoc_psk 00000000000edff4     OpensslLib:extensions_srvr.obj
 0005:00001fc0       $unwind$bn_compute_wNAF    00000000000ee000     OpensslLib:bn_intern.obj
 0005:00001fd8       $unwind$bnrand             00000000000ee018     OpensslLib:bn_rand.obj
 0005:00001ff4       $unwind$BN_generate_dsa_nonce 00000000000ee034     OpensslLib:bn_rand.obj
 0005:00002014       $unwind$asn1_d2i_read_bio  00000000000ee054     OpensslLib:a_d2i_fp.obj
 0005:0000202c       $unwind$EVP_PKCS82PKEY     00000000000ee06c     OpensslLib:evp_pkey.obj
 0005:0000203c       $unwind$EC_GROUP_get_ecparameters 00000000000ee07c     OpensslLib:ec_asn1.obj
 0005:0000204c       $unwind$d2i_ECPKParameters 00000000000ee08c     OpensslLib:ec_asn1.obj
 0005:0000204c       $unwind$d2i_ECPrivateKey   00000000000ee08c     OpensslLib:ec_asn1.obj
 0005:0000205c       $unwind$i2d_ECPrivateKey   00000000000ee09c     OpensslLib:ec_asn1.obj
 0005:00002074       $unwind$i2d_DHxparams      00000000000ee0b4     OpensslLib:dh_asn1.obj
 0005:0000207c       $unwind$BN_generate_prime_ex 00000000000ee0bc     OpensslLib:bn_prime.obj
 0005:0000207c       $unwind$rsa_ossl_private_encrypt 00000000000ee0bc     OpensslLib:rsa_ossl.obj
 0005:00002094       $unwind$rsa_ossl_private_decrypt 00000000000ee0d4     OpensslLib:rsa_ossl.obj
 0005:000020ac       $unwind$rsa_ossl_public_decrypt 00000000000ee0ec     OpensslLib:rsa_ossl.obj
 0005:000020c4       $unwind$rsa_ossl_mod_exp   00000000000ee104     OpensslLib:rsa_ossl.obj
 0005:000020e0       $unwind$i2v_GENERAL_NAME   00000000000ee120     OpensslLib:v3_alt.obj
 0005:000020f0       $unwind$notice_section     00000000000ee130     OpensslLib:v3_cpols.obj
 0005:00002108       $unwind$BIO_dump_indent_cb 00000000000ee148     OpensslLib:b_dump.obj
 0005:00002124       $unwind$X509V3_EXT_get_nid 00000000000ee164     OpensslLib:v3_lib.obj
 0005:00002130       $unwind$pkey_dh_ctrl_str   00000000000ee170     OpensslLib:dh_pmeth.obj
 0005:00002144       $unwind$pkey_rsa_verify    00000000000ee184     OpensslLib:rsa_pmeth.obj
 0005:00002158       $unwind$pkey_rsa_ctrl_str  00000000000ee198     OpensslLib:rsa_pmeth.obj
 0005:00002170       $unwind$pkey_pss_init      00000000000ee1b0     OpensslLib:rsa_pmeth.obj
 0005:00002180       $unwind$pkey_hkdf_derive   00000000000ee1c0     OpensslLib:hkdf.obj
 0005:00002198       $unwind$HKDF_Extract       00000000000ee1d8     OpensslLib:hkdf.obj
 0005:000021b0       $unwind$HKDF_Expand        00000000000ee1f0     OpensslLib:hkdf.obj
 0005:000021c8       $unwind$pkey_sm2_verify    00000000000ee208     OpensslLib:sm2_pmeth.obj
 0005:000021dc       $unwind$pkey_sm2_digest_custom 00000000000ee21c     OpensslLib:sm2_pmeth.obj
 0005:000021f4       $unwind$ssl3_cbc_digest_record 00000000000ee234     OpensslLib:s3_cbc.obj
 0005:0000220c       $unwind$BN_mod_mul         00000000000ee24c     OpensslLib:bn_mod.obj
 0005:0000220c       $unwind$bn_mul_mont_fixed_top 00000000000ee24c     OpensslLib:bn_mont.obj
 0005:00002224       $unwind$bn_from_montgomery_word 00000000000ee264     OpensslLib:bn_mont.obj
 0005:0000223c       $unwind$BN_MONT_CTX_set    00000000000ee27c     OpensslLib:bn_mont.obj
 0005:00002258       $unwind$ec_scalar_mul_ladder 00000000000ee298     OpensslLib:ec_mult.obj
 0005:00002258       $unwind$ec_GFp_simple_ladder_post 00000000000ee298     OpensslLib:ecp_smpl.obj
 0005:00002258       $unwind$ec_GFp_simple_points_make_affine 00000000000ee298     OpensslLib:ecp_smpl.obj
 0005:00002270       $unwind$ec_wNAF_mul        00000000000ee2b0     OpensslLib:ec_mult.obj
 0005:0000228c       $unwind$BN_mod_exp_mont    00000000000ee2cc     OpensslLib:bn_exp.obj
 0005:000022ac       $unwind$MOD_EXP_CTIME_COPY_FROM_PREBUF 00000000000ee2ec     OpensslLib:bn_exp.obj
 0005:000022c4       $unwind$BN_mod_exp_mont_consttime 00000000000ee304     OpensslLib:bn_exp.obj
 0005:000022c4       $unwind$bn_mod_inverse_no_branch 00000000000ee304     OpensslLib:bn_gcd.obj
 0005:000022dc       $unwind$BN_mod_exp_mont_word 00000000000ee31c     OpensslLib:bn_exp.obj
 0005:000022dc       $unwind$ec_GFp_simple_ladder_step 00000000000ee31c     OpensslLib:ecp_smpl.obj
 0005:000022f4       $unwind$int_bn_mod_inverse 00000000000ee334     OpensslLib:bn_gcd.obj
 0005:000022f4       $unwind$ossl_ecdsa_sign_sig 00000000000ee334     OpensslLib:ecdsa_ossl.obj
 0005:0000230c       $unwind$OPENSSL_gmtime_adj 00000000000ee34c     OpensslLib:o_time.obj
 0005:00002314       $unwind$bn_sub_words       00000000000ee354     OpensslLib:bn_asm.obj
 0005:00002314       $unwind$curve448_scalar_halve 00000000000ee354     OpensslLib:scalar.obj
 0005:00002314       $unwind$julian_adj         00000000000ee354     OpensslLib:o_time.obj
 0005:00002320       $unwind$ctr_df             00000000000ee360     OpensslLib:drbg_ctr.obj
 0005:00002338       $unwind$ctr_update         00000000000ee378     OpensslLib:drbg_ctr.obj
 0005:00002358       $unwind$ASN1_mbstring_ncopy 00000000000ee398     OpensslLib:a_mbstr.obj
 0005:00002370       $unwind$traverse_string    00000000000ee3b0     OpensslLib:a_mbstr.obj
 0005:00002384       $unwind$bn_mul_add_words   00000000000ee3c4     OpensslLib:bn_asm.obj
 0005:00002384       $unwind$gf_deserialize     00000000000ee3c4     OpensslLib:f_generic.obj
 0005:00002398       $unwind$bn_mul_words       00000000000ee3d8     OpensslLib:bn_asm.obj
 0005:000023b0       $unwind$PKCS5_PBE_keyivgen 00000000000ee3f0     OpensslLib:p5_crpt.obj
 0005:000023cc       $unwind$PKCS5_PBKDF2_HMAC  00000000000ee40c     OpensslLib:p5_crpt2.obj
 0005:000023e4       $unwind$PKCS5_v2_PBKDF2_keyivgen 00000000000ee424     OpensslLib:p5_crpt2.obj
 0005:000023fc       $unwind$PKCS12_PBE_keyivgen 00000000000ee43c     OpensslLib:p12_crpt.obj
 0005:0000241c       $unwind$ASN1_STRING_print  00000000000ee45c     OpensslLib:a_print.obj
 0005:00002430       $unwind$hash_init_with_dom 00000000000ee470     OpensslLib:eddsa.obj
 0005:00002430       $unwind$ossl_ecdsa_sign    00000000000ee470     OpensslLib:ecdsa_ossl.obj
 0005:00002438       $unwind$c448_ed448_sign    00000000000ee478     OpensslLib:eddsa.obj
 0005:00002458       $unwind$c448_ed448_verify  00000000000ee498     OpensslLib:eddsa.obj
 0005:00002478       $unwind$ED448_public_from_private 00000000000ee4b8     OpensslLib:eddsa.obj
 0005:00002494       $unwind$fe_frombytes       00000000000ee4d4     OpensslLib:curve25519.obj
 0005:000024ac       $unwind$fe_mul             00000000000ee4ec     OpensslLib:curve25519.obj
 0005:000024c4       $unwind$fe_sq              00000000000ee504     OpensslLib:curve25519.obj
 0005:000024c4       $unwind$fe_sq2             00000000000ee504     OpensslLib:curve25519.obj
 0005:000024dc       $unwind$fe_invert          00000000000ee51c     OpensslLib:curve25519.obj
 0005:000024f8       $unwind$fe_pow22523        00000000000ee538     OpensslLib:curve25519.obj
 0005:00002514       $unwind$ge_p3_tobytes      00000000000ee554     OpensslLib:curve25519.obj
 0005:00002524       $unwind$ge_frombytes_vartime 00000000000ee564     OpensslLib:curve25519.obj
 0005:00002540       $unwind$ge_p3_dbl          00000000000ee580     OpensslLib:curve25519.obj
 0005:00002554       $unwind$ge_add             00000000000ee594     OpensslLib:curve25519.obj
 0005:00002554       $unwind$ge_madd            00000000000ee594     OpensslLib:curve25519.obj
 0005:00002570       $unwind$ge_scalarmult_base 00000000000ee5b0     OpensslLib:curve25519.obj
 0005:0000258c       $unwind$x25519_scalar_mult_generic 00000000000ee5cc     OpensslLib:curve25519.obj
 0005:000025a8       $unwind$slide              00000000000ee5e8     OpensslLib:curve25519.obj
 0005:000025c0       $unwind$ge_double_scalarmult_vartime 00000000000ee600     OpensslLib:curve25519.obj
 0005:000025e0       $unwind$x25519_sc_reduce   00000000000ee620     OpensslLib:curve25519.obj
 0005:000025f8       $unwind$sc_muladd          00000000000ee638     OpensslLib:curve25519.obj
 0005:00002610       $unwind$ED25519_verify     00000000000ee650     OpensslLib:curve25519.obj
 0005:00002630       $unwind$X25519_public_from_private 00000000000ee670     OpensslLib:curve25519.obj
 0005:00002640       $unwind$ASN1_buf_print     00000000000ee680     OpensslLib:t_pkey.obj
 0005:00002654       $unwind$gf_invert          00000000000ee694     OpensslLib:curve448.obj
 0005:00002668       $unwind$point_double_internal 00000000000ee6a8     OpensslLib:curve448.obj
 0005:00002688       $unwind$add_niels_to_pt    00000000000ee6c8     OpensslLib:curve448.obj
 0005:00002688       $unwind$sub_niels_from_pt  00000000000ee6c8     OpensslLib:curve448.obj
 0005:000026a8       $unwind$curve448_precomputed_scalarmul 00000000000ee6e8     OpensslLib:curve448.obj
 0005:000026c4       $unwind$curve448_point_mul_by_ratio_and_encode_like_eddsa 00000000000ee704     OpensslLib:curve448.obj
 0005:000026d8       $unwind$curve448_point_decode_like_eddsa_and_mul_by_ratio 00000000000ee718     OpensslLib:curve448.obj
 0005:000026f8       $unwind$x448_int           00000000000ee738     OpensslLib:curve448.obj
 0005:00002718       $unwind$recode_wnaf        00000000000ee758     OpensslLib:curve448.obj
 0005:00002734       $unwind$curve448_base_double_scalarmul_non_secret 00000000000ee774     OpensslLib:curve448.obj
 0005:00002754       $unwind$X448_public_from_private 00000000000ee794     OpensslLib:curve448.obj
 0005:0000276c       $unwind$ECPKParameters_print 00000000000ee7ac     OpensslLib:eck_prn.obj
 0005:00002784       $unwind$print_bin          00000000000ee7c4     OpensslLib:eck_prn.obj
 0005:000027a0       $unwind$X509_signature_dump 00000000000ee7e0     OpensslLib:t_x509.obj
 0005:000027bc       $unwind$i2a_ASN1_INTEGER   00000000000ee7fc     OpensslLib:f_int.obj
 0005:000027d0       $unwind$print_error        00000000000ee810     OpensslLib:ui_lib.obj
 0005:000027dc       $unwind$ecdsa_sign_setup   00000000000ee81c     OpensslLib:ecdsa_ossl.obj
 0005:000027f4       $unwind$ossl_ecdsa_verify_sig 00000000000ee834     OpensslLib:ecdsa_ossl.obj
 0005:0000280c       $unwind$ecdh_simple_compute_key 00000000000ee84c     OpensslLib:ecdh_ossl.obj
 0005:00002824       $unwind$RSA_padding_check_PKCS1_type_2 00000000000ee864     OpensslLib:rsa_pk1.obj
 0005:00002840       $unwind$RSA_padding_check_SSLv23 00000000000ee880     OpensslLib:rsa_ssl.obj
 0005:0000285c       $unwind$RSA_padding_check_PKCS1_OAEP_mgf1 00000000000ee89c     OpensslLib:rsa_oaep.obj
 0005:00002878       $unwind$PKCS1_MGF1         00000000000ee8b8     OpensslLib:rsa_oaep.obj
 0005:00002890       $unwind$generate_v3        00000000000ee8d0     OpensslLib:asn1_gen.obj
 0005:000028b0       $unwind$asn1_cb            00000000000ee8f0     OpensslLib:asn1_gen.obj
 0005:000028c8       $unwind$asn1_str2type      00000000000ee908     OpensslLib:asn1_gen.obj
 0005:000028dc       $unwind$i2v_POLICY_MAPPINGS 00000000000ee91c     OpensslLib:v3_pmaps.obj
 0005:000028f4       $unwind$i2v_EXTENDED_KEY_USAGE 00000000000ee934     OpensslLib:v3_extku.obj
 0005:00002904       $unwind$v2i_ASN1_BIT_STRING 00000000000ee944     OpensslLib:v3_bitst.obj
 0005:00002920       $unwind$i2r_ocsp_crlid     00000000000ee960     OpensslLib:v3_ocsp.obj
 0005:00002934       $unwind$i2v_AUTHORITY_KEYID 00000000000ee974     OpensslLib:v3_akey.obj
 0005:00002944       $unwind$v2i_AUTHORITY_KEYID 00000000000ee984     OpensslLib:v3_akey.obj
 0005:0000295c       $unwind$i2r_NAMING_AUTHORITY 00000000000ee99c     OpensslLib:v3_admis.obj
 0005:00002978       $unwind$i2r_ADMISSION_SYNTAX 00000000000ee9b8     OpensslLib:v3_admis.obj
 0005:00002998       $unwind$s2i_skey_id        00000000000ee9d8     OpensslLib:v3_skey.obj
 0005:000029a8       $unwind$process_pci_value  00000000000ee9e8     OpensslLib:v3_pci.obj
 0005:000029c4       $unwind$i2v_TLS_FEATURE    00000000000eea04     OpensslLib:v3_tlsf.obj
 0005:000029d8       $unwind$probable_prime_dh  00000000000eea18     OpensslLib:bn_prime.obj
 0005:000029f0       $unwind$dh_builtin_genparams 00000000000eea30     OpensslLib:dh_gen.obj
 0005:00002a0c       $unwind$RSA_sign_ASN1_OCTET_STRING 00000000000eea4c     OpensslLib:rsa_saos.obj
 0005:00002a24       $unwind$rsa_builtin_keygen 00000000000eea64     OpensslLib:rsa_gen.obj
 0005:00002a40       $unwind$encode_pkcs1       00000000000eea80     OpensslLib:rsa_sign.obj
 0005:00002a54       $unwind$RSA_verify_PKCS1_PSS_mgf1 00000000000eea94     OpensslLib:rsa_pss.obj
 0005:00002a70       $unwind$sm2_compute_z_digest 00000000000eeab0     OpensslLib:sm2_sign.obj
 0005:00002a8c       $unwind$sm2_sig_gen        00000000000eeacc     OpensslLib:sm2_sign.obj
 0005:00002aa4       $unwind$sm2_sign           00000000000eeae4     OpensslLib:sm2_sign.obj
 0005:00002ab8       $unwind$sm2_encrypt        00000000000eeaf8     OpensslLib:sm2_crypt.obj
 0005:00002ad4       $unwind$sm2_decrypt        00000000000eeb14     OpensslLib:sm2_crypt.obj
 0005:00002af0       $unwind$bn_sqr_fixed_top   00000000000eeb30     OpensslLib:bn_sqr.obj
 0005:00002b10       $unwind$bn_sqr_normal      00000000000eeb50     OpensslLib:bn_sqr.obj
 0005:00002b28       $unwind$BN_div_recp        00000000000eeb68     OpensslLib:bn_recp.obj
 0005:00002b40       $unwind$BN_nist_mod_224    00000000000eeb80     OpensslLib:bn_nist.obj
 0005:00002b5c       $unwind$BN_nist_mod_384    00000000000eeb9c     OpensslLib:bn_nist.obj
 0005:00002b74       $unwind$BN_nist_mod_521    00000000000eebb4     OpensslLib:bn_nist.obj
 0005:00002b90       $unwind$PKCS12_key_gen_utf8 00000000000eebd0     OpensslLib:p12_key.obj
 0005:00002ba4       $unwind$PKCS12_key_gen_uni 00000000000eebe4     OpensslLib:p12_key.obj
 0005:00002bbc       $unwind$SM4_set_key        00000000000eebfc     OpensslLib:sm4.obj
 0005:00002bcc       $unwind$alg_module_init    00000000000eec0c     OpensslLib:evp_cnf.obj
 0005:00002be0       $unwind$do_tcreate         00000000000eec20     OpensslLib:asn_mstbl.obj
 0005:00002bf8       $unwind$oid_module_init    00000000000eec38     OpensslLib:asn_moid.obj
 0005:00002bf8       $unwind$ec_GFp_simple_is_on_curve 00000000000eec38     OpensslLib:ecp_smpl.obj
 0005:00002bf8       $unwind$ec_GFp_simple_point_get_affine_coordinates 00000000000eec38     OpensslLib:ecp_smpl.obj
 0005:00002c14       $unwind$Round              00000000000eec54     OpensslLib:keccak1600.obj
 0005:00002c2c       $unwind$KeccakF1600        00000000000eec6c     OpensslLib:keccak1600.obj
 0005:00002c3c       $unwind$sm3_block_data_order 00000000000eec7c     OpensslLib:sm3.obj
 0005:00002c54       $unwind$sc_montmul         00000000000eec94     OpensslLib:scalar.obj
 0005:00002c6c       $unwind$curve448_scalar_decode_long 00000000000eecac     OpensslLib:scalar.obj
 0005:00002c88       $unwind$gf_eq              00000000000eecc8     OpensslLib:f_generic.obj
 0005:00002c90       $unwind$gf_isr             00000000000eecd0     OpensslLib:f_generic.obj
 0005:00002ca4       $unwind$gf_mul             00000000000eece4     OpensslLib:f_impl.obj
 0005:00002cbc       $unwind$ERR_print_errors_cb 00000000000eecfc     OpensslLib:err_prn.obj
 0005:00002ccc       $unwind$i2a_ASN1_STRING    00000000000eed0c     OpensslLib:f_string.obj
 0005:00002ce0       $unwind$ec_GFp_simple_add  00000000000eed20     OpensslLib:ecp_smpl.obj
 0005:00002cf8       $unwind$ec_GFp_simple_cmp  00000000000eed38     OpensslLib:ecp_smpl.obj
 0005:00002d14       $unwind$inet_pton4         00000000000eed54     BaseCryptLib:inet_pton.obj
 0005:00002d2c       $unwind$inet_pton6         00000000000eed6c     BaseCryptLib:inet_pton.obj
 0005:00002d44       $unwind$QuickSortWorker    00000000000eed84     BaseCryptLib:CrtWrapper.obj
