 CpuHotplugSmm

 Timestamp is 62c3c24e (Tue Jul  5 12:47:10 2022)

 Preferred load address is 0000000000000000

 Start         Length     Name                   Class
 0001:00000000 000003d8H .text                   CODE
 0001:000003d8 0000322dH .text$mn                CODE
 0002:00000000 000019f0H .rdata                  DATA
 0002:000019f0 000000a4H .rdata$voltmd           DATA
 0002:00001a94 00000140H .rdata$zzzdbg           DATA
 0003:00000000 00000140H .data                   DATA
 0003:00000140 000001b8H .bss                    DATA
 0004:00000000 0000021cH .pdata                  DATA
 0005:00000000 00000180H .xdata                  DATA

  Address         Publics by Value              Rva+Base               Lib:Object

 0000:00000000       __x64_code_ranges_to_entry_points_count 0000000000000000     <absolute>
 0000:00000000       __x64_code_ranges_to_entry_points 0000000000000000     <absolute>
 0000:00000000       __guard_fids_count         0000000000000000     <absolute>
 0000:00000000       __arm64x_redirection_metadata 0000000000000000     <absolute>
 0000:00000000       __guard_iat_table          0000000000000000     <absolute>
 0000:00000000       __arm64x_extra_rfe_table   0000000000000000     <absolute>
 0000:00000000       __guard_iat_count          0000000000000000     <absolute>
 0000:00000000       __guard_longjmp_count      0000000000000000     <absolute>
 0000:00000000       __guard_longjmp_table      0000000000000000     <absolute>
 0000:00000000       __hybrid_code_map          0000000000000000     <absolute>
 0000:00000000       __dynamic_value_reloc_table 0000000000000000     <absolute>
 0000:00000000       __hybrid_code_map_count    0000000000000000     <absolute>
 0000:00000000       __arm64x_extra_rfe_table_size 0000000000000000     <absolute>
 0000:00000000       __hybrid_auxiliary_iat     0000000000000000     <absolute>
 0000:00000000       __hybrid_auxiliary_iat_copy 0000000000000000     <absolute>
 0000:00000000       __AbsoluteZero             0000000000000000     <absolute>
 0000:00000000       __guard_check_icall_a64n_fptr 0000000000000000     <absolute>
 0000:00000000       __guard_fids_table         0000000000000000     <absolute>
 0000:00000000       __guard_flags              0000000000000000     <absolute>
 0000:00000000       __guard_eh_cont_count      0000000000000000     <absolute>
 0000:00000000       __arm64x_redirection_metadata_count 0000000000000000     <absolute>
 0000:00000000       __arm64x_native_entrypoint 0000000000000000     <absolute>
 0000:00000000       __enclave_config           0000000000000000     <absolute>
 0000:00000000       __guard_eh_cont_table      0000000000000000     <absolute>
 0001:00000000       InternalMemCopyMem         0000000000000280     BaseMemoryLibRepStr:CopyMem.obj
 0001:00000040       SetJump                    00000000000002c0     BaseLib:SetJump.obj
 0001:00000110       DisableInterrupts          0000000000000390     BaseLib:DisableInterrupts.obj
 0001:00000120       CpuPause                   00000000000003a0     BaseLib:CpuPause.obj
 0001:00000130       InternalLongJump           00000000000003b0     BaseLib:LongJump.obj
 0001:000001e0       CpuSleep                   0000000000000460     BaseCpuLib:CpuSleep.obj
 0001:000001f0       InternalMemSetMem          0000000000000470     BaseMemoryLibRepStr:SetMem.obj
 0001:00000210       InternalMemZeroMem         0000000000000490     BaseMemoryLibRepStr:ZeroMem.obj
 0001:00000230       InternalMemSetMem64        00000000000004b0     BaseMemoryLibRepStr:SetMem64.obj
 0001:00000250       InternalMemSetMem32        00000000000004d0     BaseMemoryLibRepStr:SetMem32.obj
 0001:00000270       AsmCpuidEx                 00000000000004f0     BaseLib:CpuIdEx.obj
 0001:000002a0       TdVmCall                   0000000000000520     BaseLib:TdVmcall.obj
 0001:00000330       AsmCpuid                   00000000000005b0     BaseLib:CpuId.obj
 0001:00000360       EnableInterrupts           00000000000005e0     BaseLib:EnableInterrupts.obj
 0001:00000370       AsmReadEflags              00000000000005f0     BaseLib:ReadEflags.obj
 0001:00000380       TdCall                     0000000000000600     BaseLib:TdCall.obj
 0001:000003d8       _ModuleEntryPoint          0000000000000658 f   UefiDriverEntryPoint:DriverEntryPoint.obj
 0001:00000404       ProcessLibraryConstructorList 0000000000000684 f   CpuHotplugSmm:AutoGen.obj
 0001:0000090c       ProcessModuleEntryPointList 0000000000000b8c f   CpuHotplugSmm:AutoGen.obj
 0001:00000ccc       EjectCpu                   0000000000000f4c f   CpuHotplugSmm:CpuHotplug.obj
 0001:000010c8       CpuHotplugEntry            0000000000001348 f   CpuHotplugSmm:CpuHotplug.obj
 0001:00001500       SmbaseAllocatePostSmmPen   0000000000001780 f   CpuHotplugSmm:Smbase.obj
 0001:000015b8       QemuCpuhpReadCommandData   0000000000001838 f   CpuHotplugSmm:QemuCpuhp.obj
 0001:0000163c       QemuCpuhpWriteCpuSelector  00000000000018bc f   CpuHotplugSmm:QemuCpuhp.obj
 0001:000016b8       QemuCpuhpWriteCommand      0000000000001938 f   CpuHotplugSmm:QemuCpuhp.obj
 0001:00001734       QemuCpuhpCollectApicIds    00000000000019b4 f   CpuHotplugSmm:QemuCpuhp.obj
 0001:00001a64       GetPcdProtocol             0000000000001ce4 f   DxePcdLib:DxePcdLib.obj
 0001:00001af0       CopyMem                    0000000000001d70 f   BaseMemoryLibRepStr:CopyMemWrapper.obj
 0001:00001b8c       InternalAssertJumpBuffer   0000000000001e0c f   BaseLib:SetJump.obj
 0001:00001bc4       DebugPrint                 0000000000001e44 f   BaseDebugLibSerialPort:DebugLib.obj
 0001:00001be8       DebugPrintMarker           0000000000001e68 f   BaseDebugLibSerialPort:DebugLib.obj
 0001:00001c98       DebugAssert                0000000000001f18 f   BaseDebugLibSerialPort:DebugLib.obj
 0001:00001d10       BufferInSmram              0000000000001f90 f   SmmMemoryAllocationLib:MemoryAllocationLib.obj
 0001:00001d54       InternalAllocatePool       0000000000001fd4 f   SmmMemoryAllocationLib:MemoryAllocationLib.obj
 0001:00001d84       FreePool                   0000000000002004 f   SmmMemoryAllocationLib:MemoryAllocationLib.obj
 0001:00001dec       GetHobList                 000000000000206c f   DxeHobLib:HobLib.obj
 0001:00001ecc       AccessMsrTdxCall           000000000000214c f   BaseXApicX2ApicLib:BaseXApicX2ApicLib.obj
 0001:00001f84       LocalApicReadMsrReg64      0000000000002204 f   BaseXApicX2ApicLib:BaseXApicX2ApicLib.obj
 0001:00001ff0       LocalApicBaseAddressMsrSupported 0000000000002270 f   BaseXApicX2ApicLib:BaseXApicX2ApicLib.obj
 0001:0000202c       GetLocalApicBaseAddress    00000000000022ac f   BaseXApicX2ApicLib:BaseXApicX2ApicLib.obj
 0001:00002064       SendIpi                    00000000000022e4 f   BaseXApicX2ApicLib:BaseXApicX2ApicLib.obj
 0001:0000215c       GetApicMode                00000000000023dc f   BaseXApicX2ApicLib:BaseXApicX2ApicLib.obj
 0001:000021a8       CompareGuid                0000000000002428 f   BaseMemoryLibRepStr:MemLibGuid.obj
 0001:0000226c       AsciiStrLen                00000000000024ec f   BaseLib:String.obj
 0001:000022d8       SaveAndDisableInterrupts   0000000000002558 f   BaseLib:Cpu.obj
 0001:000022fc       StrnLenS                   000000000000257c f   BaseLib:SafeString.obj
 0001:00002354       IoRead32                   00000000000025d4 f   BaseIoLibIntrinsicSev:IoLibMsc.obj
 0001:00002388       MmioRead32                 0000000000002608 f   BaseIoLibIntrinsicSev:IoLib.obj
 0001:000023b8       MmioWrite32                0000000000002638 f   BaseIoLibIntrinsicSev:IoLib.obj
 0001:000023f4       AsciiSPrint                0000000000002674 f   BasePrintLib:PrintLib.obj
 0001:00002420       BasePrintLibFillBuffer     00000000000026a0 f   BasePrintLib:PrintLibInternal.obj
 0001:00002454       BasePrintLibValueToString  00000000000026d4 f   BasePrintLib:PrintLibInternal.obj
 0001:000024a4       BasePrintLibSPrintMarker   0000000000002724 f   BasePrintLib:PrintLibInternal.obj
 0001:000033b0       BasePrintLibSPrint         0000000000003630 f   BasePrintLib:PrintLibInternal.obj
 0001:000033d4       PciExpressRead32           0000000000003654 f   BasePciExpressLib:PciExpressLib.obj
 0001:00003424       PciCf8Read32               00000000000036a4 f   BasePciCf8Lib:PciCf8Lib.obj
 0001:000034c4       StandardSignatureIsAuthenticAMD 0000000000003744 f   BaseUefiCpuLib:BaseUefiCpuLib.obj
 0001:00003510       InternalAcpiDelay          0000000000003790 f   DxeAcpiTimerLib:AcpiTimerLib.obj
 0001:00003574       MicroSecondDelay           00000000000037f4 f   DxeAcpiTimerLib:AcpiTimerLib.obj
 0001:000035a8       DivU64x32Remainder         0000000000003828 f   BaseLib:DivU64x32Remainder.obj
 0002:00000000       ??_C@_0CB@DMEJJJHA@?6ASSERT_EFI_ERROR?5?$CIStatus?5?$DN?5?$CFr?$CJ@ 00000000000038a0     UefiDriverEntryPoint:DriverEntryPoint.obj
 0002:00000028       ??_C@_0CH@BBNBJKHK@?$CB?$CI?$CI?$CIINTN?$CJ?$CIRETURN_STATUS?$CJ?$CIStatus@ 00000000000038c8     UefiDriverEntryPoint:DriverEntryPoint.obj
 0002:00000050       ??_C@_0O@CNPGIGAH@CpuHotplugSmm@ 00000000000038f0     CpuHotplugSmm:AutoGen.obj
 0002:00000060       ??_C@_0CE@IBFOBMLB@?6ASSERT_RETURN_ERROR?5?$CIStatus?5?$DN?5@ 0000000000003900     CpuHotplugSmm:AutoGen.obj
 0002:00000090       ??_C@_0GC@CHOAHEMJ@d?3?2myedk2?2edk2?2Build?2OvmfX64?2DE@ 0000000000003930     CpuHotplugSmm:AutoGen.obj
 0002:000000f8       ??_C@_0BC@FEDIJHFF@?$CI?$CIBOOLEAN?$CJ?$CI0?$DN?$DN1?$CJ?$CJ@ 0000000000003998     CpuHotplugSmm:AutoGen.obj
 0002:0000010c       _gPcd_FixedAtBuild_PcdControlFlowEnforcementPropertyMask 00000000000039ac     CpuHotplugSmm:AutoGen.obj
 0002:00000110       ??_C@_0BE@GFNIHANC@ProcessHotAddedCpus@ 00000000000039b0     CpuHotplugSmm:CpuHotplug.obj
 0002:00000128       ??_C@_0DI@HEIKHAFD@?$CFa?3?5APIC?5ID?50x?$CF08x?5was?5hot?9plug@ 00000000000039c8     CpuHotplugSmm:CpuHotplug.obj
 0002:00000160       ??_C@_0CA@DIINEIDF@?$CFa?3?5no?5room?5for?5APIC?5ID?50x?$CF08x?6@ 0000000000003a00     CpuHotplugSmm:CpuHotplug.obj
 0002:00000180       ??_C@_0BO@HBNDCLCP@?$CFa?3?5AddProcessor?$CI0x?$CF08x?$CJ?3?5?$CFr?6@ 0000000000003a20     CpuHotplugSmm:CpuHotplug.obj
 0002:000001a0       ??_C@_0FO@GKMBFDIF@?$CFa?3?5hot?9added?5APIC?5ID?50x?$CF08x?0?5S@ 0000000000003a40     CpuHotplugSmm:CpuHotplug.obj
 0002:00000200       ??_C@_08BIHMFLOD@EjectCpu@ 0000000000003aa0     CpuHotplugSmm:CpuHotplug.obj
 0002:00000210       ??_C@_0DB@NAKGDCEA@?$CFa?3?5Unplugged?5ProcessorNum?5?$CFu?0?5@ 0000000000003ab0     CpuHotplugSmm:CpuHotplug.obj
 0002:00000248       ??_C@_0L@KMLNLPHC@UnplugCpus@ 0000000000003ae8     CpuHotplugSmm:CpuHotplug.obj
 0002:00000258       ??_C@_0CL@CPGFKAEK@?$CFa?3?5did?5not?5find?5APIC?5ID?50x?$CF08x@ 0000000000003af8     CpuHotplugSmm:CpuHotplug.obj
 0002:00000288       ??_C@_0CB@DHKEKJJI@?$CFa?3?5RemoveProcessor?$CI0x?$CF08x?$CJ?3?5?$CFr@ 0000000000003b28     CpuHotplugSmm:CpuHotplug.obj
 0002:000002b0       ??_C@_0EG@DBNIIPKG@?$CFa?3?5ProcessorNum?5?$CFLu?5maps?5to?5Qe@ 0000000000003b50     CpuHotplugSmm:CpuHotplug.obj
 0002:00000300       ??_C@_0EN@JJHCLCLA@?$CFa?3?5Started?5hot?9unplug?5on?5Proce@ 0000000000003ba0     CpuHotplugSmm:CpuHotplug.obj
 0002:00000350       ??_C@_0CC@GOJDHFEA@DispatchHandle?5?$DN?$DN?5mDispatchHand@ 0000000000003bf0     CpuHotplugSmm:CpuHotplug.obj
 0002:00000378       ??_C@_0DC@NFBFDFJA@d?3?2myedk2?2edk2?2OvmfPkg?2CpuHotpl@ 0000000000003c18     CpuHotplugSmm:CpuHotplug.obj
 0002:000003b0       ??_C@_0BI@HMIHLGLD@Context?5?$DN?$DN?5?$CI?$CIvoid?5?$CK?$CJ?50?$CJ@ 0000000000003c50     CpuHotplugSmm:CpuHotplug.obj
 0002:000003c8       ??_C@_0O@PJFMGDKP@CpuHotplugMmi@ 0000000000003c68     CpuHotplugSmm:CpuHotplug.obj
 0002:000003d8       ??_C@_0CF@NKMOEGMO@?$CFa?3?5failed?5to?5read?5ICH9_APM_CNT@ 0000000000003c78     CpuHotplugSmm:CpuHotplug.obj
 0002:00000400       ??_C@_0BA@FNCMGAOG@CpuHotplugEntry@ 0000000000003ca0     CpuHotplugSmm:CpuHotplug.obj
 0002:00000410       ??_C@_0BI@DHHAOMEM@?$CFa?3?5locate?5MmCpuIo?3?5?$CFr?6@ 0000000000003cb0     CpuHotplugSmm:CpuHotplug.obj
 0002:00000428       ??_C@_0BN@NCKNFIEJ@?$CFa?3?5locate?5MmCpuService?3?5?$CFr?6@ 0000000000003cc8     CpuHotplugSmm:CpuHotplug.obj
 0002:00000448       ??_C@_0BL@MBOECBNA@?$CFa?3?5CPU_HOT_PLUG_DATA?3?5?$CFr?6@ 0000000000003ce8     CpuHotplugSmm:CpuHotplug.obj
 0002:00000468       ??_C@_0BM@CEOIIPOE@?$CFa?3?5CPU_HOT_EJECT_DATA?3?5?$CFr?6@ 0000000000003d08     CpuHotplugSmm:CpuHotplug.obj
 0002:00000488       ??_C@_0BP@GHMKLAD@?$CFa?3?5invalid?5CPU_HOT_PLUG_DATA?6@ 0000000000003d28     CpuHotplugSmm:CpuHotplug.obj
 0002:000004a8       ??_C@_0BK@BCAFMLIO@?$CFa?3?5MmAllocatePool?$CI?$CJ?3?5?$CFr?6@ 0000000000003d48     CpuHotplugSmm:CpuHotplug.obj
 0002:000004c8       ??_C@_0CG@IJLLLICF@?$CFa?3?5modern?5CPU?5hotplug?5interfac@ 0000000000003d68     CpuHotplugSmm:CpuHotplug.obj
 0002:000004f0       ??_C@_0BO@BMCGJNJP@?$CFa?3?5MmiHandlerRegister?$CI?$CJ?3?5?$CFr?6@ 0000000000003d90     CpuHotplugSmm:CpuHotplug.obj
 0002:00000510       ??_C@_0BJ@HCIBEJKK@SmbaseAllocatePostSmmPen@ 0000000000003db0     CpuHotplugSmm:Smbase.obj
 0002:00000530       ??_C@_0BM@JDOCINDB@?$CFa?3?5mPostSmmPenSize?$DN?$CFu?3?5?$CFr?6@ 0000000000003dd0     CpuHotplugSmm:Smbase.obj
 0002:00000550       ??_C@_0BJ@OKECIGNG@?$CFa?3?5AllocatePages?$CI?$CJ?3?5?$CFr?6@ 0000000000003df0     CpuHotplugSmm:Smbase.obj
 0002:00000570       ??_C@_0BL@LJPIEMON@?$CFa?3?5Post?9SMM?5Pen?5at?50x?$CFLx?6@ 0000000000003e10     CpuHotplugSmm:Smbase.obj
 0002:00000590       ??_C@_0P@GGNIKHDB@SmbaseRelocate@ 0000000000003e30     CpuHotplugSmm:Smbase.obj
 0002:000005a0       ??_C@_0CE@BLDOBNGP@?$CFa?3?5ApicId?$DN0x?$CF08x?5Smbase?$DN0x?$CFLx?3@ 0000000000003e40     CpuHotplugSmm:Smbase.obj
 0002:000005c8       ??_C@_0CI@GEODDLLB@?$CFa?3?5ApicId?$DN0x?$CF08x?5ApicIdGate?$DN0x@ 0000000000003e68     CpuHotplugSmm:Smbase.obj
 0002:000005f0       ??_C@_0BK@LAGPMAFI@QemuCpuhpReadCommandData2@ 0000000000003e90     CpuHotplugSmm:QemuCpuhp.obj
 0002:00000610       ??_C@_07FINMALIC@?$CFa?3?5?$CFr?6@ 0000000000003eb0     CpuHotplugSmm:QemuCpuhp.obj
 0002:00000618       ??_C@_0DB@IHNDKKPP@d?3?2myedk2?2edk2?2OvmfPkg?2CpuHotpl@ 0000000000003eb8     CpuHotplugSmm:QemuCpuhp.obj
 0002:00000650       ??_C@_0BH@LMCKIHLP@QemuCpuhpReadCpuStatus@ 0000000000003ef0     CpuHotplugSmm:QemuCpuhp.obj
 0002:00000668       ??_C@_0BJ@HHIPCLPK@QemuCpuhpReadCommandData@ 0000000000003f08     CpuHotplugSmm:QemuCpuhp.obj
 0002:00000688       ??_C@_0BK@ILAKANMM@QemuCpuhpWriteCpuSelector@ 0000000000003f28     CpuHotplugSmm:QemuCpuhp.obj
 0002:000006a8       ??_C@_0BI@OMMAHNDH@QemuCpuhpWriteCpuStatus@ 0000000000003f48     CpuHotplugSmm:QemuCpuhp.obj
 0002:000006c0       ??_C@_0BG@FFCFKIFF@QemuCpuhpWriteCommand@ 0000000000003f60     CpuHotplugSmm:QemuCpuhp.obj
 0002:000006d8       ??_C@_0BI@NDODGEHJ@QemuCpuhpCollectApicIds@ 0000000000003f78     CpuHotplugSmm:QemuCpuhp.obj
 0002:000006f0       ??_C@_0DI@MEBKGHDB@?$CFa?3?5CurrentSelector?$DN?$CFu?5PendingS@ 0000000000003f90     CpuHotplugSmm:QemuCpuhp.obj
 0002:00000730       ??_C@_0EA@MMBIMDJP@?$CFa?3?5CurrentSelector?$DN?$CFu?5CpuStatu@ 0000000000003fd0     CpuHotplugSmm:QemuCpuhp.obj
 0002:00000770       ??_C@_0CA@ELEGDKJB@?$CFa?3?5CurrentSelector?$DN?$CFu?3?5insert?6@ 0000000000004010     CpuHotplugSmm:QemuCpuhp.obj
 0002:00000790       ??_C@_0CD@DBOKOIBO@?$CFa?3?5CurrentSelector?$DN?$CFu?3?5fw_remo@ 0000000000004030     CpuHotplugSmm:QemuCpuhp.obj
 0002:000007b8       ??_C@_0CK@IGNIIMGG@?$CFa?3?5CurrentSelector?$DN?$CFu?3?5remove?5@ 0000000000004058     CpuHotplugSmm:QemuCpuhp.obj
 0002:000007e8       ??_C@_0CC@FLBKGGMG@?$CFa?3?5CurrentSelector?$DN?$CFu?3?5no?5even@ 0000000000004088     CpuHotplugSmm:QemuCpuhp.obj
 0002:00000810       ??_C@_0DN@LDGAINGP@?$CIExtendIds?5?$DN?$DN?5?$CI?$CIvoid?5?$CK?$CJ?50?$CJ?$CJ?5?$DN?$DN?5@ 00000000000040b0     CpuHotplugSmm:QemuCpuhp.obj
 0002:00000850       ??_C@_0DM@MMMFMPGN@?$CIExtendSels?5?$DN?$DN?5?$CI?$CIvoid?5?$CK?$CJ?50?$CJ?$CJ?5?$HM?$HM@ 00000000000040f0     CpuHotplugSmm:QemuCpuhp.obj
 0002:00000890       ??_C@_0BN@JCAEECPC@?$CFa?3?5APIC?5ID?5array?5too?5small?6@ 0000000000004130     CpuHotplugSmm:QemuCpuhp.obj
 0002:000008b0       ??_C@_0BD@PFKLIFEJ@?$CFa?3?5ApicId?$DN0x?$CF08x?6@ 0000000000004150     CpuHotplugSmm:QemuCpuhp.obj
 0002:000008c8       ??_C@_0CG@OEECPGIN@?$CFa?3?5PluggedCount?$DN?$CFu?5ToUnplugCou@ 0000000000004168     CpuHotplugSmm:QemuCpuhp.obj
 0002:000008f0       ??_C@_0DE@IBFOALAL@d?3?2myedk2?2edk2?2MdePkg?2Library?2D@ 0000000000004190     DxePcdLib:DxePcdLib.obj
 0002:00000928       ??_C@_0BF@OOKDELHM@mPcd?5?$CB?$DN?5?$CI?$CIvoid?5?$CK?$CJ?50?$CJ@ 00000000000041c8     DxePcdLib:DxePcdLib.obj
 0002:00000940       ??_C@_0BH@IACGKAP@Buffer?5?$CB?$DN?5?$CI?$CIvoid?5?$CK?$CJ?50?$CJ@ 00000000000041e0     DxePcdLib:DxePcdLib.obj
 0002:00000960       ??_C@_0ED@MKGCMJG@?$CILength?5?9?51?$CJ?5?$DM?$DN?5?$CI0xFFFFFFFFFFFF@ 0000000000004200     BaseMemoryLibRepStr:CopyMemWrapper.obj
 0002:000009b0       ??_C@_0ED@JAIIHABO@d?3?2myedk2?2edk2?2MdePkg?2Library?2B@ 0000000000004250     BaseMemoryLibRepStr:CopyMemWrapper.obj
 0002:000009f8       ??_C@_0DO@MAOBOFEG@?$CILength?5?9?51?$CJ?5?$DM?$DN?5?$CI0xFFFFFFFFFFFF@ 0000000000004298     BaseMemoryLibRepStr:CopyMemWrapper.obj
 0002:00000a38       ??_C@_0BL@CPGKAMND@JumpBuffer?5?$CB?$DN?5?$CI?$CIvoid?5?$CK?$CJ?50?$CJ@ 00000000000042d8     BaseLib:SetJump.obj
 0002:00000a58       ??_C@_0DA@EDINMIIB@d?3?2myedk2?2edk2?2MdePkg?2Library?2B@ 00000000000042f8     BaseLib:SetJump.obj
 0002:00000a88       ??_C@_0CD@OEHNCIHG@?$CI?$CIUINTN?$CJJumpBuffer?5?$CG?5?$CI8?5?9?51?$CJ?$CJ?5?$DN@ 0000000000004328     BaseLib:SetJump.obj
 0002:00000ab0       ??_C@_0BH@LKMBFCBF@Format?5?$CB?$DN?5?$CI?$CIvoid?5?$CK?$CJ?50?$CJ@ 0000000000004350     BaseDebugLibSerialPort:DebugLib.obj
 0002:00000ad0       ??_C@_0EA@MCEJFCHO@d?3?2myedk2?2edk2?2MdePkg?2Library?2B@ 0000000000004370     BaseDebugLibSerialPort:DebugLib.obj
 0002:00000b10       ??_C@_0BI@NOCKJDBJ@ASSERT?5?$FL?$CFa?$FN?5?$CFa?$CI?$CFd?$CJ?3?5?$CFa?6@ 00000000000043b0     BaseDebugLibSerialPort:DebugLib.obj
 0002:00000b28       ??_C@_0BN@COECPDCC@gImageHandle?5?$CB?$DN?5?$CI?$CIvoid?5?$CK?$CJ?50?$CJ@ 00000000000043c8     UefiBootServicesTableLib:UefiBootServicesTableLib.obj
 0002:00000b50       ??_C@_0FC@HJEJKBBP@d?3?2myedk2?2edk2?2MdePkg?2Library?2U@ 00000000000043f0     UefiBootServicesTableLib:UefiBootServicesTableLib.obj
 0002:00000ba8       ??_C@_0BE@DGNHAHIL@gST?5?$CB?$DN?5?$CI?$CIvoid?5?$CK?$CJ?50?$CJ@ 0000000000004448     UefiBootServicesTableLib:UefiBootServicesTableLib.obj
 0002:00000bc0       ??_C@_0BE@BDFJLGLN@gBS?5?$CB?$DN?5?$CI?$CIvoid?5?$CK?$CJ?50?$CJ@ 0000000000004460     UefiBootServicesTableLib:UefiBootServicesTableLib.obj
 0002:00000be0       ??_C@_0EI@MNICKMIC@d?3?2myedk2?2edk2?2MdePkg?2Library?2S@ 0000000000004480     SmmServicesTableLib:SmmServicesTableLib.obj
 0002:00000c28       ??_C@_0CB@GMLECJKN@InternalSmmBase2?5?$CB?$DN?5?$CI?$CIvoid?5?$CK?$CJ?50@ 00000000000044c8     SmmServicesTableLib:SmmServicesTableLib.obj
 0002:00000c50       ??_C@_0BG@FOOPBBEG@gSmst?5?$CB?$DN?5?$CI?$CIvoid?5?$CK?$CJ?50?$CJ@ 00000000000044f0     SmmServicesTableLib:SmmServicesTableLib.obj
 0002:00000c70       ??_C@_0EL@KHOJDGKN@d?3?2myedk2?2edk2?2MdePkg?2Library?2S@ 0000000000004510     SmmMemoryAllocationLib:MemoryAllocationLib.obj
 0002:00000cc0       ??_C@_0DJ@CIDFFKAG@Status?5?$DN?$DN?5?$CI?$CIRETURN_STATUS?$CJ?$CI0x80@ 0000000000004560     SmmMemoryAllocationLib:MemoryAllocationLib.obj
 0002:00000d00       ??_C@_0BN@PLBIHFL@mSmramRanges?5?$CB?$DN?5?$CI?$CIvoid?5?$CK?$CJ?50?$CJ@ 00000000000045a0     SmmMemoryAllocationLib:MemoryAllocationLib.obj
 0002:00000d20       ??_C@_0BE@OBDFIHND@gRT?5?$CB?$DN?5?$CI?$CIvoid?5?$CK?$CJ?50?$CJ@ 00000000000045c0     UefiRuntimeServicesTableLib:UefiRuntimeServicesTableLib.obj
 0002:00000d40       ??_C@_0FI@ELFALICJ@d?3?2myedk2?2edk2?2MdePkg?2Library?2U@ 00000000000045e0     UefiRuntimeServicesTableLib:UefiRuntimeServicesTableLib.obj
 0002:00000da0       ??_C@_0FG@PKIHNGDJ@d?3?2myedk2?2edk2?2MdePkg?2Library?2U@ 0000000000004640     UefiDevicePathLibDevicePathProtocol:UefiDevicePathLib.obj
 0002:00000df8       ??_C@_0DC@CNNBPJA@mDevicePathLibDevicePathUtiliti@ 0000000000004698     UefiDevicePathLibDevicePathProtocol:UefiDevicePathLib.obj
 0002:00000e30       ??_C@_0DB@IMLKCNBK@d?3?2myedk2?2edk2?2MdePkg?2Library?2D@ 00000000000046d0     DxeHobLib:HobLib.obj
 0002:00000e68       ??_C@_0BJ@OBFMLLDO@mHobList?5?$CB?$DN?5?$CI?$CIvoid?5?$CK?$CJ?50?$CJ@ 0000000000004708     DxeHobLib:HobLib.obj
 0002:00000e88       ??_C@_0BJ@NOLLDKJB@HobStart?5?$CB?$DN?5?$CI?$CIvoid?5?$CK?$CJ?50?$CJ@ 0000000000004728     DxeHobLib:HobLib.obj
 0002:00000ea8       ??_C@_0BP@LHBKJBMC@PlatformInfoHob?5is?5not?5found?4?6@ 0000000000004748     DxeAcpiTimerLib:DxeAcpiTimerLib.obj
 0002:00000ec8       ??_C@_0DO@DECBCOF@d?3?2myedk2?2edk2?2OvmfPkg?2Library?2@ 0000000000004768     DxeAcpiTimerLib:DxeAcpiTimerLib.obj
 0002:00000f08       ??_C@_0BI@HAGPDMHJ@AcpiTimerLibConstructor@ 00000000000047a8     DxeAcpiTimerLib:DxeAcpiTimerLib.obj
 0002:00000f20       ??_C@_0CL@DGCOIACG@?$CFa?3?5Unknown?5Host?5Bridge?5Device?5@ 00000000000047c0     DxeAcpiTimerLib:DxeAcpiTimerLib.obj
 0002:00000f50       ??_C@_0EK@BLOCLGHE@d?3?2myedk2?2edk2?2UefiCpuPkg?2Libra@ 00000000000047f0     BaseXApicX2ApicLib:BaseXApicX2ApicLib.obj
 0002:00000fa0       ??_C@_0P@PMDMEMJF@ApicId?5?$DM?$DN?50xff@ 0000000000004840     BaseXApicX2ApicLib:BaseXApicX2ApicLib.obj
 0002:00000fb0       ??_C@_0BJ@MBLFAKBO@ApicBaseMsr?4Bits?4EN?5?$CB?$DN?50@ 0000000000004850     BaseXApicX2ApicLib:BaseXApicX2ApicLib.obj
 0002:00000fd0       ??_C@_0BK@EPCKDHEP@StartupRoutine?5?$DM?50x100000@ 0000000000004870     BaseXApicX2ApicLib:BaseXApicX2ApicLib.obj
 0002:00000ff0       ??_C@_0BO@HDICMIOF@?$CIStartupRoutine?5?$CG?50xfff?$CJ?5?$DN?$DN?50@ 0000000000004890     BaseXApicX2ApicLib:BaseXApicX2ApicLib.obj
 0002:00001010       ??_C@_0EG@GAAKACEH@d?3?2myedk2?2edk2?2MdePkg?2Library?2M@ 00000000000048b0     MmServicesTableLib:MmServicesTableLib.obj
 0002:00001058       ??_C@_0BP@DCJGHMHD@InternalMmBase?5?$CB?$DN?5?$CI?$CIvoid?5?$CK?$CJ?50?$CJ@ 00000000000048f8     MmServicesTableLib:MmServicesTableLib.obj
 0002:00001078       ??_C@_0BG@MGMEAPBK@gMmst?5?$CB?$DN?5?$CI?$CIvoid?5?$CK?$CJ?50?$CJ@ 0000000000004918     MmServicesTableLib:MmServicesTableLib.obj
 0002:00001090       ??_C@_0BH@MAAHKCPC@String?5?$CB?$DN?5?$CI?$CIvoid?5?$CK?$CJ?50?$CJ@ 0000000000004930     BaseLib:String.obj
 0002:000010a8       ??_C@_0CP@DJBLNMJI@d?3?2myedk2?2edk2?2MdePkg?2Library?2B@ 0000000000004948     BaseLib:String.obj
 0002:000010d8       ??_C@_0CC@GFNLNIOC@?$CI?$CIUINTN?$CJString?5?$CG?50x00000001?$CJ?5?$DN?$DN@ 0000000000004978     BaseLib:String.obj
 0002:00001100       ??_C@_0DI@MDIKFADO@Length?5?$DM?5_gPcd_FixedAtBuild_Pcd@ 00000000000049a0     BaseLib:String.obj
 0002:00001138       ??_C@_0DC@DDBICJIK@d?3?2myedk2?2edk2?2MdePkg?2Library?2B@ 00000000000049d8     BaseLib:Unaligned.obj
 0002:00001170       ??_C@_0N@KGHEHMDL@Divisor?5?$CB?$DN?50@ 0000000000004a10     BaseLib:DivU64x32.obj
 0002:00001180       ??_C@_0DD@OKIGPFG@d?3?2myedk2?2edk2?2MdePkg?2Library?2B@ 0000000000004a20     BaseLib:SafeString.obj
 0002:000011b8       ??_C@_0BJ@CNKJJNE@?$CIBuffer?5?$CB?$DN?5?$CI?$CIvoid?5?$CK?$CJ?50?$CJ?$CJ@ 0000000000004a58     BaseLib:SafeString.obj
 0002:000011d8       ??_C@_0DM@HGIGHENF@d?3?2myedk2?2edk2?2MdePkg?2Library?2B@ 0000000000004a78     BaseIoLibIntrinsicSev:IoLibMsc.obj
 0002:00001218       ??_C@_0BA@HCECIDGN@?$CIPort?5?$CG?53?$CJ?5?$DN?$DN?50@ 0000000000004ab8     BaseIoLibIntrinsicSev:IoLibMsc.obj
 0002:00001228       ??_C@_0DJ@PLEMCDAL@d?3?2myedk2?2edk2?2MdePkg?2Library?2B@ 0000000000004ac8     BaseIoLibIntrinsicSev:IoLib.obj
 0002:00001268       ??_C@_0BD@OMMAJMCK@?$CIAddress?5?$CG?53?$CJ?5?$DN?$DN?50@ 0000000000004b08     BaseIoLibIntrinsicSev:IoLib.obj
 0002:00001280       ??_C@_0DO@DLJLNPNA@d?3?2myedk2?2edk2?2MdePkg?2Library?2B@ 0000000000004b20     BasePrintLib:PrintLibInternal.obj
 0002:000012c0       ??_C@_0EB@HDGIDCIO@?$CIBufferSize?5?$DM?$DN?5?$CI_gPcd_FixedAtBu@ 0000000000004b60     BasePrintLib:PrintLibInternal.obj
 0002:00001308       ??_C@_0BJ@PPAKKDJG@?$CIFormat?5?$CB?$DN?5?$CI?$CIvoid?5?$CK?$CJ?50?$CJ?$CJ@ 0000000000004ba8     BasePrintLib:PrintLibInternal.obj
 0002:00001330       ??_C@_0ED@LPDDCECB@?$CIBufferSize?5?$DM?$DN?5?$CI_gPcd_FixedAtBu@ 0000000000004bd0     BasePrintLib:PrintLibInternal.obj
 0002:00001380       ??_C@_0IM@BFJJFLGB@?$CIStrnLenS?5?$CI?$CICHAR16?5?$CK?$CJFormat?0?5?$CI_@ 0000000000004c20     BasePrintLib:PrintLibInternal.obj
 0002:00001410       ??_C@_0ID@PLGJGION@?$CIAsciiStrnLenS?5?$CIFormat?0?5?$CI_gPcd_@ 0000000000004cb0     BasePrintLib:PrintLibInternal.obj
 0002:00001498       ??_C@_0O@MLOLIMFM@?$DMnull?5string?$DO@ 0000000000004d38     BasePrintLib:PrintLibInternal.obj
 0002:000014a8       ??_C@_0M@BJJDNPHK@?$DMnull?5guid?$DO@ 0000000000004d48     BasePrintLib:PrintLibInternal.obj
 0002:000014b8       ??_C@_0DB@PMLHLBMO@?$CF08x?9?$CF04x?9?$CF04x?9?$CF02x?$CF02x?9?$CF02x?$CF02@ 0000000000004d58     BasePrintLib:PrintLibInternal.obj
 0002:000014f0       ??_C@_0M@LHGBCIKM@?$DMnull?5time?$DO@ 0000000000004d90     BasePrintLib:PrintLibInternal.obj
 0002:00001500       ??_C@_0BK@FCPKCIDD@?$CF02d?1?$CF02d?1?$CF04d?5?5?$CF02d?3?$CF02d@ 0000000000004da0     BasePrintLib:PrintLibInternal.obj
 0002:0000151c       ??_C@_04JIMNDDED@?$CF08X@  0000000000004dbc     BasePrintLib:PrintLibInternal.obj
 0002:00001524       ??_C@_02PCIJFNDE@?$AN?6@   0000000000004dc4     BasePrintLib:PrintLibInternal.obj
 0002:00001528       ??_C@_01LIIJDEN@?$AN@      0000000000004dc8     BasePrintLib:PrintLibInternal.obj
 0002:00001530       mWarningString             0000000000004dd0     BasePrintLib:PrintLibInternal.obj
 0002:000015d0       mErrorString               0000000000004e70     BasePrintLib:PrintLibInternal.obj
 0002:00001890       mHexStr                    0000000000005130     BasePrintLib:PrintLibInternal.obj
 0002:000018a0       ??_C@_0BO@BAKALPJK@?$CI?$CIAddress?$CJ?5?$CG?5?$HO0xfffffff?$CJ?5?$DN?$DN?50@ 0000000000005140     BasePciExpressLib:PciExpressLib.obj
 0002:000018c0       ??_C@_0EA@GAFEKIHN@d?3?2myedk2?2edk2?2MdePkg?2Library?2B@ 0000000000005160     BasePciExpressLib:PciExpressLib.obj
 0002:00001900       ??_C@_0DI@EGELJHOH@d?3?2myedk2?2edk2?2MdePkg?2Library?2B@ 00000000000051a0     BasePciCf8Lib:PciCf8Lib.obj
 0002:00001938       ??_C@_0CG@EDKLCMBO@?$CI?$CIAddress?$CJ?5?$CG?5?$CI?$HO0xffff0ff?5?$HM?5?$CI3?$CJ?$CJ@ 00000000000051d8     BasePciCf8Lib:PciCf8Lib.obj
 0002:00001960       ??_C@_0DL@JEBMKBEC@d?3?2myedk2?2edk2?2MdePkg?2Library?2B@ 0000000000005200     BaseLib:DivU64x32Remainder.obj
 0002:000019f0       __volatile_metadata        0000000000005290     <linker-defined>
 0003:00000000       mPostSmmPen                0000000000005480     CpuHotplugSmm:PostSmmPen.obj
 0003:0000000e       mPostSmmPenSize            000000000000548e     CpuHotplugSmm:PostSmmPen.obj
 0003:00000010       mFirstSmiHandler           0000000000005490     CpuHotplugSmm:FirstSmiHandler.obj
 0003:000000a8       mFirstSmiHandlerSize       0000000000005528     CpuHotplugSmm:FirstSmiHandler.obj
 0003:000000b0       gPcdProtocolGuid           0000000000005530     CpuHotplugSmm:AutoGen.obj
 0003:000000c0       gEfiMmCpuIoProtocolGuid    0000000000005540     CpuHotplugSmm:AutoGen.obj
 0003:000000d0       gEfiMmBaseProtocolGuid     0000000000005550     CpuHotplugSmm:AutoGen.obj
 0003:000000e0       gEfiSmmCpuServiceProtocolGuid 0000000000005560     CpuHotplugSmm:AutoGen.obj
 0003:000000f0       gUefiOvmfPkgPlatformInfoGuid 0000000000005570     CpuHotplugSmm:AutoGen.obj
 0003:00000100       gEfiDevicePathUtilitiesProtocolGuid 0000000000005580     CpuHotplugSmm:AutoGen.obj
 0003:00000110       gEfiHobListGuid            0000000000005590     CpuHotplugSmm:AutoGen.obj
 0003:00000120       gEfiSmmBase2ProtocolGuid   00000000000055a0     CpuHotplugSmm:AutoGen.obj
 0003:00000130       gEfiSmmAccess2ProtocolGuid 00000000000055b0     CpuHotplugSmm:AutoGen.obj
 0003:00000140       mPcd                       00000000000055c0     DxePcdLib:DxePcdLib.obj
 0003:00000148       gST                        00000000000055c8     UefiBootServicesTableLib:UefiBootServicesTableLib.obj
 0003:00000150       gBS                        00000000000055d0     UefiBootServicesTableLib:UefiBootServicesTableLib.obj
 0003:00000158       gImageHandle               00000000000055d8     UefiBootServicesTableLib:UefiBootServicesTableLib.obj
 0003:00000160       gSmst                      00000000000055e0     SmmServicesTableLib:SmmServicesTableLib.obj
 0003:00000168       gRT                        00000000000055e8     UefiRuntimeServicesTableLib:UefiRuntimeServicesTableLib.obj
 0003:00000170       mDevicePathLibDevicePathUtilities 00000000000055f0     UefiDevicePathLibDevicePathProtocol:UefiDevicePathLib.obj
 0003:00000178       mHobList                   00000000000055f8     DxeHobLib:HobLib.obj
 0003:00000180       gMmst                      0000000000005600     MmServicesTableLib:MmServicesTableLib.obj
 0003:00000188       gParity                    0000000000005608     PcAtSerialPortLib:SerialPortLib.obj
 0003:00000189       gBreakSet                  0000000000005609     PcAtSerialPortLib:SerialPortLib.obj
 0003:000002e8       mSmramRangeCount           0000000000005768     <common>
 0003:000002f0       mSmramRanges               0000000000005770     <common>

 entry point at        0001:000003d8

 Static symbols

 0001:0000001a       InternalMemCopyMem.0       000000000000029a     BaseMemoryLibRepStr:CopyMem.obj
 0001:0000002a       @CopyBackward              00000000000002aa     BaseMemoryLibRepStr:CopyMem.obj
 0001:00000033       @CopyBytes                 00000000000002b3     BaseMemoryLibRepStr:CopyMem.obj
 0001:00000083       CetDone                    0000000000000303     BaseLib:SetJump.obj
 0001:00000160       CetDone                    00000000000003e0     BaseLib:LongJump.obj
 0001:00000285       AsmCpuidEx.0               0000000000000505     BaseLib:CpuIdEx.obj
 0001:0000028c       AsmCpuidEx.1               000000000000050c     BaseLib:CpuIdEx.obj
 0001:00000293       AsmCpuidEx.2               0000000000000513     BaseLib:CpuIdEx.obj
 0001:0000029c       AsmCpuidEx.3               000000000000051c     BaseLib:CpuIdEx.obj
 0001:000002fe       TdVmCall.no_return_data    000000000000057e     BaseLib:TdVmcall.obj
 0001:0000033f       AsmCpuid.0                 00000000000005bf     BaseLib:CpuId.obj
 0001:00000344       AsmCpuid.1                 00000000000005c4     BaseLib:CpuId.obj
 0001:0000034b       AsmCpuid.2                 00000000000005cb     BaseLib:CpuId.obj
 0001:00000354       AsmCpuid.3                 00000000000005d4     BaseLib:CpuId.obj
 0001:000003cb       TdCall.exit                000000000000064b     BaseLib:TdCall.obj
 0001:000009c8       ProcessHotAddedCpus        0000000000000c48 f   CpuHotplugSmm:CpuHotplug.obj
 0001:00000e14       UnplugCpus                 0000000000001094 f   CpuHotplugSmm:CpuHotplug.obj
 0001:00000f9c       CpuHotplugMmi              000000000000121c f   CpuHotplugSmm:CpuHotplug.obj
 0003:0000000a       HltLoop                    000000000000548a     CpuHotplugSmm:PostSmmPen.obj
 0003:0000003a       GetApicIdFromVersionInfo   00000000000054ba     CpuHotplugSmm:FirstSmiHandler.obj
 0003:00000049       KnockOnGate                00000000000054c9     CpuHotplugSmm:FirstSmiHandler.obj
 0003:0000006e       ApicIdMatch                00000000000054ee     CpuHotplugSmm:FirstSmiHandler.obj
 0003:00000086       LegacySaveStateMap         0000000000005506     CpuHotplugSmm:FirstSmiHandler.obj
 0003:0000008c       UpdateSmbase               000000000000550c     CpuHotplugSmm:FirstSmiHandler.obj
 0003:00000190       mJumpContext               0000000000005610     CpuHotplugSmm:AutoGen.obj
 0003:00000290       mDriverEntryPointStatus    0000000000005710     CpuHotplugSmm:AutoGen.obj
 0003:00000298       mPostSmmPenAddress         0000000000005718     CpuHotplugSmm:CpuHotplug.obj
 0003:0000029c       mRunningOnQ35              000000000000571c     DxePciLibI440FxQ35:PciLib.obj
 0003:000002a0       mPluggedApicIds            0000000000005720     CpuHotplugSmm:CpuHotplug.obj
 0003:000002a8       mMmCpuIo                   0000000000005728     CpuHotplugSmm:CpuHotplug.obj
 0003:000002b0       mToUnplugApicIds           0000000000005730     CpuHotplugSmm:CpuHotplug.obj
 0003:000002b8       mDispatchHandle            0000000000005738     CpuHotplugSmm:CpuHotplug.obj
 0003:000002c0       mCpuHotEjectData           0000000000005740     CpuHotplugSmm:CpuHotplug.obj
 0003:000002c8       mMmCpuService              0000000000005748     CpuHotplugSmm:CpuHotplug.obj
 0003:000002d0       mToUnplugSelectors         0000000000005750     CpuHotplugSmm:CpuHotplug.obj
 0003:000002d8       mCpuHotPlugData            0000000000005758     CpuHotplugSmm:CpuHotplug.obj
 0003:000002e0       mAcpiTimerIoAddr           0000000000005760     DxeAcpiTimerLib:DxeAcpiTimerLib.obj
 0005:00000000       $unwind$MmioRead32         00000000000059a0     BaseIoLibIntrinsicSev:IoLib.obj
 0005:00000000       $unwind$IoRead32           00000000000059a0     BaseIoLibIntrinsicSev:IoLibMsc.obj
 0005:00000000       $unwind$SaveAndDisableInterrupts 00000000000059a0     BaseLib:Cpu.obj
 0005:00000000       $unwind$StrnLenS           00000000000059a0     BaseLib:SafeString.obj
 0005:00000000       $unwind$PciExpressRead32   00000000000059a0     BasePciExpressLib:PciExpressLib.obj
 0005:00000000       $unwind$_ModuleEntryPoint  00000000000059a0     UefiDriverEntryPoint:DriverEntryPoint.obj
 0005:00000000       $unwind$MicroSecondDelay   00000000000059a0     DxeAcpiTimerLib:AcpiTimerLib.obj
 0005:00000000       $unwind$GetApicMode        00000000000059a0     BaseXApicX2ApicLib:BaseXApicX2ApicLib.obj
 0005:00000008       $unwind$ProcessLibraryConstructorList 00000000000059a8     CpuHotplugSmm:AutoGen.obj
 0005:0000001c       $unwind$MmioWrite32        00000000000059bc     BaseIoLibIntrinsicSev:IoLib.obj
 0005:0000001c       $unwind$AsciiStrLen        00000000000059bc     BaseLib:String.obj
 0005:0000001c       $unwind$ProcessModuleEntryPointList 00000000000059bc     CpuHotplugSmm:AutoGen.obj
 0005:00000028       $unwind$ProcessHotAddedCpus 00000000000059c8     CpuHotplugSmm:CpuHotplug.obj
 0005:00000040       $unwind$EjectCpu           00000000000059e0     CpuHotplugSmm:CpuHotplug.obj
 0005:00000050       $unwind$UnplugCpus         00000000000059f0     CpuHotplugSmm:CpuHotplug.obj
 0005:0000006c       $unwind$CpuHotplugMmi      0000000000005a0c     CpuHotplugSmm:CpuHotplug.obj
 0005:00000074       $unwind$CpuHotplugEntry    0000000000005a14     CpuHotplugSmm:CpuHotplug.obj
 0005:00000088       $unwind$SmbaseAllocatePostSmmPen 0000000000005a28     CpuHotplugSmm:Smbase.obj
 0005:00000090       $unwind$QemuCpuhpReadCommandData 0000000000005a30     CpuHotplugSmm:QemuCpuhp.obj
 0005:00000090       $unwind$LocalApicBaseAddressMsrSupported 0000000000005a30     BaseXApicX2ApicLib:BaseXApicX2ApicLib.obj
 0005:00000090       $unwind$LocalApicReadMsrReg64 0000000000005a30     BaseXApicX2ApicLib:BaseXApicX2ApicLib.obj
 0005:00000098       $unwind$QemuCpuhpWriteCommand 0000000000005a38     CpuHotplugSmm:QemuCpuhp.obj
 0005:00000098       $unwind$QemuCpuhpWriteCpuSelector 0000000000005a38     CpuHotplugSmm:QemuCpuhp.obj
 0005:000000a0       $unwind$QemuCpuhpCollectApicIds 0000000000005a40     CpuHotplugSmm:QemuCpuhp.obj
 0005:000000b8       $unwind$InternalAssertJumpBuffer 0000000000005a58     BaseLib:SetJump.obj
 0005:000000b8       $unwind$GetPcdProtocol     0000000000005a58     DxePcdLib:DxePcdLib.obj
 0005:000000b8       $unwind$FreePool           0000000000005a58     SmmMemoryAllocationLib:MemoryAllocationLib.obj
 0005:000000b8       $unwind$InternalAllocatePool 0000000000005a58     SmmMemoryAllocationLib:MemoryAllocationLib.obj
 0005:000000b8       $unwind$GetLocalApicBaseAddress 0000000000005a58     BaseXApicX2ApicLib:BaseXApicX2ApicLib.obj
 0005:000000c0       $unwind$CopyMem            0000000000005a60     BaseMemoryLibRepStr:CopyMemWrapper.obj
 0005:000000d4       $unwind$DebugPrint         0000000000005a74     BaseDebugLibSerialPort:DebugLib.obj
 0005:000000dc       $unwind$DebugPrintMarker   0000000000005a7c     BaseDebugLibSerialPort:DebugLib.obj
 0005:000000f0       $unwind$DebugAssert        0000000000005a90     BaseDebugLibSerialPort:DebugLib.obj
 0005:000000f8       $unwind$DivU64x32Remainder 0000000000005a98     BaseLib:DivU64x32Remainder.obj
 0005:000000f8       $unwind$PciCf8Read32       0000000000005a98     BasePciCf8Lib:PciCf8Lib.obj
 0005:000000f8       $unwind$GetHobList         0000000000005a98     DxeHobLib:HobLib.obj
 0005:000000f8       $unwind$InternalAcpiDelay  0000000000005a98     DxeAcpiTimerLib:AcpiTimerLib.obj
 0005:00000108       $unwind$AccessMsrTdxCall   0000000000005aa8     BaseXApicX2ApicLib:BaseXApicX2ApicLib.obj
 0005:00000110       $unwind$SendIpi            0000000000005ab0     BaseXApicX2ApicLib:BaseXApicX2ApicLib.obj
 0005:00000128       $unwind$CompareGuid        0000000000005ac8     BaseMemoryLibRepStr:MemLibGuid.obj
 0005:00000140       $unwind$AsciiSPrint        0000000000005ae0     BasePrintLib:PrintLib.obj
 0005:00000148       $unwind$BasePrintLibValueToString 0000000000005ae8     BasePrintLib:PrintLibInternal.obj
 0005:00000154       $unwind$BasePrintLibSPrintMarker 0000000000005af4     BasePrintLib:PrintLibInternal.obj
 0005:00000170       $unwind$BasePrintLibSPrint 0000000000005b10     BasePrintLib:PrintLibInternal.obj
 0005:00000178       $unwind$StandardSignatureIsAuthenticAMD 0000000000005b18     BaseUefiCpuLib:BaseUefiCpuLib.obj
